******************************************************************************
                  TI ARM Linker PC v15.12.3                    
******************************************************************************
>> Linked Sun Mar 12 22:09:22 2017

OUTPUT FILE NAME:   <hid_emu_kbd_cc2650em_app.out>
ENTRY POINT SYMBOL: "ResetISR"  address: 00005eb5


MEMORY CONFIGURATION

         name            origin    length      used     unused   attr    fill
----------------------  --------  ---------  --------  --------  ----  --------
  FLASH                 00000000   0000f000  0000973e  000058c2  R  X
  FLASH_LAST_PAGE       0001f000   00001000  00000058  00000fa8  R  X
  SRAM                  20000000   00004368  000031c9  0000119f  RW X


SEGMENT ALLOCATION MAP

run origin  load origin   length   init length attrs members
----------  ----------- ---------- ----------- ----- -------
00000000    00000000    00009744   00009744    r-x
  00000000    00000000    0000003c   0000003c    r-- .resetVecs
  0000003c    0000003c    000000c4   000000c4    r-x .text.1
  00000100    00000100    0000003c   0000003c    r-- .const:ti_sysbios_knl_Task_Object__PARAMS__C
  0000013c    0000013c    00000034   00000034    r-- .const:ti_sysbios_knl_Mailbox_Object__PARAMS__C
  00000170    00000170    00000030   00000030    r-- .const:ti_sysbios_family_arm_m3_Hwi_Object__PARAMS__C
  000001a0    000001a0    0000002c   0000002c    r-- .const:ti_sysbios_hal_Hwi_Object__PARAMS__C
  000001cc    000001cc    00000028   00000028    r-- .const:ti_sysbios_heaps_HeapMem_Module__FXNS__C
  000001f4    000001f4    00000028   00000028    r-- .const:ti_sysbios_knl_Swi_Object__PARAMS__C
  0000021c    0000021c    00000024   00000024    r-- .const:ti_sysbios_gates_GateHwi_Module__FXNS__C
  00000240    00000240    00000024   00000024    r-- .const:ti_sysbios_gates_GateMutex_Module__FXNS__C
  00000264    00000264    00000024   00000024    r-- .const:ti_sysbios_heaps_HeapMem_Object__PARAMS__C
  00000288    00000288    00000024   00000024    r-- .const:ti_sysbios_knl_Clock_Object__PARAMS__C
  000002ac    000002ac    00000024   00000024    r-- .const:ti_sysbios_knl_Semaphore_Object__PARAMS__C
  000002d0    000002d0    00000020   00000020    r-- .const:ti_sysbios_family_arm_m3_Hwi_Object__DESC__C
  000002f0    000002f0    00000020   00000020    r-- .const:ti_sysbios_gates_GateHwi_Object__DESC__C
  00000310    00000310    00000020   00000020    r-- .const:ti_sysbios_gates_GateMutex_Object__DESC__C
  00000330    00000330    00000020   00000020    r-- .const:ti_sysbios_hal_Hwi_Object__DESC__C
  00000350    00000350    00000020   00000020    r-- .const:ti_sysbios_heaps_HeapMem_Object__DESC__C
  00000370    00000370    00000020   00000020    r-- .const:ti_sysbios_knl_Clock_Object__DESC__C
  00000390    00000390    00000020   00000020    r-- .const:ti_sysbios_knl_Mailbox_Object__DESC__C
  000003b0    000003b0    00000020   00000020    r-- .const:ti_sysbios_knl_Queue_Object__DESC__C
  000003d0    000003d0    00000020   00000020    r-- .const:ti_sysbios_knl_Semaphore_Object__DESC__C
  000003f0    000003f0    00000020   00000020    r-- .const:ti_sysbios_knl_Swi_Object__DESC__C
  00000410    00000410    00000020   00000020    r-- .const:ti_sysbios_knl_Task_Object__DESC__C
  00000430    00000430    00000018   00000018    r-- .const:ti_sysbios_gates_GateHwi_Object__PARAMS__C
  00000448    00000448    00000018   00000018    r-- .const:ti_sysbios_gates_GateMutex_Object__PARAMS__C
  00000460    00000460    00000018   00000018    r-- .const:ti_sysbios_knl_Queue_Object__PARAMS__C
  00000478    00000478    00000008   00000008    r-- .const:ti_sysbios_knl_Idle_funcList__C
  00000480    00000480    00000004   00000004    r-x .text.2
  00000484    00000484    00000004   00000004    r-- .const:ti_sysbios_family_arm_cc26xx_Timer_startupNeeded__C
  00000488    00000488    00000004   00000004    r-- .const:ti_sysbios_family_arm_m3_Hwi_E_alreadyDefined__C
  0000048c    0000048c    00000004   00000004    r-- .const:ti_sysbios_family_arm_m3_Hwi_E_hwiLimitExceeded__C
  00000490    00000490    00000004   00000004    r-- .const:ti_sysbios_family_arm_m3_Hwi_NUM_INTERRUPTS__C
  00000494    00000494    00000004   00000004    r-- .const:ti_sysbios_family_arm_m3_Hwi_Object__count__C
  00000498    00000498    00000004   00000004    r-- .const:ti_sysbios_family_arm_m3_Hwi_Object__table__C
  0000049c    0000049c    00000004   00000004    r-- .const:ti_sysbios_family_arm_m3_Hwi_ccr__C
  000004a0    000004a0    00000004   00000004    r-- .const:ti_sysbios_family_arm_m3_Hwi_excHandlerFunc__C
  000004a4    000004a4    00000004   00000004    r-- .const:ti_sysbios_family_arm_m3_Hwi_nullIsrFunc__C
  000004a8    000004a8    00000004   00000004    r-- .const:ti_sysbios_family_arm_m3_Hwi_numSparseInterrupts__C
  000004ac    000004ac    00000004   00000004    r-- .const:ti_sysbios_family_arm_m3_Hwi_priGroup__C
  000004b0    000004b0    00000004   00000004    r-- .const:ti_sysbios_family_arm_m3_TaskSupport_stackAlignment__C
  000004b4    000004b4    00000004   00000004    r-- .const:ti_sysbios_heaps_HeapMem_E_memory__C
  000004b8    000004b8    00000004   00000004    r-- .const:ti_sysbios_heaps_HeapMem_Module__gateObj__C
  000004bc    000004bc    00000004   00000004    r-- .const:ti_sysbios_heaps_HeapMem_Object__count__C
  000004c0    000004c0    00000004   00000004    r-- .const:ti_sysbios_heaps_HeapMem_Object__table__C
  000004c4    000004c4    00000004   00000004    r-- .const:ti_sysbios_heaps_HeapMem_reqAlign__C
  000004c8    000004c8    00000004   00000004    r-- .const:ti_sysbios_knl_Clock_serviceMargin__C
  000004cc    000004cc    00000004   00000004    r-- .const:ti_sysbios_knl_Mailbox_Object__count__C
  000004d0    000004d0    00000004   00000004    r-- .const:ti_sysbios_knl_Mailbox_Object__table__C
  000004d4    000004d4    00000004   00000004    r-- .const:ti_sysbios_knl_Queue_Object__count__C
  000004d8    000004d8    00000004   00000004    r-- .const:ti_sysbios_knl_Queue_Object__table__C
  000004dc    000004dc    00000004   00000004    r-- .const:ti_sysbios_knl_Swi_Object__count__C
  000004e0    000004e0    00000004   00000004    r-- .const:ti_sysbios_knl_Swi_Object__table__C
  000004e4    000004e4    00000004   00000004    r-- .const:ti_sysbios_knl_Swi_numPriorities__C
  000004e8    000004e8    00000004   00000004    r-- .const:ti_sysbios_knl_Task_Object__count__C
  000004ec    000004ec    00000004   00000004    r-- .const:ti_sysbios_knl_Task_Object__table__C
  000004f0    000004f0    00000004   00000004    r-- .const:ti_sysbios_knl_Task_allBlockedFunc__C
  000004f4    000004f4    00000004   00000004    r-- .const:ti_sysbios_knl_Task_defaultStackHeap__C
  000004f8    000004f8    00000004   00000004    r-- .const:ti_sysbios_knl_Task_defaultStackSize__C
  000004fc    000004fc    00000004   00000004    r-- .const:ti_sysbios_knl_Task_numConstructedTasks__C
  00000500    00000500    00000002   00000002    r-x .text.3
  00000502    00000502    00000002   00000002    r-- .const:ti_sysbios_family_arm_cc26xx_Timer_Module__id__C
  00000504    00000504    00000002   00000002    r-- .const:ti_sysbios_family_arm_cc26xx_TimestampProvider_useClockTimer__C
  00000506    00000506    00000002   00000002    r-- .const:ti_sysbios_family_arm_m3_Hwi_Module__id__C
  00000508    00000508    00000002   00000002    r-- .const:ti_sysbios_gates_GateHwi_Module__id__C
  0000050a    0000050a    00000002   00000002    r-- .const:ti_sysbios_gates_GateMutex_Module__id__C
  0000050c    0000050c    00000002   00000002    r-- .const:ti_sysbios_heaps_HeapMem_Module__id__C
  0000050e    0000050e    00000002   00000002    r-- .const:ti_sysbios_knl_Task_initStackFlag__C
  00000510    00000510    00000001   00000001    r-- .const:ti_sysbios_knl_Clock_tickMode__C
  00000514    00000514    00000008   00000008    r-- .const:xdc_runtime_Startup_firstFxns__C
  0000051c    0000051c    00000008   00000008    r-- .const:xdc_runtime_Startup_lastFxns__C
  00000524    00000524    00000004   00000004    r-- .const:xdc_runtime_Assert_E_assertFailed__C
  00000528    00000528    00000004   00000004    r-- .const:xdc_runtime_Error_E_memory__C
  0000052c    0000052c    00000004   00000004    r-- .const:xdc_runtime_Error_policyFxn__C
  00000530    00000530    00000004   00000004    r-- .const:xdc_runtime_IGateProvider_Interface__BASE__C
  00000534    00000534    00000004   00000004    r-- .const:xdc_runtime_IHeap_Interface__BASE__C
  00000538    00000538    00000004   00000004    r-- .const:xdc_runtime_IModule_Interface__BASE__C
  0000053c    0000053c    00000004   00000004    r-- .const:xdc_runtime_Main_Module__diagsEnabled__C
  00000540    00000540    00000004   00000004    r-- .const:xdc_runtime_Main_Module__diagsIncluded__C
  00000544    00000544    00000004   00000004    r-- .const:xdc_runtime_Main_Module__diagsMask__C
  00000548    00000548    00000004   00000004    r-- .const:xdc_runtime_Memory_defaultHeapInstance__C
  0000054c    0000054c    00000004   00000004    r-- .const:xdc_runtime_Startup_execImpl__C
  00000550    00000550    00000004   00000004    r-- .const:xdc_runtime_Startup_maxPasses__C
  00000554    00000554    00000004   00000004    r-- .const:xdc_runtime_Startup_sfxnRts__C
  00000558    00000558    00000004   00000004    r-- .const:xdc_runtime_Startup_sfxnTab__C
  0000055c    0000055c    00000004   00000004    r-- .const:xdc_runtime_Startup_startModsFxn__C
  00000560    00000560    00000004   00000004    r-- .const:xdc_runtime_SysCallback_abortFxn__C
  00000564    00000564    00000004   00000004    r-- .const:xdc_runtime_SysCallback_exitFxn__C
  00000568    00000568    00000004   00000004    r-- .const:xdc_runtime_System_abortFxn__C
  0000056c    0000056c    00000004   00000004    r-- .const:xdc_runtime_System_exitFxn__C
  00000570    00000570    00000004   00000004    r-- .const:xdc_runtime_System_maxAtexitHandlers__C
  00000574    00000574    00000004   00000004    r-- .const:xdc_runtime_Text_charTab__C
  00000578    00000578    00000004   00000004    r-- .const:xdc_runtime_Text_nameEmpty__C
  0000057c    0000057c    00000004   00000004    r-- .const:xdc_runtime_Text_nameStatic__C
  00000580    00000580    00000004   00000004    r-- .const:xdc_runtime_Text_nameUnknown__C
  00000584    00000584    00000002   00000002    r-- .const:xdc_runtime_Main_Module__id__C
  00000586    00000586    00000002   00000002    r-- .const:xdc_runtime_Memory_Module__id__C
  00000588    00000588    00000002   00000002    r-- .const:xdc_runtime_Text_charCnt__C
  0000058a    0000058a    00000002   00000002    r-- .const:xdc_runtime_Text_isLoaded__C
  0000058c    0000058c    00000001   00000001    r-- .const:xdc_runtime_Error_policy__C
  00000590    00000590    00000004   00000004    r-- .const:ti_sysbios_rom_ROM_AONRTCChannelEnable
  00000594    00000594    00000004   00000004    r-- .const:ti_sysbios_rom_ROM_AONRTCCompareValueSet
  00000598    00000598    00000004   00000004    r-- .const:ti_sysbios_rom_ROM_AONRTCCurrentCompareValueGet
  0000059c    0000059c    00000004   00000004    r-- .const:ti_sysbios_rom_ROM_AONRTCEventClear
  000005a0    000005a0    00000004   00000004    r-- .const:ti_sysbios_rom_ROM_ti_sysbios_family_arm_cc26xx_Timer_getCount64__E
  000005a4    000005a4    00000004   00000004    r-- .const:ti_sysbios_rom_ROM_ti_sysbios_family_arm_cc26xx_Timer_getCurrentTick__E
  000005a8    000005a8    00000004   00000004    r-- .const:ti_sysbios_rom_ROM_ti_sysbios_family_arm_cc26xx_Timer_getMaxTicks__E
  000005ac    000005ac    00000004   00000004    r-- .const:ti_sysbios_rom_ROM_ti_sysbios_family_arm_cc26xx_Timer_initDevice__I
  000005b0    000005b0    00000004   00000004    r-- .const:ti_sysbios_rom_ROM_ti_sysbios_family_arm_cc26xx_Timer_setNextTick__E
  000005b4    000005b4    00000004   00000004    r-- .const:ti_sysbios_rom_ROM_ti_sysbios_family_arm_cc26xx_Timer_setThreshold__I
  000005b8    000005b8    00000004   00000004    r-- .const:ti_sysbios_rom_ROM_ti_sysbios_family_arm_cc26xx_Timer_start__E
  000005bc    000005bc    00000004   00000004    r-- .const:ti_sysbios_rom_ROM_ti_sysbios_family_arm_cc26xx_TimestampProvider_get32__E
  000005c0    000005c0    00000004   00000004    r-- .const:ti_sysbios_rom_ROM_xdc_runtime_Startup_getState__I
  000005c4    000005c4    00000004   00000004    r-- .const:ti_sysbios_rom_ROM_xdc_runtime_System_SupportProxy_abort__E
  000005c8    000005c8    00000004   00000004    r-- .const:ti_sysbios_rom_ROM_xdc_runtime_System_SupportProxy_exit__E
  000005cc    000005cc    00000004   00000004    r-- .const:ti_sysbios_gates_GateMutex_Instance_State_sem__O
  000005d0    000005d0    00000004   00000004    r-- .const:ti_sysbios_knl_Clock_Module_State_clockQ__O
  000005d4    000005d4    00000004   00000004    r-- .const:ti_sysbios_knl_Mailbox_Instance_State_dataQue__O
  000005d8    000005d8    00000004   00000004    r-- .const:ti_sysbios_knl_Mailbox_Instance_State_dataSem__O
  000005dc    000005dc    00000004   00000004    r-- .const:ti_sysbios_knl_Mailbox_Instance_State_freeQue__O
  000005e0    000005e0    00000004   00000004    r-- .const:ti_sysbios_knl_Mailbox_Instance_State_freeSem__O
  000005e4    000005e4    00000004   00000004    r-- .const:ti_sysbios_knl_Semaphore_Instance_State_pendQ__O
  000005e8    000005e8    00000004   00000004    r-- .const:ti_sysbios_knl_Task_Module_State_inactiveQ__O
  000005ec    000005ec    000083f4   000083f4    r-x .text.4
  000089e0    000089e0    00000390   00000390    r-- .const
  00008d70    00008d70    000009d4   000009d4    r-- .cinit
0001ffa8    0001ffa8    00000058   00000058    r--
  0001ffa8    0001ffa8    00000058   00000058    r-- .ccfg
20000000    20000000    000000c8   00000000    rw-
  20000000    20000000    000000c8   00000000    rw- .vecs
20000100    20000100    00002d05   00000000    rw-
  20000100    20000100    00000044   00000000    rw- .data:ti_sysbios_knl_Task_Module__state__V
  20000144    20000144    00000034   00000000    rw- .data:ti_sysbios_family_arm_m3_Hwi_Module__state__V
  20000178    20000178    0000002c   00000000    rw- .data:ti_sysbios_knl_Clock_Module__state__V
  200001a4    200001a4    00000024   00000000    rw- .data:ti_sysbios_BIOS_Module__state__V
  200001c8    200001c8    0000001c   00000000    rw- .data:ti_sysbios_knl_Swi_Module__state__V
  200001e4    200001e4    00000008   00000000    rw- .data:ti_sysbios_family_arm_cc26xx_Timer_Module__state__V
  200001ec    200001ec    00000004   00000000    rw- .data:ti_sysbios_family_arm_cc26xx_TimestampProvider_Module__state__V
  200001f0    200001f0    00000008   00000000    rw- .data:xdc_runtime_Startup_Module__state__V
  200001f8    200001f8    00000008   00000000    rw- .data:xdc_runtime_System_Module__state__V
  20000200    20000200    00000004   00000000    rw- .data:xdc_runtime_Memory_Module__state__V
  20000208    20000208    00001c49   00000000    rw- .data
  20001e58    20001e58    00000fad   00000000    rw- .bss
20003f68    20003f68    00000400   00000000    rw-
  20003f68    20003f68    00000400   00000000    rw- .stack


SECTION ALLOCATION MAP

 output                                  attributes/
section   page    origin      length       input sections
--------  ----  ----------  ----------   ----------------
.resetVecs 
*          0    00000000    0000003c     
                  00000000    0000003c     app_ble_pem3.oem3 (.resetVecs)

.text.1    0    0000003c    000000c4     
                  0000003c    000000b8     RF.obj (.text:fsmPowerUpState$8)
                  000000f4    00000008     (.tramp.ti_sysbios_family_arm_m3_Hwi_enableInterrupt__E.1)
                  000000fc    00000004     icall_api.obj (.text:GATTServApp_AddService)

.const:ti_sysbios_knl_Task_Object__PARAMS__C 
*          0    00000100    0000003c     
                  00000100    0000003c     app_ble_pem3.oem3 (.const:ti_sysbios_knl_Task_Object__PARAMS__C)

.const:ti_sysbios_knl_Mailbox_Object__PARAMS__C 
*          0    0000013c    00000034     
                  0000013c    00000034     app_ble_pem3.oem3 (.const:ti_sysbios_knl_Mailbox_Object__PARAMS__C)

.const:ti_sysbios_family_arm_m3_Hwi_Object__PARAMS__C 
*          0    00000170    00000030     
                  00000170    00000030     app_ble_pem3.oem3 (.const:ti_sysbios_family_arm_m3_Hwi_Object__PARAMS__C)

.const:ti_sysbios_hal_Hwi_Object__PARAMS__C 
*          0    000001a0    0000002c     
                  000001a0    0000002c     app_ble_pem3.oem3 (.const:ti_sysbios_hal_Hwi_Object__PARAMS__C)

.const:ti_sysbios_heaps_HeapMem_Module__FXNS__C 
*          0    000001cc    00000028     
                  000001cc    00000028     app_ble_pem3.oem3 (.const:ti_sysbios_heaps_HeapMem_Module__FXNS__C)

.const:ti_sysbios_knl_Swi_Object__PARAMS__C 
*          0    000001f4    00000028     
                  000001f4    00000028     app_ble_pem3.oem3 (.const:ti_sysbios_knl_Swi_Object__PARAMS__C)

.const:ti_sysbios_gates_GateHwi_Module__FXNS__C 
*          0    0000021c    00000024     
                  0000021c    00000024     app_ble_pem3.oem3 (.const:ti_sysbios_gates_GateHwi_Module__FXNS__C)

.const:ti_sysbios_gates_GateMutex_Module__FXNS__C 
*          0    00000240    00000024     
                  00000240    00000024     app_ble_pem3.oem3 (.const:ti_sysbios_gates_GateMutex_Module__FXNS__C)

.const:ti_sysbios_heaps_HeapMem_Object__PARAMS__C 
*          0    00000264    00000024     
                  00000264    00000024     app_ble_pem3.oem3 (.const:ti_sysbios_heaps_HeapMem_Object__PARAMS__C)

.const:ti_sysbios_knl_Clock_Object__PARAMS__C 
*          0    00000288    00000024     
                  00000288    00000024     app_ble_pem3.oem3 (.const:ti_sysbios_knl_Clock_Object__PARAMS__C)

.const:ti_sysbios_knl_Semaphore_Object__PARAMS__C 
*          0    000002ac    00000024     
                  000002ac    00000024     app_ble_pem3.oem3 (.const:ti_sysbios_knl_Semaphore_Object__PARAMS__C)

.const:ti_sysbios_family_arm_m3_Hwi_Object__DESC__C 
*          0    000002d0    00000020     
                  000002d0    00000020     app_ble_pem3.oem3 (.const:ti_sysbios_family_arm_m3_Hwi_Object__DESC__C)

.const:ti_sysbios_gates_GateHwi_Object__DESC__C 
*          0    000002f0    00000020     
                  000002f0    00000020     app_ble_pem3.oem3 (.const:ti_sysbios_gates_GateHwi_Object__DESC__C)

.const:ti_sysbios_gates_GateMutex_Object__DESC__C 
*          0    00000310    00000020     
                  00000310    00000020     app_ble_pem3.oem3 (.const:ti_sysbios_gates_GateMutex_Object__DESC__C)

.const:ti_sysbios_hal_Hwi_Object__DESC__C 
*          0    00000330    00000020     
                  00000330    00000020     app_ble_pem3.oem3 (.const:ti_sysbios_hal_Hwi_Object__DESC__C)

.const:ti_sysbios_heaps_HeapMem_Object__DESC__C 
*          0    00000350    00000020     
                  00000350    00000020     app_ble_pem3.oem3 (.const:ti_sysbios_heaps_HeapMem_Object__DESC__C)

.const:ti_sysbios_knl_Clock_Object__DESC__C 
*          0    00000370    00000020     
                  00000370    00000020     app_ble_pem3.oem3 (.const:ti_sysbios_knl_Clock_Object__DESC__C)

.const:ti_sysbios_knl_Mailbox_Object__DESC__C 
*          0    00000390    00000020     
                  00000390    00000020     app_ble_pem3.oem3 (.const:ti_sysbios_knl_Mailbox_Object__DESC__C)

.const:ti_sysbios_knl_Queue_Object__DESC__C 
*          0    000003b0    00000020     
                  000003b0    00000020     app_ble_pem3.oem3 (.const:ti_sysbios_knl_Queue_Object__DESC__C)

.const:ti_sysbios_knl_Semaphore_Object__DESC__C 
*          0    000003d0    00000020     
                  000003d0    00000020     app_ble_pem3.oem3 (.const:ti_sysbios_knl_Semaphore_Object__DESC__C)

.const:ti_sysbios_knl_Swi_Object__DESC__C 
*          0    000003f0    00000020     
                  000003f0    00000020     app_ble_pem3.oem3 (.const:ti_sysbios_knl_Swi_Object__DESC__C)

.const:ti_sysbios_knl_Task_Object__DESC__C 
*          0    00000410    00000020     
                  00000410    00000020     app_ble_pem3.oem3 (.const:ti_sysbios_knl_Task_Object__DESC__C)

.const:ti_sysbios_gates_GateHwi_Object__PARAMS__C 
*          0    00000430    00000018     
                  00000430    00000018     app_ble_pem3.oem3 (.const:ti_sysbios_gates_GateHwi_Object__PARAMS__C)

.const:ti_sysbios_gates_GateMutex_Object__PARAMS__C 
*          0    00000448    00000018     
                  00000448    00000018     app_ble_pem3.oem3 (.const:ti_sysbios_gates_GateMutex_Object__PARAMS__C)

.const:ti_sysbios_knl_Queue_Object__PARAMS__C 
*          0    00000460    00000018     
                  00000460    00000018     app_ble_pem3.oem3 (.const:ti_sysbios_knl_Queue_Object__PARAMS__C)

.const:ti_sysbios_knl_Idle_funcList__C 
*          0    00000478    00000008     
                  00000478    00000008     app_ble_pem3.oem3 (.const:ti_sysbios_knl_Idle_funcList__C)

.text.2    0    00000480    00000004     
                  00000480    00000004     hidemukbd.obj (.text:HidEmuKbd_keyPressHandler$2)

.const:ti_sysbios_family_arm_cc26xx_Timer_startupNeeded__C 
*          0    00000484    00000004     
                  00000484    00000004     app_ble_pem3.oem3 (.const:ti_sysbios_family_arm_cc26xx_Timer_startupNeeded__C)

.const:ti_sysbios_family_arm_m3_Hwi_E_alreadyDefined__C 
*          0    00000488    00000004     
                  00000488    00000004     app_ble_pem3.oem3 (.const:ti_sysbios_family_arm_m3_Hwi_E_alreadyDefined__C)

.const:ti_sysbios_family_arm_m3_Hwi_E_hwiLimitExceeded__C 
*          0    0000048c    00000004     
                  0000048c    00000004     app_ble_pem3.oem3 (.const:ti_sysbios_family_arm_m3_Hwi_E_hwiLimitExceeded__C)

.const:ti_sysbios_family_arm_m3_Hwi_NUM_INTERRUPTS__C 
*          0    00000490    00000004     
                  00000490    00000004     app_ble_pem3.oem3 (.const:ti_sysbios_family_arm_m3_Hwi_NUM_INTERRUPTS__C)

.const:ti_sysbios_family_arm_m3_Hwi_Object__count__C 
*          0    00000494    00000004     
                  00000494    00000004     app_ble_pem3.oem3 (.const:ti_sysbios_family_arm_m3_Hwi_Object__count__C)

.const:ti_sysbios_family_arm_m3_Hwi_Object__table__C 
*          0    00000498    00000004     
                  00000498    00000004     app_ble_pem3.oem3 (.const:ti_sysbios_family_arm_m3_Hwi_Object__table__C)

.const:ti_sysbios_family_arm_m3_Hwi_ccr__C 
*          0    0000049c    00000004     
                  0000049c    00000004     app_ble_pem3.oem3 (.const:ti_sysbios_family_arm_m3_Hwi_ccr__C)

.const:ti_sysbios_family_arm_m3_Hwi_excHandlerFunc__C 
*          0    000004a0    00000004     
                  000004a0    00000004     app_ble_pem3.oem3 (.const:ti_sysbios_family_arm_m3_Hwi_excHandlerFunc__C)

.const:ti_sysbios_family_arm_m3_Hwi_nullIsrFunc__C 
*          0    000004a4    00000004     
                  000004a4    00000004     app_ble_pem3.oem3 (.const:ti_sysbios_family_arm_m3_Hwi_nullIsrFunc__C)

.const:ti_sysbios_family_arm_m3_Hwi_numSparseInterrupts__C 
*          0    000004a8    00000004     
                  000004a8    00000004     app_ble_pem3.oem3 (.const:ti_sysbios_family_arm_m3_Hwi_numSparseInterrupts__C)

.const:ti_sysbios_family_arm_m3_Hwi_priGroup__C 
*          0    000004ac    00000004     
                  000004ac    00000004     app_ble_pem3.oem3 (.const:ti_sysbios_family_arm_m3_Hwi_priGroup__C)

.const:ti_sysbios_family_arm_m3_TaskSupport_stackAlignment__C 
*          0    000004b0    00000004     
                  000004b0    00000004     app_ble_pem3.oem3 (.const:ti_sysbios_family_arm_m3_TaskSupport_stackAlignment__C)

.const:ti_sysbios_heaps_HeapMem_E_memory__C 
*          0    000004b4    00000004     
                  000004b4    00000004     app_ble_pem3.oem3 (.const:ti_sysbios_heaps_HeapMem_E_memory__C)

.const:ti_sysbios_heaps_HeapMem_Module__gateObj__C 
*          0    000004b8    00000004     
                  000004b8    00000004     app_ble_pem3.oem3 (.const:ti_sysbios_heaps_HeapMem_Module__gateObj__C)

.const:ti_sysbios_heaps_HeapMem_Object__count__C 
*          0    000004bc    00000004     
                  000004bc    00000004     app_ble_pem3.oem3 (.const:ti_sysbios_heaps_HeapMem_Object__count__C)

.const:ti_sysbios_heaps_HeapMem_Object__table__C 
*          0    000004c0    00000004     
                  000004c0    00000004     app_ble_pem3.oem3 (.const:ti_sysbios_heaps_HeapMem_Object__table__C)

.const:ti_sysbios_heaps_HeapMem_reqAlign__C 
*          0    000004c4    00000004     
                  000004c4    00000004     app_ble_pem3.oem3 (.const:ti_sysbios_heaps_HeapMem_reqAlign__C)

.const:ti_sysbios_knl_Clock_serviceMargin__C 
*          0    000004c8    00000004     
                  000004c8    00000004     app_ble_pem3.oem3 (.const:ti_sysbios_knl_Clock_serviceMargin__C)

.const:ti_sysbios_knl_Mailbox_Object__count__C 
*          0    000004cc    00000004     
                  000004cc    00000004     app_ble_pem3.oem3 (.const:ti_sysbios_knl_Mailbox_Object__count__C)

.const:ti_sysbios_knl_Mailbox_Object__table__C 
*          0    000004d0    00000004     
                  000004d0    00000004     app_ble_pem3.oem3 (.const:ti_sysbios_knl_Mailbox_Object__table__C)

.const:ti_sysbios_knl_Queue_Object__count__C 
*          0    000004d4    00000004     
                  000004d4    00000004     app_ble_pem3.oem3 (.const:ti_sysbios_knl_Queue_Object__count__C)

.const:ti_sysbios_knl_Queue_Object__table__C 
*          0    000004d8    00000004     
                  000004d8    00000004     app_ble_pem3.oem3 (.const:ti_sysbios_knl_Queue_Object__table__C)

.const:ti_sysbios_knl_Swi_Object__count__C 
*          0    000004dc    00000004     
                  000004dc    00000004     app_ble_pem3.oem3 (.const:ti_sysbios_knl_Swi_Object__count__C)

.const:ti_sysbios_knl_Swi_Object__table__C 
*          0    000004e0    00000004     
                  000004e0    00000004     app_ble_pem3.oem3 (.const:ti_sysbios_knl_Swi_Object__table__C)

.const:ti_sysbios_knl_Swi_numPriorities__C 
*          0    000004e4    00000004     
                  000004e4    00000004     app_ble_pem3.oem3 (.const:ti_sysbios_knl_Swi_numPriorities__C)

.const:ti_sysbios_knl_Task_Object__count__C 
*          0    000004e8    00000004     
                  000004e8    00000004     app_ble_pem3.oem3 (.const:ti_sysbios_knl_Task_Object__count__C)

.const:ti_sysbios_knl_Task_Object__table__C 
*          0    000004ec    00000004     
                  000004ec    00000004     app_ble_pem3.oem3 (.const:ti_sysbios_knl_Task_Object__table__C)

.const:ti_sysbios_knl_Task_allBlockedFunc__C 
*          0    000004f0    00000004     
                  000004f0    00000004     app_ble_pem3.oem3 (.const:ti_sysbios_knl_Task_allBlockedFunc__C)

.const:ti_sysbios_knl_Task_defaultStackHeap__C 
*          0    000004f4    00000004     
                  000004f4    00000004     app_ble_pem3.oem3 (.const:ti_sysbios_knl_Task_defaultStackHeap__C)

.const:ti_sysbios_knl_Task_defaultStackSize__C 
*          0    000004f8    00000004     
                  000004f8    00000004     app_ble_pem3.oem3 (.const:ti_sysbios_knl_Task_defaultStackSize__C)

.const:ti_sysbios_knl_Task_numConstructedTasks__C 
*          0    000004fc    00000004     
                  000004fc    00000004     app_ble_pem3.oem3 (.const:ti_sysbios_knl_Task_numConstructedTasks__C)

.text.3    0    00000500    00000002     
                  00000500    00000002     ble_user_config.obj (.text:DefaultAssertCback)

.const:ti_sysbios_family_arm_cc26xx_Timer_Module__id__C 
*          0    00000502    00000002     
                  00000502    00000002     app_ble_pem3.oem3 (.const:ti_sysbios_family_arm_cc26xx_Timer_Module__id__C)

.const:ti_sysbios_family_arm_cc26xx_TimestampProvider_useClockTimer__C 
*          0    00000504    00000002     
                  00000504    00000002     app_ble_pem3.oem3 (.const:ti_sysbios_family_arm_cc26xx_TimestampProvider_useClockTimer__C)

.const:ti_sysbios_family_arm_m3_Hwi_Module__id__C 
*          0    00000506    00000002     
                  00000506    00000002     app_ble_pem3.oem3 (.const:ti_sysbios_family_arm_m3_Hwi_Module__id__C)

.const:ti_sysbios_gates_GateHwi_Module__id__C 
*          0    00000508    00000002     
                  00000508    00000002     app_ble_pem3.oem3 (.const:ti_sysbios_gates_GateHwi_Module__id__C)

.const:ti_sysbios_gates_GateMutex_Module__id__C 
*          0    0000050a    00000002     
                  0000050a    00000002     app_ble_pem3.oem3 (.const:ti_sysbios_gates_GateMutex_Module__id__C)

.const:ti_sysbios_heaps_HeapMem_Module__id__C 
*          0    0000050c    00000002     
                  0000050c    00000002     app_ble_pem3.oem3 (.const:ti_sysbios_heaps_HeapMem_Module__id__C)

.const:ti_sysbios_knl_Task_initStackFlag__C 
*          0    0000050e    00000002     
                  0000050e    00000002     app_ble_pem3.oem3 (.const:ti_sysbios_knl_Task_initStackFlag__C)

.const:ti_sysbios_knl_Clock_tickMode__C 
*          0    00000510    00000001     
                  00000510    00000001     app_ble_pem3.oem3 (.const:ti_sysbios_knl_Clock_tickMode__C)

.const:xdc_runtime_Startup_firstFxns__C 
*          0    00000514    00000008     
                  00000514    00000008     app_ble_pem3.oem3 (.const:xdc_runtime_Startup_firstFxns__C)

.const:xdc_runtime_Startup_lastFxns__C 
*          0    0000051c    00000008     
                  0000051c    00000008     app_ble_pem3.oem3 (.const:xdc_runtime_Startup_lastFxns__C)

.const:xdc_runtime_Assert_E_assertFailed__C 
*          0    00000524    00000004     
                  00000524    00000004     app_ble_pem3.oem3 (.const:xdc_runtime_Assert_E_assertFailed__C)

.const:xdc_runtime_Error_E_memory__C 
*          0    00000528    00000004     
                  00000528    00000004     app_ble_pem3.oem3 (.const:xdc_runtime_Error_E_memory__C)

.const:xdc_runtime_Error_policyFxn__C 
*          0    0000052c    00000004     
                  0000052c    00000004     app_ble_pem3.oem3 (.const:xdc_runtime_Error_policyFxn__C)

.const:xdc_runtime_IGateProvider_Interface__BASE__C 
*          0    00000530    00000004     
                  00000530    00000004     app_ble_pem3.oem3 (.const:xdc_runtime_IGateProvider_Interface__BASE__C)

.const:xdc_runtime_IHeap_Interface__BASE__C 
*          0    00000534    00000004     
                  00000534    00000004     app_ble_pem3.oem3 (.const:xdc_runtime_IHeap_Interface__BASE__C)

.const:xdc_runtime_IModule_Interface__BASE__C 
*          0    00000538    00000004     
                  00000538    00000004     app_ble_pem3.oem3 (.const:xdc_runtime_IModule_Interface__BASE__C)

.const:xdc_runtime_Main_Module__diagsEnabled__C 
*          0    0000053c    00000004     
                  0000053c    00000004     app_ble_pem3.oem3 (.const:xdc_runtime_Main_Module__diagsEnabled__C)

.const:xdc_runtime_Main_Module__diagsIncluded__C 
*          0    00000540    00000004     
                  00000540    00000004     app_ble_pem3.oem3 (.const:xdc_runtime_Main_Module__diagsIncluded__C)

.const:xdc_runtime_Main_Module__diagsMask__C 
*          0    00000544    00000004     
                  00000544    00000004     app_ble_pem3.oem3 (.const:xdc_runtime_Main_Module__diagsMask__C)

.const:xdc_runtime_Memory_defaultHeapInstance__C 
*          0    00000548    00000004     
                  00000548    00000004     app_ble_pem3.oem3 (.const:xdc_runtime_Memory_defaultHeapInstance__C)

.const:xdc_runtime_Startup_execImpl__C 
*          0    0000054c    00000004     
                  0000054c    00000004     app_ble_pem3.oem3 (.const:xdc_runtime_Startup_execImpl__C)

.const:xdc_runtime_Startup_maxPasses__C 
*          0    00000550    00000004     
                  00000550    00000004     app_ble_pem3.oem3 (.const:xdc_runtime_Startup_maxPasses__C)

.const:xdc_runtime_Startup_sfxnRts__C 
*          0    00000554    00000004     
                  00000554    00000004     app_ble_pem3.oem3 (.const:xdc_runtime_Startup_sfxnRts__C)

.const:xdc_runtime_Startup_sfxnTab__C 
*          0    00000558    00000004     
                  00000558    00000004     app_ble_pem3.oem3 (.const:xdc_runtime_Startup_sfxnTab__C)

.const:xdc_runtime_Startup_startModsFxn__C 
*          0    0000055c    00000004     
                  0000055c    00000004     app_ble_pem3.oem3 (.const:xdc_runtime_Startup_startModsFxn__C)

.const:xdc_runtime_SysCallback_abortFxn__C 
*          0    00000560    00000004     
                  00000560    00000004     app_ble_pem3.oem3 (.const:xdc_runtime_SysCallback_abortFxn__C)

.const:xdc_runtime_SysCallback_exitFxn__C 
*          0    00000564    00000004     
                  00000564    00000004     app_ble_pem3.oem3 (.const:xdc_runtime_SysCallback_exitFxn__C)

.const:xdc_runtime_System_abortFxn__C 
*          0    00000568    00000004     
                  00000568    00000004     app_ble_pem3.oem3 (.const:xdc_runtime_System_abortFxn__C)

.const:xdc_runtime_System_exitFxn__C 
*          0    0000056c    00000004     
                  0000056c    00000004     app_ble_pem3.oem3 (.const:xdc_runtime_System_exitFxn__C)

.const:xdc_runtime_System_maxAtexitHandlers__C 
*          0    00000570    00000004     
                  00000570    00000004     app_ble_pem3.oem3 (.const:xdc_runtime_System_maxAtexitHandlers__C)

.const:xdc_runtime_Text_charTab__C 
*          0    00000574    00000004     
                  00000574    00000004     app_ble_pem3.oem3 (.const:xdc_runtime_Text_charTab__C)

.const:xdc_runtime_Text_nameEmpty__C 
*          0    00000578    00000004     
                  00000578    00000004     app_ble_pem3.oem3 (.const:xdc_runtime_Text_nameEmpty__C)

.const:xdc_runtime_Text_nameStatic__C 
*          0    0000057c    00000004     
                  0000057c    00000004     app_ble_pem3.oem3 (.const:xdc_runtime_Text_nameStatic__C)

.const:xdc_runtime_Text_nameUnknown__C 
*          0    00000580    00000004     
                  00000580    00000004     app_ble_pem3.oem3 (.const:xdc_runtime_Text_nameUnknown__C)

.const:xdc_runtime_Main_Module__id__C 
*          0    00000584    00000002     
                  00000584    00000002     app_ble_pem3.oem3 (.const:xdc_runtime_Main_Module__id__C)

.const:xdc_runtime_Memory_Module__id__C 
*          0    00000586    00000002     
                  00000586    00000002     app_ble_pem3.oem3 (.const:xdc_runtime_Memory_Module__id__C)

.const:xdc_runtime_Text_charCnt__C 
*          0    00000588    00000002     
                  00000588    00000002     app_ble_pem3.oem3 (.const:xdc_runtime_Text_charCnt__C)

.const:xdc_runtime_Text_isLoaded__C 
*          0    0000058a    00000002     
                  0000058a    00000002     app_ble_pem3.oem3 (.const:xdc_runtime_Text_isLoaded__C)

.const:xdc_runtime_Error_policy__C 
*          0    0000058c    00000001     
                  0000058c    00000001     app_ble_pem3.oem3 (.const:xdc_runtime_Error_policy__C)

.const:ti_sysbios_rom_ROM_AONRTCChannelEnable 
*          0    00000590    00000004     
                  00000590    00000004     app_ble_pem3.oem3 (.const:ti_sysbios_rom_ROM_AONRTCChannelEnable)

.const:ti_sysbios_rom_ROM_AONRTCCompareValueSet 
*          0    00000594    00000004     
                  00000594    00000004     app_ble_pem3.oem3 (.const:ti_sysbios_rom_ROM_AONRTCCompareValueSet)

.const:ti_sysbios_rom_ROM_AONRTCCurrentCompareValueGet 
*          0    00000598    00000004     
                  00000598    00000004     app_ble_pem3.oem3 (.const:ti_sysbios_rom_ROM_AONRTCCurrentCompareValueGet)

.const:ti_sysbios_rom_ROM_AONRTCEventClear 
*          0    0000059c    00000004     
                  0000059c    00000004     app_ble_pem3.oem3 (.const:ti_sysbios_rom_ROM_AONRTCEventClear)

.const:ti_sysbios_rom_ROM_ti_sysbios_family_arm_cc26xx_Timer_getCount64__E 
*          0    000005a0    00000004     
                  000005a0    00000004     app_ble_pem3.oem3 (.const:ti_sysbios_rom_ROM_ti_sysbios_family_arm_cc26xx_Timer_getCount64__E)

.const:ti_sysbios_rom_ROM_ti_sysbios_family_arm_cc26xx_Timer_getCurrentTick__E 
*          0    000005a4    00000004     
                  000005a4    00000004     app_ble_pem3.oem3 (.const:ti_sysbios_rom_ROM_ti_sysbios_family_arm_cc26xx_Timer_getCurrentTick__E)

.const:ti_sysbios_rom_ROM_ti_sysbios_family_arm_cc26xx_Timer_getMaxTicks__E 
*          0    000005a8    00000004     
                  000005a8    00000004     app_ble_pem3.oem3 (.const:ti_sysbios_rom_ROM_ti_sysbios_family_arm_cc26xx_Timer_getMaxTicks__E)

.const:ti_sysbios_rom_ROM_ti_sysbios_family_arm_cc26xx_Timer_initDevice__I 
*          0    000005ac    00000004     
                  000005ac    00000004     app_ble_pem3.oem3 (.const:ti_sysbios_rom_ROM_ti_sysbios_family_arm_cc26xx_Timer_initDevice__I)

.const:ti_sysbios_rom_ROM_ti_sysbios_family_arm_cc26xx_Timer_setNextTick__E 
*          0    000005b0    00000004     
                  000005b0    00000004     app_ble_pem3.oem3 (.const:ti_sysbios_rom_ROM_ti_sysbios_family_arm_cc26xx_Timer_setNextTick__E)

.const:ti_sysbios_rom_ROM_ti_sysbios_family_arm_cc26xx_Timer_setThreshold__I 
*          0    000005b4    00000004     
                  000005b4    00000004     app_ble_pem3.oem3 (.const:ti_sysbios_rom_ROM_ti_sysbios_family_arm_cc26xx_Timer_setThreshold__I)

.const:ti_sysbios_rom_ROM_ti_sysbios_family_arm_cc26xx_Timer_start__E 
*          0    000005b8    00000004     
                  000005b8    00000004     app_ble_pem3.oem3 (.const:ti_sysbios_rom_ROM_ti_sysbios_family_arm_cc26xx_Timer_start__E)

.const:ti_sysbios_rom_ROM_ti_sysbios_family_arm_cc26xx_TimestampProvider_get32__E 
*          0    000005bc    00000004     
                  000005bc    00000004     app_ble_pem3.oem3 (.const:ti_sysbios_rom_ROM_ti_sysbios_family_arm_cc26xx_TimestampProvider_get32__E)

.const:ti_sysbios_rom_ROM_xdc_runtime_Startup_getState__I 
*          0    000005c0    00000004     
                  000005c0    00000004     app_ble_pem3.oem3 (.const:ti_sysbios_rom_ROM_xdc_runtime_Startup_getState__I)

.const:ti_sysbios_rom_ROM_xdc_runtime_System_SupportProxy_abort__E 
*          0    000005c4    00000004     
                  000005c4    00000004     app_ble_pem3.oem3 (.const:ti_sysbios_rom_ROM_xdc_runtime_System_SupportProxy_abort__E)

.const:ti_sysbios_rom_ROM_xdc_runtime_System_SupportProxy_exit__E 
*          0    000005c8    00000004     
                  000005c8    00000004     app_ble_pem3.oem3 (.const:ti_sysbios_rom_ROM_xdc_runtime_System_SupportProxy_exit__E)

.const:ti_sysbios_gates_GateMutex_Instance_State_sem__O 
*          0    000005cc    00000004     
                  000005cc    00000004     app_ble_pem3.oem3 (.const:ti_sysbios_gates_GateMutex_Instance_State_sem__O)

.const:ti_sysbios_knl_Clock_Module_State_clockQ__O 
*          0    000005d0    00000004     
                  000005d0    00000004     app_ble_pem3.oem3 (.const:ti_sysbios_knl_Clock_Module_State_clockQ__O)

.const:ti_sysbios_knl_Mailbox_Instance_State_dataQue__O 
*          0    000005d4    00000004     
                  000005d4    00000004     app_ble_pem3.oem3 (.const:ti_sysbios_knl_Mailbox_Instance_State_dataQue__O)

.const:ti_sysbios_knl_Mailbox_Instance_State_dataSem__O 
*          0    000005d8    00000004     
                  000005d8    00000004     app_ble_pem3.oem3 (.const:ti_sysbios_knl_Mailbox_Instance_State_dataSem__O)

.const:ti_sysbios_knl_Mailbox_Instance_State_freeQue__O 
*          0    000005dc    00000004     
                  000005dc    00000004     app_ble_pem3.oem3 (.const:ti_sysbios_knl_Mailbox_Instance_State_freeQue__O)

.const:ti_sysbios_knl_Mailbox_Instance_State_freeSem__O 
*          0    000005e0    00000004     
                  000005e0    00000004     app_ble_pem3.oem3 (.const:ti_sysbios_knl_Mailbox_Instance_State_freeSem__O)

.const:ti_sysbios_knl_Semaphore_Instance_State_pendQ__O 
*          0    000005e4    00000004     
                  000005e4    00000004     app_ble_pem3.oem3 (.const:ti_sysbios_knl_Semaphore_Instance_State_pendQ__O)

.const:ti_sysbios_knl_Task_Module_State_inactiveQ__O 
*          0    000005e8    00000004     
                  000005e8    00000004     app_ble_pem3.oem3 (.const:ti_sysbios_knl_Task_Module_State_inactiveQ__O)

.text.4    0    000005ec    000083f4     
                  000005ec    000003d4     driverlib.lib : setup.obj (.text:HapiTrimDeviceShutDown$61)
                  000009c0    00000338     rom_sysbios.aem3 : rom_sysbios.obj (.text:xdc_runtime_System_doPrint__I)
                  00000cf8    000002b4     RF.obj (.text:fsmActiveState$8)
                  00000fac    0000023c     peripheral.obj (.text:GAPRole_SetParameter)
                  000011e8    0000023c     peripheral.obj (.text:gapRole_processGAPMsg$24)
                  00001424    00000228     drivers_cc26xxware.aem3 : PowerCC26XX.oem3 (.text:Power_sleep)
                  0000164c    00000204     driverlib.lib : sys_ctrl.obj (.text:SysCtrlSetRechargeBeforePowerDown)
                  00001850    000001f4     rtsv7M3_T_le_eabi.lib : ull_div_t2.obj (.text)
                  00001a44    000001f0     RF.obj (.text:abortCmd$8)
                  00001c34    000001d0     drivers_cc26xxware.aem3 : PowerCC26XX_calibrateRCOSC.oem3 (.text:calibrateRcoscHf1)
                  00001e04    000001c4     PINCC26XX.obj (.text:PIN_init)
                  00001fc8    000001a0     RF.obj (.text:RF_postCmd)
                  00002168    00000180     drivers_cc26xxware.aem3 : PowerCC26XX_calibrateRCOSC.oem3 (.text:PowerCC26XX_doCalibrate)
                  000022e8    00000140     hidemukbd.obj (.text:HidEmuKbd_init$2)
                  00002428    0000012c     RF.obj (.text:fsmSetupState$8)
                  00002554    00000118     drivers_cc26xxware.aem3 : PowerCC26XX.oem3 (.text:Power_init)
                  0000266c    00000114     hiddev.obj (.text:HidDev_WriteAttrCB)
                  00002780    00000110     hidkbdservice.obj (.text:HidKbd_AddService)
                  00002890    00000110     RF.obj (.text:hwiFxnCpe0Active$8)
                  000029a0    000000fc     peripheral.obj (.text:gapRole_taskFxn$24)
                  00002a9c    000000fc     Keyboard.obj (.text:rxCallback$0)
                  00002b98    000000f8     RF.obj (.text:rf_init$8)
                  00002c90    000000f8     app_ble_pem3.oem3 (.text:xdc_runtime_System_printfExtend__I)
                  00002d88    000000ec     icall.obj (.text:ICall_primWaitMatch$14)
                  00002e74    000000e0     hiddev.obj (.text:HidDev_ReadAttrCB)
                  00002f54    000000e0     hiddev.obj (.text:HidDev_taskFxn$22)
                  00003034    000000d4     drivers_cc26xxware.aem3 : PowerCC26XX.oem3 (.text:Power_releaseDependency)
                  00003108    000000d0                             : PowerCC26XX.oem3 (.text:Power_setDependency)
                  000031d8    000000cc     RF.obj (.text:RF_close)
                  000032a4    000000c0     Keyboard.obj (.text:keyboardTx)
                  00003364    000000c0     RF.obj (.text:swiFxnHw$8)
                  00003424    000000bc     power_cc26xx_tirtos.aem3 : PowerCC26XX_tirtos.oem3 (.text:PowerCC26XX_standbyPolicy)
                  000034e0    000000b8     RF.obj (.text:RF_open)
                  00003598    000000b4     PINCC26XX.obj (.text:PINCC26XX_setIoCfg$7)
                  0000364c    000000b4     Keyboard.obj (.text:rxCompleteCallback)
                  00003700    000000b0     RF.obj (.text:RF_pendCmd)
                  000037b0    000000b0     devinfoservice.obj (.text:devInfo_ReadAttrCB$19)
                  00003860    000000a0     RF.obj (.text:RF_ratCapture)
                  00003900    000000a0     auto_init.aem3 : auto_init.oem3 (.text)
                  000039a0    000000a0     peripheral.obj (.text:gapRole_init$24)
                  00003a40    000000a0     driverlib.lib : setup.obj (.text:trimDevice)
                  00003ae0    0000009c     rtsv7M3_T_le_eabi.lib : memcpy_t2.obj (.text)
                  00003b7c    0000009a     rom_sysbios.aem3 : rom_sysbios.obj (.text:xdc_runtime_Text_putSite__E)
                  00003c16    00000002     hiddev.obj (.text:HidDev_scanParamCB$22)
                  00003c18    00000098     PINCC26XX.obj (.text:PIN_open)
                  00003cb0    00000098     rom_sysbios.aem3 : rom_sysbios.obj (.text:ti_sysbios_knl_Clock_workFuncDynamic__E)
                  00003d48    00000094                      : rom_sysbios.obj (.text:xdc_runtime_Text_putMod__E)
                  00003ddc    00000090     drivers_cc26xxware.aem3 : PowerCC26XX.oem3 (.text:switchXOSCHFclockFunc)
                  00003e6c    00000088     driverlib.lib : osc.obj (.text:OSCHF_GetStartupTime)
                  00003ef4    00000084     icall.obj (.text:ICall_heapMalloc)
                  00003f78    00000084     icall.obj (.text:ICall_primSetTimer$14)
                  00003ffc    0000007c     hiddev.obj (.text:HidDev_processStateChangeEvt$22)
                  00004078    0000007c     hidemukbd.obj (.text:HidEmuKbd_processAppMsg$2)
                  000040f4    0000007c     RF.obj (.text:RF_ratDisableChannel)
                  00004170    0000007c     drivers_cc26xxware.aem3 : PowerCC26XX.oem3 (.text:disableLFClockQualifiers)
                  000041ec    0000007c     Keyboard.obj (.text:txCallback$0)
                  00004268    0000007a     rtsv7M3_T_le_eabi.lib : memset_t2.obj (.text)
                  000042e2    00000002     hidemukbd.obj (.text:HidEmuKbd_hidEventCB$2)
                  000042e4    00000078     Keyboard.obj (.text:startTx)
                  0000435c    00000074     hiddev.obj (.text:HidDev_processPairStateEvt$22)
                  000043d0    00000074     icall_cc2650.obj (.text:ICallPlatform_pwrUpdActivityCounter)
                  00004444    00000074     icall.obj (.text:ICall_primSend$14)
                  000044b8    00000074     drivers_cc26xxware.aem3 : PowerCC26XX_calibrateRCOSC.oem3 (.text:PowerCC26XX_auxISR)
                  0000452c    00000074                             : PowerCC26XX_calibrateRCOSC.oem3 (.text:calibrateRcoscHf2)
                  000045a0    00000074     peripheral.obj (.text:gapRole_startConnUpdate$24)
                  00004614    00000070     driverlib.lib : chipinfo.obj (.text:ChipInfo_GetHwRevision)
                  00004684    00000070     hiddev.obj (.text:HidDev_init$22)
                  000046f4    0000006d     rom_sysbios.aem3 : rom_sysbios.obj (.text:xdc_runtime_System_formatNum__I)
                  00004761    00000001     --HOLE-- [fill = 0]
                  00004762    00000002     drivers_cc26xxware.aem3 : PowerCC26XX.oem3 (.text:emptyClockFunc)
                  00004764    0000006c     driverlib.lib : setup.obj (.text:GetTrimForAmpcompCtrl$61)
                  000047d0    0000006c     hiddev.obj (.text:HidDev_sendReport$22)
                  0000483c    0000006c     icall.obj (.text:ICall_createRemoteTasks)
                  000048a8    0000006c     icall.obj (.text:ICall_heapInit)
                  00004914    0000006c     drivers_cc26xxware.aem3 : PowerCC26XX.oem3 (.text:PowerCC26XX_calibrate)
                  00004980    0000006c     RF.obj (.text:RF_yield)
                  000049ec    0000006a     rtsv7M3_T_le_eabi.lib : copy_decompress_rle.obj (.text)
                  00004a56    00000002                           : i_div0.obj (.text)
                  00004a58    00000068     hiddev.obj (.text:HidDev_enqueueReport$22)
                  00004ac0    00000068     hidemukbd.obj (.text:HidEmuKbd_taskFxn$2)
                  00004b28    00000068     driverlib.lib : sys_ctrl.obj (.text:SysCtrl_DCDC_VoltageConditionalControl)
                  00004b90    00000068     RF.obj (.text:fsmPowerDownState$8)
                  00004bf8    00000068     rtsv7M3_T_le_eabi.lib : trgmsg.obj (.text)
                  00004c60    00000064     driverlib.lib : setup.obj (.text:GetTrimForAnabypassValue1$61)
                  00004cc4    00000064     RF.obj (.text:fsmPatchState$8)
                  00004d28    00000064     rom_sysbios.aem3 : rom_sysbios.obj (.text:ti_sysbios_family_arm_cc26xx_Timer_start__E)
                  00004d8c    00000060     icall.obj (.text:ICall_primEnroll$14)
                  00004dec    00000060     RF.obj (.text:RF_getCurrentTime)
                  00004e4c    00000060     RF.obj (.text:RF_ratCompare)
                  00004eac    00000060     battservice.obj (.text:battReadAttrCB$18)
                  00004f0c    00000060     Keyboard.obj (.text:taskFxn)
                  00004f6c    00000060     drivers_cc26xxware.aem3 : PowerCC26XX_calibrateRCOSC.oem3 (.text:updateSubSecInc)
                  00004fcc    0000005c     icall.obj (.text:ICall_primThreadServes$14)
                  00005028    0000005c     driverlib.lib : osc.obj (.text:OSCHF_AttemptToSwitchToXosc)
                  00005084    0000005c     drivers_cc26xxware.aem3 : PowerCC26XX_calibrateRCOSC.oem3 (.text:PowerCC26XX_RCOSC_clockFunc)
                  000050e0    0000005c     driverlib.lib : sys_ctrl.obj (.text:SysCtrlAdjustRechargeAfterPowerDown)
                  0000513c    0000005c     RF.obj (.text:decActiveClientCnt$8)
                  00005198    0000005c     app_ble_pem3.oem3 (.text:xdc_runtime_Startup_getState__I)
                  000051f4    0000005b     rom_sysbios.aem3 : rom_sysbios.obj (.text:xdc_runtime_Text_putLab__E)
                  0000524f    00000001     --HOLE-- [fill = 0]
                  00005250    00000058     drivers_cc26xxware.aem3 : PowerCC26XX_calibrateRCOSC.oem3 (.text:PowerCC26XX_initiateCalibration)
                  000052a8    00000054     icall_api.obj (.text:GAPBondMgr_GetParameter)
                  000052fc    00000054     scanparamservice.obj (.text:ScanParam_RefreshNotify)
                  00005350    00000054     drivers_cc26xxware.aem3 : PowerCC26XX.oem3 (.text:configureXOSCHF)
                  000053a4    00000054     RF.obj (.text:fsmXOSCState$8)
                  000053f8    00000054     RF.obj (.text:hwiFxnHw$8)
                  0000544c    00000054     RF.obj (.text:ratChanAlloc$8)
                  000054a0    00000054     RF.obj (.text:ratChanFree$8)
                  000054f4    00000054     rtsv7M3_T_le_eabi.lib : exit.obj (.text)
                  00005548    00000054                           : trgdrv.obj (.text)
                  0000559c    00000054     scanparamservice.obj (.text:scanParamWriteAttrCB$25)
                  000055f0    00000052     icall.obj (.text:ICall_primWait$14)
                  00005642    00000002     app_ble_pem3.oem3 (.text:ti_sysbios_BIOS_nullFunc__I)
                  00005644    00000050     icall_api.obj (.text:GAP_DeviceInit)
                  00005694    00000050     icall_api.obj (.text:GAP_UpdateAdvertisingData)
                  000056e4    00000050     icall.obj (.text:ICall_primRegisterApp$14)
                  00005734    00000050     RF.obj (.text:RF_getInfo)
                  00005784    00000050     driverlib.lib : setup.obj (.text:SetupCacheModeAccordingToCcfgSetting$61)
                  000057d4    00000050     RF.obj (.text:syncCb$8)
                  00005824    0000004c     hidkbdservice.obj (.text:HidKbd_SetParameter)
                  00005870    0000004c     icall.obj (.text:ICall_newTask$14)
                  000058bc    0000004c     icall.obj (.text:ICall_primGetEntityId$14)
                  00005908    0000004c     driverlib.lib : osc.obj (.text:NOROM_OSCClockSourceSet)
                  00005954    0000004c     battservice.obj (.text:battWriteAttrCB$18)
                  000059a0    0000004c     RF.obj (.text:dispatchOpWhen$8)
                  000059ec    0000004c     peripheral.obj (.text:gapRole_processStackMsg$24)
                  00005a38    0000004c     rtsv7M3_T_le_eabi.lib : cpy_tbl.obj (.text)
                  00005a84    0000004a     gattservapp_util.obj (.text:GATTServApp_ProcessCCCWriteReq)
                  00005ace    00000002     rom_sysbios.aem3 : rom_sysbios.obj (.text:ti_sysbios_knl_Clock_triggerFunc__I)
                  00005ad0    00000048     driverlib.lib : chipinfo.obj (.text:ChipInfo_GetChipFamily)
                  00005b18    00000048     hiddev.obj (.text:HidDev_disconnected$22)
                  00005b60    00000048     hiddev.obj (.text:HidDev_sendNoti$22)
                  00005ba8    00000048     hidemukbd.obj (.text:HidEmuKbd_reportCB$2)
                  00005bf0    00000048     driverlib.lib : ddi.obj (.text:NOROM_DDI16BitfieldWrite)
                  00005c38    00000048     RF.obj (.text:RF_runCmd)
                  00005c80    00000048     util.obj (.text:Util_constructClock)
                  00005cc8    00000048     battservice.obj (.text:battNotify$18)
                  00005d10    00000048     icall_api.obj (.text:gattIndNoti$17)
                  00005d58    00000048     drivers_cc26xxware.aem3 : PowerCC26XX.oem3 (.text:notify)
                  00005da0    00000046     hiddev.obj (.text:HidDev_processAppMsg$22)
                  00005de6    00000002     app_ble_pem3.oem3 (.text:ti_sysbios_rom_cortexm_cc26xx_CC26xx_badRomRevision__E)
                  00005de8    00000044     main.obj (.text:AssertHandler)
                  00005e2c    00000044     icall_api.obj (.text:GAP_TerminateLinkReq)
                  00005e70    00000044     PINCC26XX.obj (.text:PIN_swi$7)
                  00005eb4    00000044     boot.aem3 : boot.oem3 (.text)
                  00005ef8    00000044     Keyboard.obj (.text:createTask)
                  00005f3c    00000044     icall_api.obj (.text:gapSendParamAndPtrCmd$17)
                  00005f80    00000044     Keyboard.obj (.text:rxRestoreClock)
                  00005fc4    00000044     rom_sysbios.aem3 : rom_sysbios.obj (.text:xdc_runtime_SysMin_flush__E)
                  00006008    00000044                      : rom_sysbios.obj (.text:xdc_runtime_Text_xprintf__I)
                  0000604c    00000042     hiddev.obj (.text:HidDev_lowAdvertising$22)
                  0000608e    00000042     icall.obj (.text:ICall_primCreateTask$14)
                  000060d0    00000040     battservice.obj (.text:Batt_GetParameter)
                  00006110    00000040     peripheral.obj (.text:GAPRole_SendUpdateParam)
                  00006150    00000040     peripheral.obj (.text:GAPRole_createTask)
                  00006190    00000040     driverlib.lib : ddi.obj (.text:NOROM_DDI16BitfieldRead)
                  000061d0    00000040     RF.obj (.text:RF_getRssi)
                  00006210    00000040     rtsv7M3_T_le_eabi.lib : u_divt2.obj (.text)
                  00006250    0000003e     hiddev.obj (.text:HidDev_highAdvertising$22)
                  0000628e    0000003e     hiddev.obj (.text:HidDev_initialAdvertising$22)
                  000062cc    0000003c     icall_api.obj (.text:GAP_GetParamValue)
                  00006308    0000003c     icall_api.obj (.text:GATTServApp_RegisterService)
                  00006344    0000003c     hiddev.obj (.text:HidDev_Report)
                  00006380    0000003c     hiddev.obj (.text:HidDev_createTask)
                  000063bc    0000003c     hidemukbd.obj (.text:HidEmuKbd_createTask)
                  000063f8    0000003c     icall_cc2650.obj (.text:ICallPlatform_pwrConfigACAction)
                  00006434    0000003c     driverlib.lib : rfc.obj (.text:NOROM_RFCSynthPowerDown)
                  00006470    0000003c                   : osc.obj (.text:OSC_HPOSCRelativeFrequencyOffsetGet)
                  000064ac    0000003c     RF.obj (.text:postDirImmCmd$8)
                  000064e8    0000003c     icall_api.obj (.text:profileSetParameter$17)
                  00006524    0000003c     icall_api.obj (.text:sendWaitMatchCS$17)
                  00006560    0000003c     icall_api.obj (.text:sendWaitMatchValueCS$17)
                  0000659c    00000038     icall_api.obj (.text:GAPBondMgr_LinkEst)
                  000065d4    00000038     hiddev.obj (.text:HidDev_reportById$22)
                  0000660c    00000038     hidkbdservice.obj (.text:HidKbd_GetParameter)
                  00006644    00000038     icall.obj (.text:ICall_primGetMaxMSecs$14)
                  0000667c    00000038     util.obj (.text:Util_restartClock)
                  000066b4    00000038     battservice.obj (.text:battMeasure$18)
                  000066ec    00000038     battservice.obj (.text:battNotifyLevel$18)
                  00006724    00000038     icall_api.obj (.text:linkDB_NumConns)
                  0000675c    00000038     main.obj (.text:main)
                  00006794    00000038     rom_sysbios.aem3 : rom_sysbios.obj (.text:ti_sysbios_family_arm_cc26xx_Timer_getCurrentTick__E)
                  000067cc    00000038                      : rom_sysbios.obj (.text:xdc_runtime_SysMin_putch__E)
                  00006804    00000036     RF.obj (.text:updateImplicitState$8)
                  0000683a    00000002     rom_sysbios.aem3 : rom_sysbios.obj (.text:xdc_runtime_SysCallback_defaultAbort)
                  0000683c    00000034     icall_api.obj (.text:GAPBondMgr_SetParameter)
                  00006870    00000034     icall_api.obj (.text:GAP_SetParamValue)
                  000068a4    00000034     icall.obj (.text:ICall_primEntityId2ServiceId$14)
                  000068d8    00000034     icall.obj (.text:ICall_primFetchMsg$14)
                  0000690c    00000034     icall.obj (.text:ICall_primRegisterISR$14)
                  00006940    00000034     icall.obj (.text:ICall_primRegisterISR_Ext$14)
                  00006974    00000034     icall.obj (.text:ICall_searchServiceEntity)
                  000069a8    00000034     Keyboard.obj (.text:Keyboard_init)
                  000069dc    00000034     driverlib.lib : osc.obj (.text:OSCHF_SwitchToRcOscTurnOffXosc)
                  00006a10    00000034     drivers_cc26xxware.aem3 : PowerCC26XX.oem3 (.text:PowerCC26XX_isStableXOSC_HF)
                  00006a44    00000034     RF.obj (.text:Q_push$8)
                  00006a78    00000034     icall_api.obj (.text:osal_snv_read)
                  00006aac    00000034     icall_api.obj (.text:osal_snv_write)
                  00006ae0    00000034     icall_api.obj (.text:profileAddService$17)
                  00006b14    00000034     Keyboard.obj (.text:stopTx)
                  00006b48    00000032     icall_api.obj (.text:gapSendParamsCmd$17)
                  00006b7a    00000032     icall_api.obj (.text:gapSendPtrParamsCmd$17)
                  00006bac    00000032     icall_api.obj (.text:matchGapSetGetParamCS$17)
                  00006bde    00000032     icall_api.obj (.text:matchGattCmdStatus$17)
                  00006c10    00000032     icall_api.obj (.text:matchUtilNvCS$17)
                  00006c42    00000032     rom_sysbios.aem3 : rom_sysbios.obj (.text:ti_sysbios_family_arm_cc26xx_Timer_setNextTick__E)
                  00006c74    00000030     icall_api.obj (.text:GAPBondMgr_PasscodeRsp)
                  00006ca4    00000030     hiddev.obj (.text:HidDev_reportByHandle$22)
                  00006cd4    00000030     icall_cc2650.obj (.text:ICallPlatform_pwrNotify$15)
                  00006d04    00000030     icall_cc2650.obj (.text:ICallPlatform_pwrRegisterNotify)
                  00006d34    00000030     icall.obj (.text:ICall_msecs2Ticks$14)
                  00006d64    00000030     icall.obj (.text:ICall_searchTask$14)
                  00006d94    00000030     drivers_cc26xxware.aem3 : PowerCC26XX.oem3 (.text:Power_releaseConstraint)
                  00006dc4    00000030                             : PowerCC26XX.oem3 (.text:Power_setConstraint)
                  00006df4    00000030     driverlib.lib : setup.obj (.text:SetAonRtcSubSecInc$61)
                  00006e24    00000030     app_ble_pem3.oem3 (.text:ti_sysbios_BIOS_atExitFunc__I)
                  00006e54    00000030     rom_sysbios.aem3 : rom_sysbios.obj (.text:ti_sysbios_family_arm_cc26xx_Timer_initDevice__I)
                  00006e84    00000030                      : rom_sysbios.obj (.text:ti_sysbios_family_arm_cc26xx_Timer_setThreshold__I)
                  00006eb4    00000030                      : rom_sysbios.obj (.text:xdc_runtime_SysMin_abort__E)
                  00006ee4    0000002f                      : rom_sysbios.obj (.text:xdc_runtime_Text_printVisFxn__I)
                  00006f13    00000001     --HOLE-- [fill = 0]
                  00006f14    0000002e     hiddev.obj (.text:HidDev_passcodeCB$22)
                  00006f42    0000002e     icall_cc2650.obj (.text:ICallPlatform_pwrDispenseImpl$15)
                  00006f70    0000002e     icall_cc2650.obj (.text:ICallPlatform_pwrRequireImpl$15)
                  00006f9e    0000002e     hiddev.obj (.text:ICall_fetchServiceMsg$22)
                  00006fcc    0000002e     peripheral.obj (.text:ICall_fetchServiceMsg$24)
                  00006ffa    0000002e     hidemukbd.obj (.text:ICall_fetchServiceMsg$2)
                  00007028    0000002e     icall.obj (.text:ICall_msgDequeue$14)
                  00007056    0000002e     util.obj (.text:Util_enqueueMsg)
                  00007084    0000002e     Keyboard.obj (.text:isModifier)
                  000070b2    0000002e     icall_api.obj (.text:matchProfileAddServiceCS$17)
                  000070e0    0000002c     driverlib.lib : setup.obj (.text:GetTrimForRadcExtCfg$61)
                  0000710c    0000002c     hiddev.obj (.text:HidDev_Register)
                  00007138    0000002c     hiddev.obj (.text:HidDev_dequeueReport$22)
                  00007164    0000002c     hiddev.obj (.text:HidDev_reportByCccdHandle$22)
                  00007190    0000002c     icall.obj (.text:ICall_heapFree)
                  000071bc    0000002c     battservice.obj (.text:ICall_malloc$18)
                  000071e8    0000002c     hidkbdservice.obj (.text:ICall_malloc$23)
                  00007214    0000002c     scanparamservice.obj (.text:ICall_malloc$25)
                  00007240    0000002c     icall.obj (.text:ICall_msgEnqueue$14)
                  0000726c    0000002c     icall.obj (.text:ICall_primAllocMsg$14)
                  00007298    0000002c     icall.obj (.text:ICall_primFetchServiceMsg$14)
                  000072c4    0000002c     icall_api.obj (.text:ICall_sendServiceMsg$17)
                  000072f0    0000002c     PINCC26XX.obj (.text:PIN_setConfig)
                  0000731c    0000002c     drivers_cc26xxware.aem3 : PowerCC26XX.oem3 (.text:PowerCC26XX_switchXOSC_HF)
                  00007348    0000002c     Keyboard.obj (.text:createSemaphore)
                  00007374    0000002c     Keyboard.obj (.text:resetKeyboard)
                  000073a0    0000002c     rom_sysbios.aem3 : rom_sysbios.obj (.text:ti_sysbios_knl_Clock_getTicksUntilInterrupt__E)
                  000073cc    0000002a     icall_api.obj (.text:ICall_waitMatch$17)
                  000073f6    0000002a     icall_api.obj (.text:matchProfileCS$17)
                  00007420    0000002a     rom_sysbios.aem3 : rom_sysbios.obj (.text:xdc_runtime_System_putchar__I)
                  0000744a    00000002                      : rom_sysbios.obj (.text:xdc_runtime_SysCallback_defaultExit)
                  0000744c    00000028     driverlib.lib : aon_batmon.obj (.text:AONBatMonTemperatureGetDegC)
                  00007474    00000028     battservice.obj (.text:Batt_AddService)
                  0000749c    00000028     icall_api.obj (.text:GAPBondMgr_Register)
                  000074c4    00000028     gattservapp_util.obj (.text:GATTServApp_WriteCharCfg)
                  000074ec    00000028     hiddev.obj (.text:HidDev_enqueueMsg$22)
                  00007514    00000028     hiddev.obj (.text:HidDev_reportReadyClockCB$22)
                  0000753c    00000028     icall.obj (.text:ICall_init)
                  00007564    00000028     icall.obj (.text:ICall_msgPrepend$14)
                  0000758c    00000028     hiddev.obj (.text:ICall_registerApp$22)
                  000075b4    00000028     peripheral.obj (.text:ICall_registerApp$24)
                  000075dc    00000028     hidemukbd.obj (.text:ICall_registerApp$2)
                  00007604    00000028     drivers_cc26xxware.aem3 : PowerCC26XX.oem3 (.text:Power_registerNotify)
                  0000762c    00000028     driverlib.lib : adi.obj (.text:SafeHapiVoid)
                  00007654    00000028     scanparamservice.obj (.text:ScanParam_AddService)
                  0000767c    00000028     gattservapp_util.obj (.text:gattServApp_FindCharCfgItem$21)
                  000076a4    00000028     rom_sysbios.aem3 : rom_sysbios.obj (.text:ti_sysbios_family_arm_cc26xx_Timer_getMaxTicks__E)
                  000076cc    00000026     drivers_cc26xxware.aem3 : List.oem3 (.text:List_put)
                  000076f2    00000024     icall_api.obj (.text:GAPBondMgr_LinkTerm)
                  00007716    00000002     --HOLE-- [fill = 0]
                  00007718    00000024     hiddev.obj (.text:HidDev_processBatteryEvt$22)
                  0000773c    00000024     hiddev.obj (.text:HidDev_processPasscodeEvt$22)
                  00007760    00000024     hidemukbd.obj (.text:HidEmuKbd_enqueueMsg$2)
                  00007784    00000024     icall_api.obj (.text:ICall_getLocalMsgEntityId$17)
                  000077a8    00000024     icall_api.obj (.text:ICall_threadServes$17)
                  000077cc    00000024     RF.obj (.text:RF_ratHwOutput)
                  000077f0    00000024     drivers_cc26xxware.aem3 : PowerCC26XX_calibrateRCOSC.oem3 (.text:getTdcSemaphore)
                  00007814    00000024     RF.obj (.text:hwiFxnCpe0PowerFsm$8)
                  00007838    00000024     app_ble_pem3.oem3 (.text:ti_sysbios_BIOS_registerRTSLock__I)
                  0000785c    00000024     app_ble_pem3.oem3 (.text:ti_sysbios_BIOS_removeRTSLock__I)
                  00007880    00000024     app_ble_pem3.oem3 (.text:ti_sysbios_BIOS_startFunc__I)
                  000078a4    00000024     Keyboard.obj (.text:usbToPS2LedState)
                  000078c8    00000024     rom_sysbios.aem3 : rom_sysbios.obj (.text:xdc_runtime_System_vprintf__E)
                  000078ec    00000022     icall.obj (.text:ICall_dispatch$14)
                  0000790e    00000022     util.obj (.text:ICall_malloc$3)
                  00007930    00000022     app_ble_pem3.oem3 (.text:xdc_runtime_SysMin_output__I)
                  00007952    00000002     --HOLE-- [fill = 0]
                  00007954    00000020     gattservapp_util.obj (.text:GATTServApp_InitCharCfg)
                  00007974    00000020     driverlib.lib : setup.obj (.text:GetTrimForXoscHfCtl$61)
                  00007994    00000020     icall_api.obj (.text:ICall_allocMsg$17)
                  000079b4    00000020     icall_api.obj (.text:ICall_getEntityId$17)
                  000079d4    00000020     hiddev.obj (.text:ICall_malloc$22)
                  000079f4    00000020     hidemukbd.obj (.text:ICall_malloc$2)
                  00007a14    00000020     icall.obj (.text:ICall_primService$14)
                  00007a34    00000020     icall.obj (.text:ICall_searchService$14)
                  00007a54    00000020     driverlib.lib : rfc.obj (.text:NOROM_RFCDoorbellSendTo)
                  00007a74    00000020                   : rfc.obj (.text:NOROM_RFCRfTrimRead)
                  00007a94    00000020     util.obj (.text:Util_dequeueMsg)
                  00007ab4    00000020     RF.obj (.text:applyExtraAdi3VcoLdoVoltageModeOverrideCC13xx$8)
                  00007ad4    00000020     Keyboard.obj (.text:bufferRead)
                  00007af4    00000020     app_ble_pem3.oem3 (.text:ti_sysbios_BIOS_rtsLock__I)
                  00007b14    00000020     rom_sysbios.aem3 : rom_sysbios.obj (.text:ti_sysbios_knl_Clock_stop__E)
                  00007b34    00000020                      : rom_sysbios.obj (.text:xdc_runtime_Registry_findById__E)
                  00007b54    00000020                      : rom_sysbios.obj (.text:xdc_runtime_SysMin_Module_startup__E)
                  00007b74    0000001e     icall.obj (.text:ICall_primSendServiceMsg$14)
                  00007b92    0000001e     drivers_cc26xxware.aem3 : PowerCC26XX.oem3 (.text:Power_getTransitionLatency)
                  00007bb0    0000001e     icall_api.obj (.text:waitMatchCS$17)
                  00007bce    00000002     --HOLE-- [fill = 0]
                  00007bd0    0000001c     battservice.obj (.text:Batt_MeasLevel)
                  00007bec    0000001c     icall_api.obj (.text:GATT_bm_alloc)
                  00007c08    0000001c     icall_api.obj (.text:GATT_bm_free)
                  00007c24    0000001c     driverlib.lib : setup.obj (.text:GetTrimForAmpcompTh2$61)
                  00007c40    0000001c     hiddev.obj (.text:HidDev_battPeriodicTask$22)
                  00007c5c    0000001c     hiddev.obj (.text:HidDev_pairStateCB$22)
                  00007c78    0000001c     icall.obj (.text:ICall_initPrim$14)
                  00007c94    0000001c     hiddev.obj (.text:ICall_wait$22)
                  00007cb0    0000001c     peripheral.obj (.text:ICall_wait$24)
                  00007ccc    0000001c     hidemukbd.obj (.text:ICall_wait$2)
                  00007ce8    0000001c     driverlib.lib : osc.obj (.text:NOROM_OSCClockSourceGet)
                  00007d04    0000001c     PINCC26XX.obj (.text:PINCC26XX_setIoCfgMux$7)
                  00007d20    0000001c     PINCC26XX.obj (.text:PIN_hwi$7)
                  00007d3c    0000001c     drivers_cc26xxware.aem3 : PowerCC26XX.oem3 (.text:Power_idleFunc)
                  00007d58    0000001c     RF.obj (.text:RF_getCmdOp)
                  00007d74    0000001c     RF.obj (.text:RF_runDirectCmd)
                  00007d90    0000001c     RF.obj (.text:clkPowerUpFxn$8)
                  00007dac    0000001c     peripheral.obj (.text:gapRole_HandleParamUpdateNoSuccess$24)
                  00007dc8    0000001c     icall_api.obj (.text:getStatusValueFromErrNo$17)
                  00007de4    0000001c     rom_sysbios.aem3 : rom_sysbios.obj (.text:ti_sysbios_family_arm_cc26xx_Timer_dynamicStub__E)
                  00007e00    0000001c                      : rom_sysbios.obj (.text:xdc_runtime_SysMin_exit__E)
                  00007e1c    0000001a     icall.obj (.text:ICall_enterCSImpl)
                  00007e36    0000001a     icall.obj (.text:ICall_primSetTimerMSecs$14)
                  00007e50    0000001a     icall_api.obj (.text:matchGattIndNotiCS$17)
                  00007e6a    0000001a     rom_sysbios.aem3 : rom_sysbios_config.obj (.text:xdc_runtime_System_printf__E)
                  00007e84    00000018     battservice.obj (.text:Batt_SetParameter)
                  00007e9c    00000018     driverlib.lib : chipinfo.obj (.text:ChipInfo_GetPackageType)
                  00007eb4    00000018     peripheral.obj (.text:GAPRole_StartDevice)
                  00007ecc    00000018     peripheral.obj (.text:GAPRole_TerminateConnection)
                  00007ee4    00000018     icall_api.obj (.text:GATT_Notification)
                  00007efc    00000018     driverlib.lib : setup.obj (.text:GetTrimForAdcShModeEn$61)
                  00007f14    00000018                   : setup.obj (.text:GetTrimForAdcShVbufEn$61)
                  00007f2c    00000018                   : setup.obj (.text:GetTrimForAmpcompTh1$61)
                  00007f44    00000018                   : setup.obj (.text:GetTrimForDblrLoopFilterResetVoltage$61)
                  00007f5c    00000018                   : setup.obj (.text:GetTrimForRcOscLfIBiasTrim$61)
                  00007f74    00000018                   : setup.obj (.text:GetTrimForRcOscLfRtuneCtuneTrim$61)
                  00007f8c    00000018                   : setup.obj (.text:GetTrimForXoscLfRegulatorAndCmirrwrRatio$61)
                  00007fa4    00000018     hiddev.obj (.text:HidDev_StartIdleTimer)
                  00007fbc    00000018     hiddev.obj (.text:HidDev_StopIdleTimer)
                  00007fd4    00000018     hiddev.obj (.text:HidDev_clockHandler$22)
                  00007fec    00000018     icall_cc2650.obj (.text:ICallPlatform_pwrDispense)
                  00008004    00000018     icall_cc2650.obj (.text:ICallPlatform_pwrRequire)
                  0000801c    00000018     hiddev.obj (.text:ICall_free$22)
                  00008034    00000018     hidkbdservice.obj (.text:ICall_free$23)
                  0000804c    00000018     hidemukbd.obj (.text:ICall_free$2)
                  00008064    00000018     util.obj (.text:ICall_free$3)
                  0000807c    00000018     icall.obj (.text:ICall_freeMsg$14)
                  00008094    00000018     icall_api.obj (.text:ICall_freeMsg$17)
                  000080ac    00000018     hiddev.obj (.text:ICall_freeMsg$22)
                  000080c4    00000018     peripheral.obj (.text:ICall_freeMsg$24)
                  000080dc    00000018     hidemukbd.obj (.text:ICall_freeMsg$2)
                  000080f4    00000018     icall.obj (.text:ICall_primMalloc$14)
                  0000810c    00000018     LED.obj (.text:LED_init)
                  00008124    00000018     driverlib.lib : aon_rtc.obj (.text:NOROM_AONRTCCurrentCompareValueGet)
                  0000813c    00000018                   : rfc.obj (.text:NOROM_RFCCpeIntGetAndClear)
                  00008154    00000018                   : osc.obj (.text:OSCHF_TurnOnXosc)
                  0000816c    00000018     RF.obj (.text:Q_pop$8)
                  00008184    00000018     RF.obj (.text:RF_runImmediateCmd)
                  0000819c    00000018     Keyboard.obj (.text:bufferWrite)
                  000081b4    00000018     drivers_cc26xxware.aem3 : PowerCC26XX.oem3 (.text:configureRFCoreClocks)
                  000081cc    00000018     peripheral.obj (.text:gapRole_setEvent$24)
                  000081e4    00000018     rtsv7M3_T_le_eabi.lib : args_main.obj (.text)
                  000081fc    00000018                           : ll_mul_t2.obj (.text)
                  00008214    00000018     RF.obj (.text:swiFxnFsm$8)
                  0000822c    00000018     app_ble_pem3.oem3 (.text:ti_sysbios_BIOS_rtsUnlock__I)
                  00008244    00000018     rom_sysbios.aem3 : rom_sysbios.obj (.text:ti_sysbios_knl_Swi_or__E)
                  0000825c    00000018     app_ble_pem3.oem3 (.text:ti_sysbios_rom_cortexm_cc26xx_CC26xx_checkRevision__E)
                  00008274    00000016     icall.obj (.text:ICall_abort$14)
                  0000828a    00000016     icall.obj (.text:ICall_leaveCSImpl)
                  000082a0    00000016     icall.obj (.text:ICall_primStopTimer$14)
                  000082b6    00000016     app_ble_pem3.oem3 (.text:ti_sysbios_BIOS_exitFunc__I)
                  000082cc    00000014     battservice.obj (.text:Batt_Register)
                  000082e0    00000014     devinfoservice.obj (.text:DevInfo_AddService)
                  000082f4    00000014     peripheral.obj (.text:GAPRole_GetParameter)
                  00008308    00000014     hiddev.obj (.text:HidDev_RegisterReports)
                  0000831c    00000014     hiddev.obj (.text:HidDev_StartAdvertising)
                  00008330    00000014     hiddev.obj (.text:HidDev_bondCount$22)
                  00008344    00000014     hidemukbd.obj (.text:HidEmuKbd_receiveReport$2)
                  00008358    00000014     LED.obj (.text:LED_changeState)
                  0000836c    00000014     driverlib.lib : aon_rtc.obj (.text:NOROM_AONRTCCurrent64BitValueGet)
                  00008380    00000014                   : chipinfo.obj (.text:ThisCodeIsBuiltForCC26xxHwRev22AndLater_HaltIfViolated)
                  00008394    00000014     rtsv7M3_T_le_eabi.lib : _lock.obj (.text)
                  000083a8    00000014                           : strlen.obj (.text)
                  000083bc    00000014     icall_api.obj (.text:setICallCmdEvtHdr$17)
                  000083d0    00000014     app_ble_pem3.oem3 (.text:ti_sysbios_knl_Clock_doTick__I)
                  000083e4    00000012     app_ble_pem3.oem3 (.text:xdc_runtime_Startup_exec__I)
                  000083f6    00000002     --HOLE-- [fill = 0]
                  000083f8    00000010     RF.obj (.text:FsmDispatch$8)
                  00008408    00000010     icall_api.obj (.text:GAP_EndDiscoverable)
                  00008418    00000010     gattservapp_util.obj (.text:GATTServApp_ReadCharCfg)
                  00008428    00000010     driverlib.lib : setup.obj (.text:GetTrimForXoscHfFastStart$61)
                  00008438    00000010                   : setup.obj (.text:GetTrimForXoscHfIbiastherm$61)
                  00008448    00000010     icall_cc2650.obj (.text:ICallPlatform_pwrGetXOSCStartupTime)
                  00008458    00000010     icall.obj (.text:ICall_primGetTickPeriod$14)
                  00008468    00000010     icall.obj (.text:ICall_taskEntry$14)
                  00008478    00000010     Keyboard.obj (.text:Keyboard_changeLedState)
                  00008488    00000010     driverlib.lib : rfc.obj (.text:NOROM_RFCRfTrimSet)
                  00008498    00000010     RF.obj (.text:RF_Params_init)
                  000084a8    00000010     ble_user_config.obj (.text:RegisterAssertCback)
                  000084b8    00000010     scanparamservice.obj (.text:ScanParam_Register)
                  000084c8    00000010     util.obj (.text:Util_isActive)
                  000084d8    00000010     rom_sysbios.aem3 : rom_sysbios.obj (.text:ti_sysbios_family_arm_m3_Hwi_post__E)
                  000084e8    00000010                      : rom_sysbios.obj (.text:xdc_runtime_SysMin_ready__E)
                  000084f8    00000010                      : rom_sysbios.obj (.text:xdc_runtime_System_vsnprintf__E)
                  00008508    0000000e     icall_cc2650.obj (.text:ICallPlatform_pwrGetTransitionState)
                  00008516    0000000e     icall_cc2650.obj (.text:ICallPlatform_pwrIsStableXOSCHF)
                  00008524    0000000e     icall.obj (.text:ICall_primDisableMInt$14)
                  00008532    0000000e     icall.obj (.text:ICall_primEnableMInt$14)
                  00008540    0000000e     icall.obj (.text:ICall_primFreeMsg$14)
                  0000854e    0000000e     icall.obj (.text:ICall_primGetTicks$14)
                  0000855c    0000000e     driverlib.lib : vims.obj (.text:NOROM_VIMSModeGet)
                  0000856a    0000000e                   : setup.obj (.text:SignExtendVddrTrimValue)
                  00008578    0000000e     util.obj (.text:Util_constructQueue)
                  00008586    0000000e     rtsv7M3_T_le_eabi.lib : copy_decompress_none.obj (.text:decompress:none)
                  00008594    0000000e     icall_api.obj (.text:matchGSARegisterServiceCS$17)
                  000085a2    0000000e     icall_api.obj (.text:matchGapLinkEstCS$17)
                  000085b0    0000000e     icall_api.obj (.text:matchGapPasscodeCS$17)
                  000085be    0000000e     icall_api.obj (.text:matchLinkDBNumConnsCS$17)
                  000085cc    0000000e     icall_api.obj (.text:setDispatchCmdEvtHdr$17)
                  000085da    0000000e     rom_sysbios.aem3 : rom_sysbios.obj (.text:ti_sysbios_family_arm_cc26xx_TimestampProvider_get32__E)
                  000085e8    0000000c     RF.obj (.text:FsmNextState$8)
                  000085f4    0000000c     icall_api.obj (.text:GAP_MakeDiscoverable)
                  00008600    0000000c     icall_api.obj (.text:GAP_TerminateAuth)
                  0000860c    0000000c     icall_api.obj (.text:GAP_UpdateLinkParamReq)
                  00008618    0000000c     icall_api.obj (.text:GGS_SetParameter)
[...]
1001c487  xdc_runtime_Error_policySpin__E                                           
1001c489  xdc_runtime_Memory_alloc__E                                               
1001c4f9  xdc_runtime_Core_deleteObject__I                                          
1001c559  xdc_runtime_Startup_exec__E                                               
1001c5a9  xdc_runtime_Assert_raise__I                                               
1001c5f1  xdc_runtime_Core_assignParams__I                                          
1001c639  xdc_runtime_Core_constructObject__I                                       
1001c681  xdc_runtime_System_atexit__E                                              
1001c6b9  xdc_runtime_System_processAtExit__E                                       
1001c6ed  xdc_runtime_Core_assignLabel__I                                           
1001c71d  xdc_runtime_Text_cordText__E                                              
1001c749  xdc_runtime_System_abort__E                                               
1001c769  xdc_runtime_Error_raiseX__E                                               
1001c785  xdc_runtime_Memory_valloc__E                                              
1001c7a1  xdc_runtime_Core_destructObject__I                                        
1001c7b9  xdc_runtime_Error_check__E                                                
1001c7d1  xdc_runtime_System_exit__E                                                
1001c7e9  xdc_runtime_Text_ropeText__E                                              
1001c801  xdc_runtime_Memory_free__E                                                
1001c811  xdc_runtime_SysCallback_abort__E                                          
1001c821  xdc_runtime_SysCallback_exit__E                                           
1001c831  xdc_runtime_Timestamp_SupportProxy_get32__E                               
1001c831  xdc_runtime_Timestamp_get32__E                                            
1001c841  xdc_runtime_Error_init__E                                                 
1001c84d  xdc_runtime_Memory_calloc__E                                              
1001c859  xdc_runtime_Memory_getMaxDefaultTypeAlign__E                              
1001c879  xdc_runtime_Gate_leaveSystem__E                                           
1001c87f  xdc_runtime_System_Module_startup__E                                      
1001c885  xdc_runtime_Gate_enterSystem__E                                           
1001c889  xdc_runtime_Memory_HeapProxy_alloc__E                                     
1001c88d  xdc_runtime_Memory_HeapProxy_free__E                                      
1001c891  xdc_runtime_System_Module_GateProxy_enter__E                              
1001c895  xdc_runtime_System_Module_GateProxy_leave__E                              
1001c899  xdc_runtime_System_abortSpin__E                                           
1001c89b  xdc_runtime_System_exitSpin__E                                            
1001c89d  ti_sysbios_family_arm_m3_Hwi_dispatch__I                                  
1001c96d  ti_sysbios_family_arm_m3_TaskSupport_buildTaskStack                       
1001c9b9  ti_sysbios_family_arm_m3_Hwi_initStacks__E                                
1001ca01  ti_sysbios_family_arm_m3_Hwi_excHandlerAsm__I                             
1001ca21  ti_sysbios_family_xxx_Hwi_switchAndRunFunc                                
1001ca3f  ti_sysbios_family_arm_m3_Hwi_pendSV__I                                    
1001ca57  ti_sysbios_family_arm_m3_Hwi_return                                       
1001ca59  ti_sysbios_family_arm_m3_TaskSupport_glue                                 
1001ca69  ti_sysbios_family_arm_m3_TaskSupport_swap__E                              
1001ca71  ti_sysbios_knl_Task_swapReturn                                            
1001ca9b  ti_sysbios_rom_cortexm_cc26xx_CC26xx_getRevision__E                       
20000000  ti_sysbios_family_arm_m3_Hwi_ramVectors                                   
20000100  ti_sysbios_knl_Task_Module__state__V                                      
20000144  ti_sysbios_family_arm_m3_Hwi_Module__state__V                             
20000178  ti_sysbios_knl_Clock_Module__state__V                                     
200001a4  ti_sysbios_BIOS_Module__state__V                                          
200001c8  ti_sysbios_knl_Swi_Module__state__V                                       
200001e4  ti_sysbios_family_arm_cc26xx_Timer_Module__state__V                       
200001ec  ti_sysbios_family_arm_cc26xx_TimestampProvider_Module__state__V           
200001f0  xdc_runtime_Startup_Module__state__V                                      
200001f8  xdc_runtime_System_Module__state__V                                       
20000200  xdc_runtime_Memory_Module__state__V                                       
20000208  buffer_write_pos                                                          
20000209  tx_byte                                                                   
2000020a  txRequestPending                                                          
2000020b  txRequestEvent                                                            
2000020c  txRequestResponse                                                         
2000020d  pendingLedRequest                                                         
2000020e  latestLedState                                                            
2000020f  rxTxBusy                                                                  
20000218  boardSemaphoreHandle                                                      
2000021c  appKeyChangeHandler                                                       
20000220  keyboardPinsHandler                                                       
20000240  keyboardPinsCfg                                                           
2000024c  keyboardPins                                                              
20000258  boardSemaphore                                                            
20000274  keyboardTaskParams                                                        
200002b0  keyboardTask                                                              
20000300  board_kb_buffer                                                           
20000380  ps2ToUsbTable                                                             
20000580  keyboardTaskStack                                                         
20000804  selfEntity                                                                
200008b0  hidDeviceTask                                                             
20000984  hidDeviceTaskStack                                                        
20000b98  linkDBNumConns                                                            
20000cac  gapRoleTask                                                               
20000cfc  gapRoleTaskStack                                                          
20000f08  dispHandle                                                                
20000f58  hidEmuKbdTask                                                             
20000fa8  hidEmuKbdTaskStack                                                        
2000122c  appAssertCback                                                            
200014a8  hidReportMapLen                                                           
200014a9  hidProtocolMode                                                           
200018b8  PowerCC26XX_module                                                        
200019c4  ICall_dispatcher                                                          
200019cc  ICall_enterCriticalSection                                                
200019d0  ICall_leaveCriticalSection                                                
200019e8  HEAPMGR_SIZE                                                              
20001b48  rfRegTbl                                                                  
20001b98  ti_sysbios_knl_Task_Object__table__V                                      
20001be4  main_func_sp                                                              
20001be8  ti_sysbios_family_arm_cc26xx_Timer_Object__table__V                       
20001c30  ti_sysbios_gates_GateMutex_Object__table__V                               
20001c68  ti_sysbios_knl_Swi_Module_State_0_readyQ__A                               
20001c98  ti_sysbios_knl_Swi_Object__table__V                                       
20001cc8  ti_sysbios_knl_Task_Module_State_0_readyQ__A                              
20001cf8  user0Cfg                                                                  
20001d20  ti_sysbios_knl_Clock_Object__table__V                                     
20001d40  ledPinHandler                                                             
20001d44  ledPinTable                                                               
20001d50  ledPin                                                                    
20001d5c  ti_sysbios_family_arm_m3_Hwi_Object__table__V                             
20001d74  ti_sysbios_heaps_HeapMem_Object__table__V                                 
20001d8c  __TI_cleanup_ptr                                                          
20001d90  __TI_dtors_ptr                                                            
20001d94  __TI_enable_exit_profile_output                                           
20001d98  lastAppOpcodeSent                                                         
20001d9c  pfnBMAlloc                                                                
20001da0  pfnBMFree                                                                 
20001db0  xdc_runtime_SysMin_Module__state__V                                       
20001dd0  _lock                                                                     
20001dd4  _unlock                                                                   
20001de0  ti_sysbios_family_arm_m3_Hwi_Module__root__V                              
20001de8  ti_sysbios_gates_GateHwi_Module__root__V                                  
20001df0  ti_sysbios_gates_GateMutex_Module__root__V                                
20001df8  ti_sysbios_hal_Hwi_Module__root__V                                        
20001e00  ti_sysbios_heaps_HeapMem_Module__root__V                                  
20001e08  ti_sysbios_knl_Clock_Module__root__V                                      
20001e10  ti_sysbios_knl_Mailbox_Module__root__V                                    
20001e18  ti_sysbios_knl_Queue_Module__root__V                                      
20001e20  ti_sysbios_knl_Semaphore_Module__root__V                                  
20001e28  ti_sysbios_knl_Swi_Module__root__V                                        
20001e30  ti_sysbios_knl_Task_Module__root__V                                       
20001e38  xdc_runtime_Registry_Module__state__V                                     
20001e40  ti_sysbios_family_arm_m3_Hwi_Module_State_0_excContext__A                 
20001e44  ti_sysbios_family_arm_m3_Hwi_Module_State_0_excStack__A                   
20001e48  ti_sysbios_knl_Task_Module_State_0_idleTask__A                            
20001e4e  ti_sysbios_family_arm_m3_Hwi_Module_State_0_excActive__A                  
20001e58  ti_sysbios_heaps_HeapMem_Instance_State_0_buf__A                          
200024d8  xdc_runtime_SysMin_Module_State_0_outbuf__A                               
200028d8  ti_sysbios_knl_Task_Instance_State_0_stack__A                             
20002ad8  __CIOBUF_                                                                 
20002bf8  PIN_NumPins                                                               
20002c8c  PIN_HandleTable                                                           
20002d08  ti_sysbios_family_arm_m3_Hwi_dispatchTable                                
20002e04  driverlib_release_0_45566                                                 
20002e05  heapStart                                                                 
20003f68  __stack                                                                   
20003f68  heapEnd                                                                   
20004368  __STACK_END                                                               
20004368  __STACK_TOP                                                               
20004f2c  A4_rw                                                                     
20004f2c  COMMON_RAM_BASE_ADDR                                                      
20004f40  P2_rw                                                                     
20004f40  P2_s0                                                                     
20004f40  eccRom_windowSize                                                         
20004f44  eccRom_workzone                                                           
20004f48  eccRom_param_p                                                            
20004f4c  eccRom_param_r                                                            
20004f50  eccRom_param_a                                                            
20004f54  inScalar                                                                  
20004f58  inPointX                                                                  
20004f5c  inPointY                                                                  
20004f60  outPointX                                                                 
20004f64  outPointY                                                                 
20004f68  SCAL                                                                      
20004f6c  EXPX                                                                      
20004f70  EXPY                                                                      
20004f74  EXPZ                                                                      
20004f78  EXPW                                                                      
20004f7c  ACCX                                                                      
20004f80  ACCY                                                                      
20004f84  ACCZ                                                                      
20004f88  TMP1                                                                      
20004f8c  TMP2                                                                      
20004f90  TMP3                                                                      
20004f94  TMP4                                                                      
20004f98  TMP5                                                                      
20004f9c  TMP6                                                                      
20004fa0  eccRom_param_Gx                                                           
20004fa4  eccRom_param_Gy                                                           
20004fa8  eccRom_param_b                                                            
20004fac  P2_zi                                                                     
20004fac  ratChanInfo                                                               
20004fcc  fwInfoCmd                                                                 
20004fd8  MSBMOD                                                                    
20004fdc  aux64                                                                     
20004fe4  MOD                                                                       
20004fe8  LEN                                                                       
20004ffc  pSspAesEncrypt_Sw                                                         
e000e000  ti_sysbios_family_arm_m3_Hwi_nvic                                         
ffffffff  __TI_pprof_out_hndl                                                       
ffffffff  __TI_prof_data_size                                                       
ffffffff  __TI_prof_data_start                                                      
ffffffff  __binit__                                                                 
ffffffff  __c_args__                                                                
ffffffff  binit                                                                     
UNDEFED   HwiP_restore                                                              
UNDEFED   SHT$$INIT_ARRAY$$Base                                                     
UNDEFED   SHT$$INIT_ARRAY$$Limit                                                    
UNDEFED   ti_sysbios_BIOS_RtsGateProxy_Handle__label__S__mangled__                  
UNDEFED   ti_sysbios_BIOS_RtsGateProxy_Object__delete__S__mangled__                 
UNDEFED   ti_sysbios_BIOS_RtsGateProxy_Params__init__S__mangled__                   
UNDEFED   ti_sysbios_BIOS_RtsGateProxy_query__E__mangled__                          
UNDEFED   ti_sysbios_hal_Hwi_HwiProxy_Module__startupDone__S__mangled__             
UNDEFED   ti_sysbios_hal_Hwi_HwiProxy_Object__delete__S__mangled__                  
UNDEFED   ti_sysbios_hal_Hwi_HwiProxy_Params__init__S__mangled__                    
UNDEFED   ti_sysbios_hal_Hwi_HwiProxy_disableInterrupt__E__mangled__                
UNDEFED   ti_sysbios_hal_Hwi_HwiProxy_enableInterrupt__E__mangled__                 
UNDEFED   ti_sysbios_hal_Hwi_HwiProxy_getStackInfo__E__mangled__                    
UNDEFED   ti_sysbios_hal_Hwi_HwiProxy_startup__E__mangled__                         
UNDEFED   ti_sysbios_hal_Hwi_HwiProxy_switchFromBootStack__E__mangled__             
UNDEFED   ti_sysbios_hal_Hwi_disableInterrupt__E                                    
UNDEFED   ti_sysbios_hal_Hwi_enableInterrupt__E                                     
UNDEFED   ti_sysbios_hal_Hwi_getStackInfo__E                                        
UNDEFED   ti_sysbios_hal_Hwi_startup__E                                             
UNDEFED   ti_sysbios_hal_Hwi_switchFromBootStack__E                                 
UNDEFED   ti_sysbios_heaps_HeapMem_Module_GateProxy_Handle__label__S__mangled__     
UNDEFED   ti_sysbios_heaps_HeapMem_Module_GateProxy_Object__delete__S__mangled__    
UNDEFED   ti_sysbios_heaps_HeapMem_Module_GateProxy_Params__init__S__mangled__      
UNDEFED   ti_sysbios_heaps_HeapMem_Module_GateProxy_query__E__mangled__             
UNDEFED   ti_sysbios_knl_Clock_TimerProxy_Module__startupDone__S__mangled__         
UNDEFED   ti_sysbios_knl_Clock_TimerProxy_startup__E__mangled__                     
UNDEFED   ti_sysbios_knl_Task_SupportProxy_Module__startupDone__S__mangled__        
UNDEFED   ti_sysbios_knl_Task_SupportProxy_getStackAlignment__E__mangled__          
UNDEFED   ti_sysbios_knl_Task_SupportProxy_start__E__mangled__                      
UNDEFED   ti_sysbios_knl_Task_SupportProxy_swap__E__mangled__                       
UNDEFED   xdc_runtime_Main_Module_GateProxy_Handle__label__S                        
UNDEFED   xdc_runtime_Main_Module_GateProxy_Object__delete__S                       
UNDEFED   xdc_runtime_Main_Module_GateProxy_query__E                                
UNDEFED   xdc_runtime_Memory_HeapProxy_Handle__label__S__mangled__                  
UNDEFED   xdc_runtime_Memory_HeapProxy_Object__delete__S__mangled__                 
UNDEFED   xdc_runtime_System_Module_GateProxy_Handle__label__S__mangled__           
UNDEFED   xdc_runtime_System_Module_GateProxy_Object__delete__S__mangled__          
UNDEFED   xdc_runtime_System_Module_GateProxy_query__E__mangled__                   
UNDEFED   xdc_runtime_Timestamp_SupportProxy_get64__E__mangled__                    
UNDEFED   xdc_runtime_Timestamp_SupportProxy_getFreq__E__mangled__                  
UNDEFED   xdc_runtime_Timestamp_get32__E                                            
UNDEFED   xdc_runtime_Timestamp_get64__E                                            
UNDEFED   xdc_runtime_Timestamp_getFreq__E                                          

[1122 symbols]
