******************************************************************************
                  TI ARM Linker PC v15.12.3                    
******************************************************************************
>> Linked Fri Mar 03 00:20:14 2017

OUTPUT FILE NAME:   <hid_emu_kbd_cc2650em_stack.out>
ENTRY POINT SYMBOL: "startup_entry"  address: 0000f001


MEMORY CONFIGURATION

         name            origin    length      used     unused   attr    fill
----------------------  --------  ---------  --------  --------  ----  --------
  FLASH                 00000000   0001f000  0000fc53  0000f3ad  R  X
  SRAM                  20000000   000048e7  0000057c  0000436b  RW X


SEGMENT ALLOCATION MAP

run origin  load origin   length   init length attrs members
----------  ----------- ---------- ----------- ----- -------
0000f000    0000f000    0000ec53   0000ec53    r-x
  0000f000    0000f000    0000004c   0000004c    r-x EntrySection
  0000f04c    0000f04c    0000e034   0000e034    r-x .text
  0001d080    0001d080    000006f8   000006f8    r-- .const
  0001d778    0001d778    0000006e   0000006e    r-- .rodata
  0001d7e8    0001d7e8    0000046b   0000046b    r-- .cinit
0001e000    0001e000    00001000   00001000    r--
  0001e000    0001e000    00001000   00001000    r-- .TI.bound:NV_FLASH
20004368    20004368    0000057c   00000000    rw-
  20004368    20004368    00000140   00000000    rw- .bss
  200044a8    200044a8    0000043c   00000000    rw- .data


SECTION ALLOCATION MAP

 output                                  attributes/
section   page    origin      length       input sections
--------  ----  ----------  ----------   ----------------
EntrySection 
*          0    0000f000    0000004c     
                  0000f000    0000002c     icall_startup.obj (EntrySection)
                  0000f02c    00000008     rtsv7M3_T_le_eabi.lib : autoinit.obj (.tramp.__TI_auto_init.1)
                  0000f034    00000008     <whole-program> (.tramp.CommonROM_Init.1)
                  0000f03c    00000008     <whole-program> (.tramp.ROM_Init.1)
                  0000f044    00000008     <whole-program> (.tramp.stack_main.1)

.text      0    0000f04c    0000e034     
                  0000f04c    000001ec     host_pxxx.a : att_server.o (.text)
                  0000f238    000005b0                 : att_util.o (.text)
                  0000f7e8    00000340                 : gap_configmgr.o (.text)
                  0000fb28    000000b0                 : gap_devmgr.o (.text)
                  0000fbd8    00000910                 : gap_linkmgr.o (.text)
                  000104e8    00000680                 : gap_peridevmgr.o (.text)
                  00010b68    00000110                 : gap_perilinkmgr.o (.text)
                  00010c78    00000298                 : gap_task.o (.text)
                  00010f10    0000032c                 : gapgattserver.o (.text)
                  0001123c    00000a5c                 : gatt_server.o (.text)
                  00011c98    000002fc                 : gatt_task.o (.text)
                  00011f94    0000013e                 : gatt_uuid.o (.text)
                  000120d2    00000002     rtsv7M3_T_le_eabi.lib : startup.obj (.text)
                  000120d4    00000fe8     host_pxxx.a : gattservapp.o (.text)
                  000130bc    0000017e                 : l2cap_if.o (.text)
                  0001323a    00000002     --HOLE-- [fill = 0]
                  0001323c    000002b0                 : l2cap_task.o (.text)
                  000134ec    00000684                 : l2cap_util.o (.text)
                  00013b70    000002dc                 : linkdb.o (.text)
                  00013e4c    0000067c                 : sm_mgr.o (.text)
                  000144c8    000007d0                 : sm_pairing.o (.text)
                  00014c98    0000057c                 : sm_rsppairing.o (.text)
                  00015214    000000e8                 : sm_task.o (.text)
                  000152fc    00000396                 : smp.o (.text)
                  00015692    00000002     --HOLE-- [fill = 0]
                  00015694    000004e4     cc2640_ctrl_pxxx.a : ble_patch.o (.text)
                  00015b78    000000a8                        : hci_data_patch.o (.text)
                  00015c20    0000052c                        : hci_event_patch.o (.text)
                  0001614c    00000304                        : hci_patch.o (.text)
                  00016450    00000424                        : ll_adv_end_causes_patch.o (.text)
                  00016874    00000b2a                        : ll_common_patch.o (.text)
                  0001739e    00000002     --HOLE-- [fill = 0]
                  000173a0    0000014c                        : ll_enc_patch.o (.text)
                  000174ec    0000170c                        : ll_patch.o (.text)
                  00018bf8    00000010                        : ll_rat_patch.o (.text)
                  00018c08    000001a8                        : ll_scheduler_patch.o (.text)
                  00018db0    000006fa                        : ll_slave_end_causes_patch.o (.text)
                  000194aa    00000002     --HOLE-- [fill = 0]
                  000194ac    00000046                        : ll_sleep.o (.text)
                  000194f2    00000002     --HOLE-- [fill = 0]
                  000194f4    000003ac                        : ll_isr.o (.text)
                  000198a0    000000a8     cc26xx_hci_tl_none.a : hci_tl.o (.text)
                  00019948    00000070     rtsv7M3_T_le_eabi.lib : autoinit.obj (.text)
                  000199b8    00000018                           : ll_mul_t2.obj (.text)
                  000199d0    0000009c                           : memcpy_t2.obj (.text)
                  00019a6c    0000007a                           : memset_t2.obj (.text)
                  00019ae6    000001f4                           : ull_div_t2.obj (.text)
                  00019cda    0000000c     driverlib.lib : cpu.obj (.text:NOROM_CPUcpsie)
                  00019ce6    0000000c                   : cpu.obj (.text:NOROM_CPUcpsid)
                  00019cf2    00000002     --HOLE-- [fill = 0]
                  00019cf4    00000248     osal_timers.obj (.text)
                  00019f3c    00000024     driverlib.lib : trng.obj (.text:NOROM_TRNGConfigure)
                  00019f60    00000060     hal_trng_wrapper.obj (.text)
                  00019fc0    00000068     driverlib.lib : interrupt.obj (.text:NOROM_IntDisable)
                  0001a028    0000005c                   : interrupt.obj (.text:NOROM_IntEnable)
                  0001a084    00000068     rom_init.obj (.text)
                  0001a0ec    00000014     onboard.obj (.text)
                  0001a100    000000d0     osal_bufmgr.obj (.text)
                  0001a1d0    000007a0     osal.obj (.text)
                  0001a970    00000034     hal_assert.obj (.text)
                  0001a9a4    00000e9c     gapbondmgr.obj (.text)
                  0001b840    00000058     hal_flash_wrapper.obj (.text)
                  0001b898    000001a0     osal_cbtimer.obj (.text)
                  0001ba38    000004b8     osal_snv_wrapper.obj (.text)
                  0001bef0    00000014     driverlib.lib : vims.obj (.text:NOROM_VIMSModeGet)
                  0001bf04    0000001c                   : flash.obj (.text:NOROM_FlashProgram)
                  0001bf20    00000022     rtsv7M3_T_le_eabi.lib : memcmp.obj (.text)
                  0001bf42    00000002     --HOLE-- [fill = 0]
                  0001bf44    0000001c     driverlib.lib : flash.obj (.text:NOROM_FlashSectorErase)
                  0001bf60    00000910     ble_dispatch.obj (.text)
                  0001c870    00000040     gap.obj (.text)
                  0001c8b0    000000a0     osal_pwrmgr.obj (.text)
                  0001c950    00000044     osal_memory_icall.obj (.text)
                  0001c994    00000030     common_rom_init.obj (.text)
                  0001c9c4    00000060     ble_user_config.obj (.text)
                  0001ca24    00000118     osal_icall_ble.obj (.text)
                  0001cb3c    00000068     osal_clock.obj (.text)
                  0001cba4    00000014     rtsv7M3_T_le_eabi.lib : strlen.obj (.text)
                  0001cbb8    0000004c                           : cpy_tbl.obj (.text)
                  0001cc04    0000006a                           : copy_decompress_rle.obj (.text)
                  0001cc6e    00000006                           : copy_decompress_rle.obj (.text:decompress:rle24)
                  0001cc74    0000000e                           : copy_decompress_none.obj (.text:decompress:none)
                  0001cc82    00000002     --HOLE-- [fill = 0]
                  0001cc84    00000064     gattservapp_util.obj (.text)
                  0001cce8    00000008     ble_rom_patch.symbols (.tramp.HCI_ReadBDADDRCmd.1)
                  0001ccf0    00000008     ble_rom_patch.symbols (.tramp.HCI_LE_SetRandomAddressCmd.1)
                  0001ccf8    00000008     ble_rom_patch.symbols (.tramp.LL_ReadBDADDR.1)
                  0001cd00    00000008     ble_rom_patch.symbols (.tramp.HCI_DisconnectCmd.1)
                  0001cd08    00000008     ble_rom_patch.symbols (.tramp.HCI_LE_SetAdvDataCmd.1)
                  0001cd10    00000008     ble_rom_patch.symbols (.tramp.HCI_LE_SetScanRspDataCmd.1)
                  0001cd18    00000008     ble_rom_patch.symbols (.tramp.HCI_LE_SetAdvEnableCmd.1)
                  0001cd20    00000008     ble_rom_patch.symbols (.tramp.HCI_LE_SetAdvParamCmd.1)
                  0001cd28    00000008     ble_rom_patch.symbols (.tramp.HCI_SetControllerToHostFlowCtrlCmd.1)
                  0001cd30    00000008     ble_rom_patch.symbols (.tramp.HCI_HostBufferSizeCmd.1)
                  0001cd38    00000008     ble_rom_patch.symbols (.tramp.HCI_HostNumCompletedPktCmd.1)
                  0001cd40    00000008     ble_rom_patch.symbols (.tramp.HCI_SendDataPkt.1)
                  0001cd48    00000008     ble_rom_patch.symbols (.tramp.HCI_bm_alloc.1)
                  0001cd50    00000008     ble_rom_patch.symbols (.tramp.LL_Encrypt.1)
                  0001cd58    00000008     ble_rom_patch.symbols (.tramp.HCI_LE_LtkReqReplyCmd.1)
                  0001cd60    00000008     ble_rom_patch.symbols (.tramp.HCI_LE_LtkReqNegReplyCmd.1)
                  0001cd68    00000008     ble_rom_patch.symbols (.tramp.llMemCopySrc.1)
                  0001cd70    00000008     ble_rom_patch.symbols (.tramp.LL_ENC_ReverseBytes.1)
                  0001cd78    00000008     ble_rom_patch.symbols (.tramp.LL_ENC_GenDeviceSKD.1)
                  0001cd80    00000008     ble_rom_patch.symbols (.tramp.LL_ENC_GenDeviceIV.1)
                  0001cd88    00000008     ble_rom_patch.symbols (.tramp.llEnqueueCtrlPkt.1)
                  0001cd90    00000008     ble_rom_patch.symbols (.tramp.LL_RX_bm_alloc.1)
                  0001cd98    00000008     ble_rom_patch.symbols (.tramp.llPatchCM0.1)
                  0001cda0    00000008     ble_rom_patch.symbols (.tramp.RFHAL_AllocRatChan.1)
                  0001cda8    00000008     ble_rom_patch.symbols (.tramp.RFHAL_RegisterRatChanCallback.1)
                  0001cdb0    00000008     ble_rom_patch.symbols (.tramp.LL_CtrlToHostFlowControl.1)
                  0001cdb8    00000008     ble_rom_patch.symbols (.tramp.HCI_SendCommandCompleteEvent.1)
                  0001cdc0    00000008     ble_rom_patch.symbols (.tramp.HCI_CommandCompleteEvent.1)
                  0001cdc8    00000008     ble_rom_patch.symbols (.tramp.HCI_CommandStatusEvent.1)
                  0001cdd0    00000008     ble_rom_patch.symbols (.tramp.LL_EXT_ResetSystem.1)
                  0001cdd8    00000008     ble_rom_patch.symbols (.tramp.LL_ReadLocalVersionInfo.1)
                  0001cde0    00000008     ble_rom_patch.symbols (.tramp.llFreeTask.1)
                  0001cde8    00000008     ble_rom_patch.symbols (.tramp.LL_ENC_GeneratePseudoRandNum.1)
                  0001cdf0    00000008     ble_rom_patch.symbols (.tramp.llScheduler.1)
                  0001cdf8    00000008     ble_rom_patch.symbols (.tramp.llConvertLstoToEvent.1)
                  0001ce00    00000008     ble_rom_patch.symbols (.tramp.llConvertCtrlProcTimeoutToEvent.1)
                  0001ce08    00000008     ble_rom_patch.symbols (.tramp.llCalcScaFactor.1)
                  0001ce10    00000008     ble_rom_patch.symbols (.tramp.llConnTerminate.1)
                  0001ce18    00000008     ble_rom_patch.symbols (.tramp.RFHAL_InitDataQueue.1)
                  0001ce20    00000008     ble_rom_patch.symbols (.tramp.llEventDelta.1)
                  0001ce28    00000008     ble_rom_patch.symbols (.tramp.LL_TX_bm_alloc.1)
                  0001ce30    00000008     ble_rom_patch.symbols (.tramp.RFHAL_FreeNextTxDataEntry.1)
                  0001ce38    00000008     ble_rom_patch.symbols (.tramp.RFHAL_GetNextDataEntry.1)
                  0001ce40    00000008     ble_rom_patch.symbols (.tramp.RFHAL_GetTempDataEntry.1)
                  0001ce48    00000008     ble_rom_patch.symbols (.tramp.llReleaseConnId.1)
                  0001ce50    00000008     ble_rom_patch.symbols (.tramp.llTimeCompare.1)
                  0001ce58    00000008     ble_rom_patch.symbols (.tramp.HCI_HardwareErrorEvent.1)
                  0001ce60    00000008     ble_rom_patch.symbols (.tramp.llGetCurrentTask.1)
                  0001ce68    00000008     ble_rom_patch.symbols (.tramp.llTimeDelta.1)
                  0001ce70    00000008     ble_rom_patch.symbols (.tramp.llSetupRejectInd.1)
                  0001ce78    00000008     ble_rom_patch.symbols (.tramp.LL_ENC_Init.1)
                  0001ce80    00000008     ble_rom_patch.symbols (.tramp.LL_ENC_LoadKey.1)
                  0001ce88    00000008     ble_rom_patch.symbols (.tramp.LL_ENC_GenerateNonce.1)
                  0001ce90    00000008     ble_rom_patch.symbols (.tramp.LL_ENC_EncryptMsg.1)
                  0001ce98    00000008     ble_rom_patch.symbols (.tramp.LL_ENC_DecryptMsg.1)
                  0001cea0    00000008     ble_rom_patch.symbols (.tramp.LL_ENC_GenerateTrueRandNum.1)
                  0001cea8    00000008     ble_rom_patch.symbols (.tramp.WL_Init.1)
                  0001ceb0    00000008     ble_rom_patch.symbols (.tramp.LL_ClearWhiteList.1)
                  0001ceb8    00000008     ble_rom_patch.symbols (.tramp.llReleaseAllConnId.1)
                  0001cec0    00000008     ble_rom_patch.symbols (.tramp.LL_ConnActive.1)
                  0001cec8    00000008     ble_rom_patch.symbols (.tramp.HCI_DataBufferOverflowEvent.1)
                  0001ced0    00000008     ble_rom_patch.symbols (.tramp.LL_DirectTestEndDoneCback.1)
                  0001ced8    00000008     ble_rom_patch.symbols (.tramp.llGetActiveTasks.1)
                  0001cee0    00000008     ble_rom_patch.symbols (.tramp.llSetupAdv.1)
                  0001cee8    00000008     ble_rom_patch.symbols (.tramp.llGetNumTasks.1)
                  0001cef0    00000008     ble_rom_patch.symbols (.tramp.llCheckForLstoDuringSL.1)
                  0001cef8    00000008     ble_rom_patch.symbols (.tramp.llEventInRange.1)
                  0001cf00    00000008     ble_rom_patch.symbols (.tramp.llSetupUnknownRsp.1)
                  0001cf08    00000008     ble_rom_patch.symbols (.tramp.LL_EncLtkReqCback.1)
                  0001cf10    00000008     ble_rom_patch.symbols (.tramp.llSetupEncRsp.1)
                  0001cf18    00000008     ble_rom_patch.symbols (.tramp.llSetupStartEncReq.1)
                  0001cf20    00000008     ble_rom_patch.symbols (.tramp.LL_ENC_AES128_Encrypt.1)
                  0001cf28    00000008     ble_rom_patch.symbols (.tramp.LL_EncKeyRefreshCback.1)
                  0001cf30    00000008     ble_rom_patch.symbols (.tramp.LL_EncChangeCback.1)
                  0001cf38    00000008     ble_rom_patch.symbols (.tramp.llSetupStartEncRsp.1)
                  0001cf40    00000008     ble_rom_patch.symbols (.tramp.llSetupPauseEncRsp.1)
                  0001cf48    00000008     ble_rom_patch.symbols (.tramp.LL_ReadRemoteVersionInfoCback.1)
                  0001cf50    00000008     ble_rom_patch.symbols (.tramp.llSetupVersionIndReq.1)
                  0001cf58    00000008     ble_rom_patch.symbols (.tramp.llMoveTempTxDataEntries.1)
                  0001cf60    00000008     ble_rom_patch.symbols (.tramp.RFHAL_NextDataEntryDone.1)
                  0001cf68    00000008     ble_rom_patch.symbols (.tramp.LL_PseudoRand.1)
                  0001cf70    00000008     ble_rom_patch.symbols (.tramp.HCI_LE_ClearWhiteListCmd.1)
                  0001cf78    00000008     ble_rom_patch.symbols (.tramp.HCI_LE_AddWhiteListCmd.1)
                  0001cf80    00000008     ble_rom_patch.symbols (.tramp.HCI_EXT_NumComplPktsLimitCmd.1)
                  0001cf88    00000008     ble_rom_patch.symbols (.tramp.HCI_EXT_BuildRevisionCmd.1)
                  0001cf90    00000008     ble_rom_patch.symbols (.tramp.HCI_EXT_SetSlaveLatencyOverrideCmd.1)
                  0001cf98    00000008     ble_rom_patch.symbols (.tramp.HCI_EXT_AdvEventNoticeCmd.1)
                  0001cfa0    00000008     ble_rom_patch.symbols (.tramp.HCI_EXT_PERbyChanCmd.1)
                  0001cfa8    00000008     ble_rom_patch.symbols (.tramp.HCI_EXT_PacketErrorRateCmd.1)
                  0001cfb0    00000008     ble_rom_patch.symbols (.tramp.HCI_EXT_DisconnectImmedCmd.1)
                  0001cfb8    00000008     ble_rom_patch.symbols (.tramp.HCI_EXT_SetMaxDtmTxPowerCmd.1)
                  0001cfc0    00000008     ble_rom_patch.symbols (.tramp.HCI_EXT_EnablePTMCmd.1)
                  0001cfc8    00000008     ble_rom_patch.symbols (.tramp.HCI_EXT_SetSCACmd.1)
                  0001cfd0    00000008     ble_rom_patch.symbols (.tramp.HCI_EXT_SetBDADDRCmd.1)
                  0001cfd8    00000008     ble_rom_patch.symbols (.tramp.HCI_EXT_EndModemTestCmd.1)
                  0001cfe0    00000008     ble_rom_patch.symbols (.tramp.HCI_EXT_ModemTestRxCmd.1)
                  0001cfe8    00000008     ble_rom_patch.symbols (.tramp.HCI_EXT_ModemHopTestTxCmd.1)
                  0001cff0    00000008     ble_rom_patch.symbols (.tramp.HCI_EXT_ModemTestTxCmd.1)
                  0001cff8    00000008     ble_rom_patch.symbols (.tramp.HCI_EXT_SetFastTxResponseTimeCmd.1)
                  0001d000    00000008     ble_rom_patch.symbols (.tramp.HCI_EXT_SetLocalSupportedFeaturesCmd.1)
                  0001d008    00000008     ble_rom_patch.symbols (.tramp.HCI_EXT_DecryptCmd.1)
                  0001d010    00000008     ble_rom_patch.symbols (.tramp.HCI_EXT_OnePktPerEvtCmd.1)
                  0001d018    00000008     ble_rom_patch.symbols (.tramp.HCI_EXT_SetTxPowerCmd.1)
                  0001d020    00000008     ble_rom_patch.symbols (.tramp.HCI_LE_TestEndCmd.1)
                  0001d028    00000008     ble_rom_patch.symbols (.tramp.HCI_LE_ReadSupportedStatesCmd.1)
                  0001d030    00000008     ble_rom_patch.symbols (.tramp.HCI_LE_EncryptCmd.1)
                  0001d038    00000008     ble_rom_patch.symbols (.tramp.HCI_LE_ReadChannelMapCmd.1)
                  0001d040    00000008     ble_rom_patch.symbols (.tramp.HCI_LE_RemoveWhiteListCmd.1)
                  0001d048    00000008     ble_rom_patch.symbols (.tramp.HCI_LE_ReadWhiteListSizeCmd.1)
                  0001d050    00000008     ble_rom_patch.symbols (.tramp.HCI_LE_ReadAdvChanTxPowerCmd.1)
                  0001d058    00000008     ble_rom_patch.symbols (.tramp.HCI_LE_ReadLocalSupportedFeaturesCmd.1)
                  0001d060    00000008     ble_rom_patch.symbols (.tramp.HCI_ReadLocalSupportedFeaturesCmd.1)
                  0001d068    00000008     ble_rom_patch.symbols (.tramp.HCI_ReadTransmitPowerLevelCmd.1)
                  0001d070    00000008     ble_rom_patch.symbols (.tramp.HCI_SetEventMaskCmd.1)
                  0001d078    00000008     ble_rom_patch.symbols (.tramp.HCI_ReadRemoteVersionInfoCmd.1)

.const     0    0001d080    000006f8     
                  0001d080    00000028     osal_icall_ble.obj (.const:tasksArr)
                  0001d0a8    0000010c     common_rom_init.obj (.const:$O11$$)
                  0001d1b4    000005c4     rom_init.obj (.const:$O13$$)

.constdata 
*          0    0001d778    00000000     UNINITIALIZED

.rodata    0    0001d778    0000006e     
                  0001d778    00000008     host_pxxx.a : gapgattserver.o (.rodata)
                  0001d780    00000008                 : gattservapp.o (.rodata)
                  0001d788    0000005c     cc2640_ctrl_pxxx.a : ll_config.o (.rodata)
                  0001d7e4    00000002                        : ll_patch.o (.rodata)

.cinit     0    0001d7e8    0000046b     
                  0001d7e8    00000008     (__TI_handler_table)
                  0001d7f0    00000010     (__TI_cinit_table)
                  0001d800    00000444     (.cinit..data.load) [load image]
                  0001dc44    00000004     --HOLE-- [fill = 0]
                  0001dc48    0000000b     (.cinit..bss.load) [load image, compression = rle]

.pinit     0    0001dc53    00000000     UNINITIALIZED

.init_array 
*          0    0001dc53    00000000     UNINITIALIZED

.emb_text 
*          0    0001dc53    00000000     UNINITIALIZED

.TI.bound:NV_FLASH 
*          0    0001e000    00001000     
                  0001e000    00001000     osal_snv_wrapper.obj (.TI.bound:NV_FLASH)

.bss       0    20004368    00000140     UNINITIALIZED
                  20004368    00000004     host_pxxx.a : att_server.o (.bss)
                  2000436c    00000004                 : gap_devmgr.o (.bss)
                  20004370    00000004                 : gap_devmgr.o (.bss)
                  20004374    00000001                 : gap_devmgr.o (.bss)
                  20004375    00000001                 : l2cap_if.o (.bss)
                  20004376    00000002                 : gap_peridevmgr.o (.bss)
                  20004378    00000004                 : gap_linkmgr.o (.bss)
                  2000437c    00000004                 : gap_task.o (.bss)
                  20004380    00000004                 : gapgattserver.o (.bss)
                  20004384    00000004                 : gatt_server.o (.bss)
                  20004388    00000002                 : gatt_task.o (.bss)
                  2000438a    00000001                 : l2cap_util.o (.bss)
                  2000438b    00000001                 : sm_task.o (.bss)
                  2000438c    00000008                 : gatt_task.o (.bss)
                  20004394    00000024                 : gattservapp.o (.bss)
                  200043b8    00000004                 : gattservapp.o (.bss)
                  200043bc    00000030                 : l2cap_task.o (.bss)
                  200043ec    00000038                 : linkdb.o (.bss)
                  20004424    0000000c                 : sm_pairing.o (.bss)
                  20004430    00000010     cc2640_ctrl_pxxx.a : hci_event_patch.o (.bss)
                  20004440    00000008                        : ll_patch.o (.bss)
                  20004448    00000002                        : ll_slave_end_causes_patch.o (.bss)
                  2000444a    00000001     cc26xx_hci_tl_none.a : hci_tl.o (.bss)
                  2000444b    00000001                          : hci_tl.o (.bss)
                  2000444c    00000001                          : hci_tl.o (.bss)
                  2000444d    00000001                          : hci_tl.o (.bss)
                  2000444e    00000001                          : hci_tl.o (.bss)
                  2000444f    00000001                          : hci_tl.o (.bss)
                  20004450    00000004     hal_trng_wrapper.obj (.bss)
                  20004454    0000003c     ble_dispatch.obj (.bss:$O3$$)
                  20004490    00000008     osal_timers.obj (.bss:$O9$$)
                  20004498    0000000c     icall_startup.obj (.bss:$O12$$)
                  200044a4    00000004     (.common:tasksEvents)

.data      0    200044a8    0000043c     UNINITIALIZED
                  200044a8    0000002c     host_pxxx.a : gap_configmgr.o (.data)
                  200044d4    00000050                 : gap_configmgr.o (.data)
                  20004524    0000001c                 : gap_linkmgr.o (.data)
                  20004540    0000001c                 : gap_peridevmgr.o (.data)
                  2000455c    00000004                 : gap_perilinkmgr.o (.data)
                  20004560    0000000c                 : gap_task.o (.data)
                  2000456c    00000001                 : gapgattserver.o (.data)
                  2000456d    00000001                 : gapgattserver.o (.data)
                  2000456e    00000001                 : gapgattserver.o (.data)
                  2000456f    00000001                 : gatt_server.o (.data)
                  20004570    00000024                 : gapgattserver.o (.data)
                  20004594    00000070                 : gapgattserver.o (.data)
                  20004604    00000008                 : gatt_server.o (.data)
                  2000460c    00000001                 : gatt_task.o (.data)
                  2000460d    00000001                 : gattservapp.o (.data)
                  2000460e    00000002                 : l2cap_task.o (.data)
                  20004610    00000010                 : gattservapp.o (.data)
                  20004620    00000008                 : l2cap_task.o (.data)
                  20004628    00000010                 : sm_rsppairing.o (.data)
                  20004638    0000000c     cc2640_ctrl_pxxx.a : ll_common_patch.o (.data)
                  20004644    00000018                        : ll_config.o (.data)
                  2000465c    00000004     osal_bufmgr.obj (.data)
                  20004660    000000e8     cc2640_ctrl_pxxx.a : ll_patch.o (.data)
                  20004748    00000008     hal_assert.obj (.data:$O1$$)
                  20004750    0000002c     osal.obj (.data:$O4$$)
                  2000477c    0000007c     osal_cbtimer.obj (.data:$O5$$)
                  200047f8    00000008     osal_clock.obj (.data:$O6$$)
                  20004800    00000004     osal_pwrmgr.obj (.data:$O7$$)
                  20004804    00000004     osal_snv_wrapper.obj (.data:$O8$$)
                  20004808    000000dc     gapbondmgr.obj (.data:$O10$$)

MODULE SUMMARY

       Module                        code    ro data   rw data
       ------                        ----    -------   -------
    .\HAL\Common\
       hal_assert.obj                52      0         8      
    +--+-----------------------------+-------+---------+---------+
       Total:                        52      0         8      
                                                              
    .\HAL\Target\CC2650\Drivers\
       hal_trng_wrapper.obj          96      0         4      
       hal_flash_wrapper.obj         88      0         0      
    +--+-----------------------------+-------+---------+---------+
       Total:                        184     0         4      
                                                              
    .\ICallBLE\
       ble_dispatch.obj              2320    0         60     
    +--+-----------------------------+-------+---------+---------+
       Total:                        2320    0         60     
                                                              
    .\OSAL\
       osal_snv_wrapper.obj          1208    4096      4      
       osal.obj                      1952    0         44     
       osal_timers.obj               584     0         8      
       osal_cbtimer.obj              416     0         124    
       osal_bufmgr.obj               208     0         4      
       osal_pwrmgr.obj               160     0         4      
       osal_clock.obj                104     0         8      
       osal_memory_icall.obj         68      0         0      
    +--+-----------------------------+-------+---------+---------+
       Total:                        4700    4096      196    
                                                              
    .\PROFILES\
       gapbondmgr.obj                3740    0         220    
       gattservapp_util.obj          100     0         0      
       gap.obj                       64      0         0      
    +--+-----------------------------+-------+---------+---------+
       Total:                        3904    0         220    
                                                              
    .\Startup\
       rom_init.obj                  104     1476      0      
       osal_icall_ble.obj            280     40        0      
       common_rom_init.obj           48      268       0      
       ble_user_config.obj           96      0         0      
       icall_startup.obj             44      0         12     
    +--+-----------------------------+-------+---------+---------+
       Total:                        572     1784      12     
                                                              
    .\TOOLS\
       onboard.obj                   20      0         0      
    +--+-----------------------------+-------+---------+---------+
       Total:                        20      0         0      
                                                              
    C:\Users\nerya\AppData\Local\Temp\
       041882                        24      0         4      
    +--+-----------------------------+-------+---------+---------+
       Total:                        24      0         4      
                                                              
    C:\ti\simplelink\ble_sdk_2_02_00_31\src\rom\ble_rom_releases\04242014\
       ble_rom_patch.symbols         920     0         0      
    +--+-----------------------------+-------+---------+---------+
       Total:                        920     0         0      
                                                              
    C:/ti/tirtos_cc13xx_cc26xx_2_18_00_03/products/cc26xxware_2_23_03_17162/driverlib/bin/ccs/driverlib.lib
       interrupt.obj                 196     0         0      
       flash.obj                     56      0         0      
       trng.obj                      36      0         0      
       cpu.obj                       24      0         0      
       vims.obj                      20      0         0      
    +--+-----------------------------+-------+---------+---------+
       Total:                        332     0         0      
                                                              
    C:\ti\ccsv6\tools\compiler\arm_15.12.3.LTS\lib\rtsv7M3_T_le_eabi.lib
       ull_div_t2.obj                500     0         0      
       memcpy_t2.obj                 156     0         0      
       memset_t2.obj                 122     0         0      
       autoinit.obj                  120     0         0      
       copy_decompress_rle.obj       112     0         0      
       cpy_tbl.obj                   76      0         0      
       memcmp.obj                    34      0         0      
       ll_mul_t2.obj                 24      0         0      
       strlen.obj                    20      0         0      
       copy_decompress_none.obj      14      0         0      
       startup.obj                   2       0         0      
    +--+-----------------------------+-------+---------+---------+
       Total:                        1180    0         0      
                                                              
    C:\ti\simplelink\ble_sdk_2_02_00_31\blelib\ctrl\cc2640\cc2640_ctrl_pxxx.a
       ll_patch.o                    5900    2         240    
       ll_common_patch.o             2858    0         12     
       ll_slave_end_causes_patch.o   1786    0         2      
       hci_event_patch.o             1324    0         16     
       ble_patch.o                   1252    0         0      
       ll_adv_end_causes_patch.o     1060    0         0      
       ll_isr.o                      940     0         0      
       hci_patch.o                   772     0         0      
       ll_scheduler_patch.o          424     0         0      
       ll_enc_patch.o                332     0         0      
       hci_data_patch.o              168     0         0      
       ll_config.o                   0       92        24     
       ll_sleep.o                    70      0         0      
       ll_rat_patch.o                16      0         0      
    +--+-----------------------------+-------+---------+---------+
       Total:                        16902   94        294    
                                                              
    C:\ti\simplelink\ble_sdk_2_02_00_31\blelib\hci_tl\cc26xx\cc26xx_hci_tl_none.a
       hci_tl.o                      168     0         6      
    +--+-----------------------------+-------+---------+---------+
       Total:                        168     0         6      
                                                              
    C:\ti\simplelink\ble_sdk_2_02_00_31\blelib\host\host_pxxx.a
       gattservapp.o                 4072    8         57     
       gatt_server.o                 2652    0         13     
       gap_linkmgr.o                 2320    0         32     
       sm_pairing.o                  2000    0         12     
       gap_peridevmgr.o              1664    0         30     
       l2cap_util.o                  1668    0         1      
       sm_mgr.o                      1660    0         0      
       att_util.o                    1456    0         0      
       sm_rsppairing.o               1404    0         16     
       gapgattserver.o               812     8         155    
       gap_configmgr.o               832     0         124    
       smp.o                         918     0         0      
       linkdb.o                      732     0         56     
       gatt_task.o                   764     0         11     
       l2cap_task.o                  688     0         58     
       gap_task.o                    664     0         16     
       att_server.o                  492     0         4      
       l2cap_if.o                    382     0         1      
       gatt_uuid.o                   318     0         0      
       gap_perilinkmgr.o             272     0         4      
       sm_task.o                     232     0         1      
       gap_devmgr.o                  176     0         9      
    +--+-----------------------------+-------+---------+---------+
       Total:                        26178   16        600    
                                                              
       Linker Generated:             0       1127      0      
    +--+-----------------------------+-------+---------+---------+
       Grand Total:                  57456   7117      1404   


LINKER GENERATED COPY TABLES

__TI_cinit_table @ 0001d7f0 records: 2, size/record: 8, table size: 16
	.data: load addr=0001d800, load size=00000444 bytes, run addr=200044a8, run size=0000043c bytes, compression=copy
	.bss: load addr=0001dc48, load size=0000000b bytes, run addr=20004368, run size=00000140 bytes, compression=rle


LINKER GENERATED HANDLER TABLE

__TI_handler_table @ 0001d7e8 records: 2, size/record: 4, table size: 8
	index: 0, handler: __TI_decompress_rle24
	index: 1, handler: __TI_decompress_none


FAR CALL TRAMPOLINES

callee name               trampoline name
   callee addr  tramp addr   call addr  call info
--------------  -----------  ---------  ----------------
__TI_auto_init            $Tramp$TT$S$$__TI_auto_init
   00019949     0000f02c     0000f006   icall_startup.obj (EntrySection)
CommonROM_Init            $Tramp$TT$S$$CommonROM_Init
   0001c995     0000f034     0000f018   icall_startup.obj (EntrySection)
ROM_Init                  $Tramp$TT$S$$ROM_Init
   0001a0bb     0000f03c     0000f01c   icall_startup.obj (EntrySection)
stack_main                $Tramp$TT$S$$stack_main
   0001caf1     0000f044     0000f022   icall_startup.obj (EntrySection)
HCI_ReadBDADDRCmd         $Tramp$TT$L$PI$$HCI_ReadBDADDRCmd
   10009765     0001cce8     0000f828   host_pxxx.a : gap_configmgr.o (.text)
                             0001c728   ble_dispatch.obj (.text)
HCI_LE_SetRandomAddressCmd  $Tramp$TT$L$PI$$HCI_LE_SetRandomAddressCmd
   10009849     0001ccf0     0000f9f0   host_pxxx.a : gap_configmgr.o (.text)
LL_ReadBDADDR             $Tramp$TT$L$PI$$LL_ReadBDADDR
   100056c9     0001ccf8     0000fac0   host_pxxx.a : gap_configmgr.o (.text)
HCI_DisconnectCmd         $Tramp$TT$L$PI$$HCI_DisconnectCmd
   10009525     0001cd00     0000fc42   host_pxxx.a : gap_linkmgr.o (.text)
                             00010146               : gap_linkmgr.o (.text)
HCI_LE_SetAdvDataCmd      $Tramp$TT$L$PI$$HCI_LE_SetAdvDataCmd
   100098a1     0001cd08     000105dc   host_pxxx.a : gap_peridevmgr.o (.text)
                             00010ab6               : gap_peridevmgr.o (.text)
HCI_LE_SetScanRspDataCmd  $Tramp$TT$L$PI$$HCI_LE_SetScanRspDataCmd
   100098bd     0001cd10     000105e6   host_pxxx.a : gap_peridevmgr.o (.text)
                             00010ac0               : gap_peridevmgr.o (.text)
HCI_LE_SetAdvEnableCmd    $Tramp$TT$L$PI$$HCI_LE_SetAdvEnableCmd
   100098d9     0001cd18     00010636   host_pxxx.a : gap_peridevmgr.o (.text)
                             00010822               : gap_peridevmgr.o (.text)
HCI_LE_SetAdvParamCmd     $Tramp$TT$L$PI$$HCI_LE_SetAdvParamCmd
   1000986d     0001cd20     00010806   host_pxxx.a : gap_peridevmgr.o (.text)
HCI_SetControllerToHostFlowCtrlCmd  $Tramp$TT$L$PI$$HCI_SetControllerToHostFlowCtrlCmd
   100095f5     0001cd28     000131cc   host_pxxx.a : l2cap_if.o (.text)
                             000131ec               : l2cap_if.o (.text)
HCI_HostBufferSizeCmd     $Tramp$TT$L$PI$$HCI_HostBufferSizeCmd
   10009631     0001cd30     000131e2   host_pxxx.a : l2cap_if.o (.text)
HCI_HostNumCompletedPktCmd  $Tramp$TT$L$PI$$HCI_HostNumCompletedPktCmd
   1000965d     0001cd38     00013200   host_pxxx.a : l2cap_if.o (.text)
HCI_SendDataPkt           $Tramp$TT$L$PI$$HCI_SendDataPkt
   100094e9     0001cd40     000136dc   host_pxxx.a : l2cap_util.o (.text)
HCI_bm_alloc              $Tramp$TT$L$PI$$HCI_bm_alloc
   100094a1     0001cd48     00013b56   host_pxxx.a : l2cap_util.o (.text)
                             00016d24   cc2640_ctrl_pxxx.a : ll_common_patch.o (.text)
LL_Encrypt                $Tramp$TT$L$PI$$LL_Encrypt
   100057d5     0001cd50     00014162   host_pxxx.a : sm_mgr.o (.text)
HCI_LE_LtkReqReplyCmd     $Tramp$TT$L$PI$$HCI_LE_LtkReqReplyCmd
   10009bc5     0001cd58     00014d50   host_pxxx.a : sm_rsppairing.o (.text)
HCI_LE_LtkReqNegReplyCmd  $Tramp$TT$L$PI$$HCI_LE_LtkReqNegReplyCmd
   10009be1     0001cd60     00014d6a   host_pxxx.a : sm_rsppairing.o (.text)
llMemCopySrc              $Tramp$TT$L$PI$$llMemCopySrc
   100089d9     0001cd68     000156fc   cc2640_ctrl_pxxx.a : ble_patch.o (.text)
                             00015708                      : ble_patch.o (.text)
                             00015714                      : ble_patch.o (.text)
                             00015720                      : ble_patch.o (.text)
                             00015744                      : ble_patch.o (.text)
                             00015780                      : ble_patch.o (.text)
                             0001578c                      : ble_patch.o (.text)
                             000157dc                      : ble_patch.o (.text)
                             000157e8                      : ble_patch.o (.text)
                             000157f6                      : ble_patch.o (.text)
                             0001580e                      : ble_patch.o (.text)
                             000158d2                      : ble_patch.o (.text)
                             000158de                      : ble_patch.o (.text)
LL_ENC_ReverseBytes       $Tramp$TT$L$PI$$LL_ENC_ReverseBytes
   1000b4ed     0001cd70     00015800   cc2640_ctrl_pxxx.a : ble_patch.o (.text)
                             00015816                      : ble_patch.o (.text)
LL_ENC_GenDeviceSKD       $Tramp$TT$L$PI$$LL_ENC_GenDeviceSKD
   1000b541     0001cd78     0001581e   cc2640_ctrl_pxxx.a : ble_patch.o (.text)
LL_ENC_GenDeviceIV        $Tramp$TT$L$PI$$LL_ENC_GenDeviceIV
   1000b555     0001cd80     00015826   cc2640_ctrl_pxxx.a : ble_patch.o (.text)
llEnqueueCtrlPkt          $Tramp$TT$L$PI$$llEnqueueCtrlPkt
   100080bd     0001cd88     0001585c   cc2640_ctrl_pxxx.a : ble_patch.o (.text)
                             00015904                      : ble_patch.o (.text)
                             0001819e                      : ll_patch.o (.text)
LL_RX_bm_alloc            $Tramp$TT$L$PI$$LL_RX_bm_alloc
   1000556d     0001cd90     0001597e   cc2640_ctrl_pxxx.a : ble_patch.o (.text)
                             000159c0                      : ble_patch.o (.text)
                             00016e16                      : ll_common_patch.o (.text)
llPatchCM0                $Tramp$TT$L$PI$$llPatchCM0
   1000adb1     0001cd98     00015a38   cc2640_ctrl_pxxx.a : ble_patch.o (.text)
RFHAL_AllocRatChan        $Tramp$TT$L$PI$$RFHAL_AllocRatChan
   10018315     0001cda0     00015a3c   cc2640_ctrl_pxxx.a : ble_patch.o (.text)
RFHAL_RegisterRatChanCallback  $Tramp$TT$L$PI$$RFHAL_RegisterRatChanCallback
   10018391     0001cda8     00015a48   cc2640_ctrl_pxxx.a : ble_patch.o (.text)
LL_CtrlToHostFlowControl  $Tramp$TT$L$PI$$LL_CtrlToHostFlowControl
   100058d5     0001cdb0     00015b9a   cc2640_ctrl_pxxx.a : hci_data_patch.o (.text)
HCI_SendCommandCompleteEvent  $Tramp$TT$L$PI$$HCI_SendCommandCompleteEvent
   10008c81     0001cdb8     00016120   cc2640_ctrl_pxxx.a : hci_event_patch.o (.text)
HCI_CommandCompleteEvent  $Tramp$TT$L$PI$$HCI_CommandCompleteEvent
   10008add     0001cdc0     000161b6   cc2640_ctrl_pxxx.a : hci_patch.o (.text)
                             00016272                      : hci_patch.o (.text)
                             000162a0                      : hci_patch.o (.text)
                             000163d6                      : hci_patch.o (.text)
                             00016404                      : hci_patch.o (.text)
HCI_CommandStatusEvent    $Tramp$TT$L$PI$$HCI_CommandStatusEvent
   10008ba1     0001cdc8     0001628a   cc2640_ctrl_pxxx.a : hci_patch.o (.text)
                             000162fc                      : hci_patch.o (.text)
LL_EXT_ResetSystem        $Tramp$TT$L$PI$$LL_EXT_ResetSystem
   100070d5     0001cdd0     00016314   cc2640_ctrl_pxxx.a : hci_patch.o (.text)
LL_ReadLocalVersionInfo   $Tramp$TT$L$PI$$LL_ReadLocalVersionInfo
   1000589d     0001cdd8     00016394   cc2640_ctrl_pxxx.a : hci_patch.o (.text)
llFreeTask                $Tramp$TT$L$PI$$llFreeTask
   1000abed     0001cde0     00016470   cc2640_ctrl_pxxx.a : ll_adv_end_causes_patch.o (.text)
                             0001658a                      : ll_adv_end_causes_patch.o (.text)
                             00016bba                      : ll_common_patch.o (.text)
                             00018a10                      : ll_patch.o (.text)
LL_ENC_GeneratePseudoRandNum  $Tramp$TT$L$PI$$LL_ENC_GeneratePseudoRandNum
   1000b50d     0001cde8     00016484   cc2640_ctrl_pxxx.a : ll_adv_end_causes_patch.o (.text)
                             0001651a                      : ll_adv_end_causes_patch.o (.text)
llScheduler               $Tramp$TT$L$PI$$llScheduler
   1000a335     0001cdf0     000164ae   cc2640_ctrl_pxxx.a : ll_adv_end_causes_patch.o (.text)
                             00016554                      : ll_adv_end_causes_patch.o (.text)
                             00016830                      : ll_adv_end_causes_patch.o (.text)
                             000189d8                      : ll_patch.o (.text)
                             00018a1c                      : ll_patch.o (.text)
                             00018f6c                      : ll_slave_end_causes_patch.o (.text)
llConvertLstoToEvent      $Tramp$TT$L$PI$$llConvertLstoToEvent
   10008721     0001cdf8     0001669e   cc2640_ctrl_pxxx.a : ll_adv_end_causes_patch.o (.text)
                             0001905c                      : ll_slave_end_causes_patch.o (.text)
llConvertCtrlProcTimeoutToEvent  $Tramp$TT$L$PI$$llConvertCtrlProcTimeoutToEvent
   10008741     0001ce00     000166a8   cc2640_ctrl_pxxx.a : ll_adv_end_causes_patch.o (.text)
                             000190ba                      : ll_slave_end_causes_patch.o (.text)
llCalcScaFactor           $Tramp$TT$L$PI$$llCalcScaFactor
   1000d94d     0001ce08     000166c2   cc2640_ctrl_pxxx.a : ll_adv_end_causes_patch.o (.text)
llConnTerminate           $Tramp$TT$L$PI$$llConnTerminate
   10008631     0001ce10     00016770   cc2640_ctrl_pxxx.a : ll_adv_end_causes_patch.o (.text)
                             00018b68                      : ll_patch.o (.text)
                             00018f00                      : ll_slave_end_causes_patch.o (.text)
                             000191e6                      : ll_slave_end_causes_patch.o (.text)
                             000192a8                      : ll_slave_end_causes_patch.o (.text)
RFHAL_InitDataQueue       $Tramp$TT$L$PI$$RFHAL_InitDataQueue
   100183b9     0001ce18     00016784   cc2640_ctrl_pxxx.a : ll_adv_end_causes_patch.o (.text)
                             00016b68                      : ll_common_patch.o (.text)
                             00016b98                      : ll_common_patch.o (.text)
llEventDelta              $Tramp$TT$L$PI$$llEventDelta
   10008719     0001ce20     000168de   cc2640_ctrl_pxxx.a : ll_common_patch.o (.text)
                             000170ec                      : ll_common_patch.o (.text)
                             0001902a                      : ll_slave_end_causes_patch.o (.text)
                             00019076                      : ll_slave_end_causes_patch.o (.text)
LL_TX_bm_alloc            $Tramp$TT$L$PI$$LL_TX_bm_alloc
   10005549     0001ce28     00016a4a   cc2640_ctrl_pxxx.a : ll_common_patch.o (.text)
                             0001714a                      : ll_common_patch.o (.text)
RFHAL_FreeNextTxDataEntry  $Tramp$TT$L$PI$$RFHAL_FreeNextTxDataEntry
   10018485     0001ce30     00016acc   cc2640_ctrl_pxxx.a : ll_common_patch.o (.text)
                             00016b36                      : ll_common_patch.o (.text)
RFHAL_GetNextDataEntry    $Tramp$TT$L$PI$$RFHAL_GetNextDataEntry
   100184cd     0001ce38     00016ad2   cc2640_ctrl_pxxx.a : ll_common_patch.o (.text)
                             00016b3c                      : ll_common_patch.o (.text)
                             00016b7c                      : ll_common_patch.o (.text)
                             00019744                      : ll_isr.o (.text)
RFHAL_GetTempDataEntry    $Tramp$TT$L$PI$$RFHAL_GetTempDataEntry
   100184d1     0001ce40     00016b46   cc2640_ctrl_pxxx.a : ll_common_patch.o (.text)
                             00017214                      : ll_common_patch.o (.text)
llReleaseConnId           $Tramp$TT$L$PI$$llReleaseConnId
   10008429     0001ce48     00016bb4   cc2640_ctrl_pxxx.a : ll_common_patch.o (.text)
llTimeCompare             $Tramp$TT$L$PI$$llTimeCompare
   1000d8c9     0001ce50     00016c66   cc2640_ctrl_pxxx.a : ll_common_patch.o (.text)
                             00016eca                      : ll_common_patch.o (.text)
HCI_HardwareErrorEvent    $Tramp$TT$L$PI$$HCI_HardwareErrorEvent
   10008bf5     0001ce58     00016d48   cc2640_ctrl_pxxx.a : ll_common_patch.o (.text)
                             00016e52                      : ll_common_patch.o (.text)
                             00016fac                      : ll_common_patch.o (.text)
                             00017320                      : ll_common_patch.o (.text)
                             0001739a                      : ll_common_patch.o (.text)
                             00017ef6                      : ll_patch.o (.text)
                             000182ae                      : ll_patch.o (.text)
llGetCurrentTask          $Tramp$TT$L$PI$$llGetCurrentTask
   1000ac3d     0001ce60     00016ed0   cc2640_ctrl_pxxx.a : ll_common_patch.o (.text)
                             00017e24                      : ll_patch.o (.text)
                             000189f6                      : ll_patch.o (.text)
                             00018b42                      : ll_patch.o (.text)
                             00018b4c                      : ll_patch.o (.text)
llTimeDelta               $Tramp$TT$L$PI$$llTimeDelta
   1000d8f5     0001ce68     00016ee2   cc2640_ctrl_pxxx.a : ll_common_patch.o (.text)
llSetupRejectInd          $Tramp$TT$L$PI$$llSetupRejectInd
   10007df5     0001ce70     0001712c   cc2640_ctrl_pxxx.a : ll_common_patch.o (.text)
                             000193ee                      : ll_slave_end_causes_patch.o (.text)
LL_ENC_Init               $Tramp$TT$L$PI$$LL_ENC_Init
   1000b4c9     0001ce78     000173e2   cc2640_ctrl_pxxx.a : ll_enc_patch.o (.text)
                             00017450                      : ll_enc_patch.o (.text)
                             00017f88                      : ll_patch.o (.text)
                             000194c0                      : ll_sleep.o (.text)
LL_ENC_LoadKey            $Tramp$TT$L$PI$$LL_ENC_LoadKey
   1000b58d     0001ce80     000173ea   cc2640_ctrl_pxxx.a : ll_enc_patch.o (.text)
                             00017458                      : ll_enc_patch.o (.text)
LL_ENC_GenerateNonce      $Tramp$TT$L$PI$$LL_ENC_GenerateNonce
   1000b569     0001ce88     0001740c   cc2640_ctrl_pxxx.a : ll_enc_patch.o (.text)
                             0001747c                      : ll_enc_patch.o (.text)
LL_ENC_EncryptMsg         $Tramp$TT$L$PI$$LL_ENC_EncryptMsg
   1000b721     0001ce90     00017418   cc2640_ctrl_pxxx.a : ll_enc_patch.o (.text)
LL_ENC_DecryptMsg         $Tramp$TT$L$PI$$LL_ENC_DecryptMsg
   1000b851     0001ce98     0001748c   cc2640_ctrl_pxxx.a : ll_enc_patch.o (.text)
LL_ENC_GenerateTrueRandNum  $Tramp$TT$L$PI$$LL_ENC_GenerateTrueRandNum
   1000b51d     0001cea0     00017df2   cc2640_ctrl_pxxx.a : ll_patch.o (.text)
WL_Init                   $Tramp$TT$L$PI$$WL_Init
   1000d189     0001cea8     00017f84   cc2640_ctrl_pxxx.a : ll_patch.o (.text)
LL_ClearWhiteList         $Tramp$TT$L$PI$$LL_ClearWhiteList
   10005719     0001ceb0     00017f8c   cc2640_ctrl_pxxx.a : ll_patch.o (.text)
llReleaseAllConnId        $Tramp$TT$L$PI$$llReleaseAllConnId
   10008461     0001ceb8     00017ff0   cc2640_ctrl_pxxx.a : ll_patch.o (.text)
LL_ConnActive             $Tramp$TT$L$PI$$LL_ConnActive
   1000678d     0001cec0     000180ae   cc2640_ctrl_pxxx.a : ll_patch.o (.text)
                             000180fe                      : ll_patch.o (.text)
                             00018138                      : ll_patch.o (.text)
                             00018172                      : ll_patch.o (.text)
                             000182b8                      : ll_patch.o (.text)
                             00018a84                      : ll_patch.o (.text)
                             00018acc                      : ll_patch.o (.text)
                             00018b3c                      : ll_patch.o (.text)
HCI_DataBufferOverflowEvent  $Tramp$TT$L$PI$$HCI_DataBufferOverflowEvent
   10008a2d     0001cec8     000182d6   cc2640_ctrl_pxxx.a : ll_patch.o (.text)
LL_DirectTestEndDoneCback  $Tramp$TT$L$PI$$LL_DirectTestEndDoneCback
   10009471     0001ced0     000187fc   cc2640_ctrl_pxxx.a : ll_patch.o (.text)
llGetActiveTasks          $Tramp$TT$L$PI$$llGetActiveTasks
   1000aca9     0001ced8     00018970   cc2640_ctrl_pxxx.a : ll_patch.o (.text)
llSetupAdv                $Tramp$TT$L$PI$$llSetupAdv
   100073e5     0001cee0     0001899c   cc2640_ctrl_pxxx.a : ll_patch.o (.text)
llGetNumTasks             $Tramp$TT$L$PI$$llGetNumTasks
   1000ace1     0001cee8     000189ee   cc2640_ctrl_pxxx.a : ll_patch.o (.text)
llCheckForLstoDuringSL    $Tramp$TT$L$PI$$llCheckForLstoDuringSL
   1000c1b5     0001cef0     00018fca   cc2640_ctrl_pxxx.a : ll_slave_end_causes_patch.o (.text)
llEventInRange            $Tramp$TT$L$PI$$llEventInRange
   100086f1     0001cef8     00018fec   cc2640_ctrl_pxxx.a : ll_slave_end_causes_patch.o (.text)
                             0001900c                      : ll_slave_end_causes_patch.o (.text)
llSetupUnknownRsp         $Tramp$TT$L$PI$$llSetupUnknownRsp
   10008069     0001cf00     00019248   cc2640_ctrl_pxxx.a : ll_slave_end_causes_patch.o (.text)
LL_EncLtkReqCback         $Tramp$TT$L$PI$$LL_EncLtkReqCback
   1000925d     0001cf08     000192e0   cc2640_ctrl_pxxx.a : ll_slave_end_causes_patch.o (.text)
llSetupEncRsp             $Tramp$TT$L$PI$$llSetupEncRsp
   10007b95     0001cf10     000192e8   cc2640_ctrl_pxxx.a : ll_slave_end_causes_patch.o (.text)
llSetupStartEncReq        $Tramp$TT$L$PI$$llSetupStartEncReq
   10007c55     0001cf18     0001931e   cc2640_ctrl_pxxx.a : ll_slave_end_causes_patch.o (.text)
LL_ENC_AES128_Encrypt     $Tramp$TT$L$PI$$LL_ENC_AES128_Encrypt
   1000b5f5     0001cf20     00019344   cc2640_ctrl_pxxx.a : ll_slave_end_causes_patch.o (.text)
LL_EncKeyRefreshCback     $Tramp$TT$L$PI$$LL_EncKeyRefreshCback
   100093dd     0001cf28     00019378   cc2640_ctrl_pxxx.a : ll_slave_end_causes_patch.o (.text)
LL_EncChangeCback         $Tramp$TT$L$PI$$LL_EncChangeCback
   1000933d     0001cf30     00019382   cc2640_ctrl_pxxx.a : ll_slave_end_causes_patch.o (.text)
llSetupStartEncRsp        $Tramp$TT$L$PI$$llSetupStartEncRsp
   10007ca9     0001cf38     00019394   cc2640_ctrl_pxxx.a : ll_slave_end_causes_patch.o (.text)
llSetupPauseEncRsp        $Tramp$TT$L$PI$$llSetupPauseEncRsp
   10007d55     0001cf40     000193ae   cc2640_ctrl_pxxx.a : ll_slave_end_causes_patch.o (.text)
LL_ReadRemoteVersionInfoCback  $Tramp$TT$L$PI$$LL_ReadRemoteVersionInfoCback
   100091e1     0001cf48     00019426   cc2640_ctrl_pxxx.a : ll_slave_end_causes_patch.o (.text)
                             0001943a                      : ll_slave_end_causes_patch.o (.text)
llSetupVersionIndReq      $Tramp$TT$L$PI$$llSetupVersionIndReq
   10007f29     0001cf50     00019446   cc2640_ctrl_pxxx.a : ll_slave_end_causes_patch.o (.text)
llMoveTempTxDataEntries   $Tramp$TT$L$PI$$llMoveTempTxDataEntries
   1000afa1     0001cf58     000194a6   cc2640_ctrl_pxxx.a : ll_slave_end_causes_patch.o (.text)
RFHAL_NextDataEntryDone   $Tramp$TT$L$PI$$RFHAL_NextDataEntryDone
   100184d5     0001cf60     0001981c   cc2640_ctrl_pxxx.a : ll_isr.o (.text)
LL_PseudoRand             $Tramp$TT$L$PI$$LL_PseudoRand
   10005801     0001cf68     0001a0f6   onboard.obj (.text)
HCI_LE_ClearWhiteListCmd  $Tramp$TT$L$PI$$HCI_LE_ClearWhiteListCmd
   100099f9     0001cf70     0001acd4   gapbondmgr.obj (.text)
                             0001c70c   ble_dispatch.obj (.text)
HCI_LE_AddWhiteListCmd    $Tramp$TT$L$PI$$HCI_LE_AddWhiteListCmd
   10009a15     0001cf78     0001acee   gapbondmgr.obj (.text)
                             0001c708   ble_dispatch.obj (.text)
HCI_EXT_NumComplPktsLimitCmd  $Tramp$TT$L$PI$$HCI_EXT_NumComplPktsLimitCmd
   1000a1b5     0001cf80     0001c63a   ble_dispatch.obj (.text)
HCI_EXT_BuildRevisionCmd  $Tramp$TT$L$PI$$HCI_EXT_BuildRevisionCmd
   1000a109     0001cf88     0001c64e   ble_dispatch.obj (.text)
HCI_EXT_SetSlaveLatencyOverrideCmd  $Tramp$TT$L$PI$$HCI_EXT_SetSlaveLatencyOverrideCmd
   10009e6d     0001cf90     0001c654   ble_dispatch.obj (.text)
HCI_EXT_AdvEventNoticeCmd  $Tramp$TT$L$PI$$HCI_EXT_AdvEventNoticeCmd
   1000a0f1     0001cf98     0001c668   ble_dispatch.obj (.text)
HCI_EXT_PERbyChanCmd      $Tramp$TT$L$PI$$HCI_EXT_PERbyChanCmd
   1000a075     0001cfa0     0001c670   ble_dispatch.obj (.text)
HCI_EXT_PacketErrorRateCmd  $Tramp$TT$L$PI$$HCI_EXT_PacketErrorRateCmd
   1000a031     0001cfa8     0001c678   ble_dispatch.obj (.text)
HCI_EXT_DisconnectImmedCmd  $Tramp$TT$L$PI$$HCI_EXT_DisconnectImmedCmd
   1000a011     0001cfb0     0001c67e   ble_dispatch.obj (.text)
HCI_EXT_SetMaxDtmTxPowerCmd  $Tramp$TT$L$PI$$HCI_EXT_SetMaxDtmTxPowerCmd
   10009fd1     0001cfb8     0001c684   ble_dispatch.obj (.text)
HCI_EXT_EnablePTMCmd      $Tramp$TT$L$PI$$HCI_EXT_EnablePTMCmd
   10009f69     0001cfc0     0001c688   ble_dispatch.obj (.text)
HCI_EXT_SetSCACmd         $Tramp$TT$L$PI$$HCI_EXT_SetSCACmd
   10009f49     0001cfc8     0001c68e   ble_dispatch.obj (.text)
HCI_EXT_SetBDADDRCmd      $Tramp$TT$L$PI$$HCI_EXT_SetBDADDRCmd
   10009f0d     0001cfd0     0001c694   ble_dispatch.obj (.text)
HCI_EXT_EndModemTestCmd   $Tramp$TT$L$PI$$HCI_EXT_EndModemTestCmd
   10009eed     0001cfd8     0001c698   ble_dispatch.obj (.text)
HCI_EXT_ModemTestRxCmd    $Tramp$TT$L$PI$$HCI_EXT_ModemTestRxCmd
   10009ecd     0001cfe0     0001c69e   ble_dispatch.obj (.text)
HCI_EXT_ModemHopTestTxCmd  $Tramp$TT$L$PI$$HCI_EXT_ModemHopTestTxCmd
   10009ead     0001cfe8     0001c6a2   ble_dispatch.obj (.text)
HCI_EXT_ModemTestTxCmd    $Tramp$TT$L$PI$$HCI_EXT_ModemTestTxCmd
   10009e8d     0001cff0     0001c6aa   ble_dispatch.obj (.text)
HCI_EXT_SetFastTxResponseTimeCmd  $Tramp$TT$L$PI$$HCI_EXT_SetFastTxResponseTimeCmd
   10009e4d     0001cff8     0001c6b0   ble_dispatch.obj (.text)
HCI_EXT_SetLocalSupportedFeaturesCmd  $Tramp$TT$L$PI$$HCI_EXT_SetLocalSupportedFeaturesCmd
   10009e2d     0001d000     0001c6b6   ble_dispatch.obj (.text)
HCI_EXT_DecryptCmd        $Tramp$TT$L$PI$$HCI_EXT_DecryptCmd
   10009dd1     0001d008     0001c6be   ble_dispatch.obj (.text)
HCI_EXT_OnePktPerEvtCmd   $Tramp$TT$L$PI$$HCI_EXT_OnePktPerEvtCmd
   10009d45     0001d010     0001c6c4   ble_dispatch.obj (.text)
HCI_EXT_SetTxPowerCmd     $Tramp$TT$L$PI$$HCI_EXT_SetTxPowerCmd
   10009d09     0001d018     0001c6ca   ble_dispatch.obj (.text)
HCI_LE_TestEndCmd         $Tramp$TT$L$PI$$HCI_LE_TestEndCmd
   10009c8d     0001d020     0001c6ce   ble_dispatch.obj (.text)
HCI_LE_ReadSupportedStatesCmd  $Tramp$TT$L$PI$$HCI_LE_ReadSupportedStatesCmd
   10009c15     0001d028     0001c6e4   ble_dispatch.obj (.text)
HCI_LE_EncryptCmd         $Tramp$TT$L$PI$$HCI_LE_EncryptCmd
   10009af5     0001d030     0001c6ec   ble_dispatch.obj (.text)
HCI_LE_ReadChannelMapCmd  $Tramp$TT$L$PI$$HCI_LE_ReadChannelMapCmd
   10009aa1     0001d038     0001c6f8   ble_dispatch.obj (.text)
HCI_LE_RemoveWhiteListCmd  $Tramp$TT$L$PI$$HCI_LE_RemoveWhiteListCmd
   10009a31     0001d040     0001c700   ble_dispatch.obj (.text)
HCI_LE_ReadWhiteListSizeCmd  $Tramp$TT$L$PI$$HCI_LE_ReadWhiteListSizeCmd
   100099c9     0001d048     0001c710   ble_dispatch.obj (.text)
HCI_LE_ReadAdvChanTxPowerCmd  $Tramp$TT$L$PI$$HCI_LE_ReadAdvChanTxPowerCmd
   100098f5     0001d050     0001c714   ble_dispatch.obj (.text)
HCI_LE_ReadLocalSupportedFeaturesCmd  $Tramp$TT$L$PI$$HCI_LE_ReadLocalSupportedFeaturesCmd
   10009829     0001d058     0001c718   ble_dispatch.obj (.text)
HCI_ReadLocalSupportedFeaturesCmd  $Tramp$TT$L$PI$$HCI_ReadLocalSupportedFeaturesCmd
   1000973d     0001d060     0001c72c   ble_dispatch.obj (.text)
HCI_ReadTransmitPowerLevelCmd  $Tramp$TT$L$PI$$HCI_ReadTransmitPowerLevelCmd
   100095d1     0001d068     0001c742   ble_dispatch.obj (.text)
HCI_SetEventMaskCmd       $Tramp$TT$L$PI$$HCI_SetEventMaskCmd
   10009571     0001d070     0001c74c   ble_dispatch.obj (.text)
HCI_ReadRemoteVersionInfoCmd  $Tramp$TT$L$PI$$HCI_ReadRemoteVersionInfoCmd
   10009541     0001d078     0001c752   ble_dispatch.obj (.text)

[119 trampolines]
[202 trampoline calls]


GLOBAL SYMBOLS: SORTED ALPHABETICALLY BY Name 

address   name                                  
-------   ----                                  
10014c00  A1_rw                                 
10005000  A1_rw_1                               
10019ffe  A2_rw                                 
1000dffe  A2_rw_1                               
10019ffc  A3_rw                                 
1000dffc  A3_rw_1                               
20004f2c  A4_rw                                 
200048e8  A4_rw_1                               
20004f7c  ACCX                                  
20004f80  ACCY                                  
20004f84  ACCZ                                  
10015229  ATOMICPATTERN                         
0000f293  ATT_BuildErrorRsp                     
0000f2c3  ATT_BuildExchangeMTUReq               
0000f2cf  ATT_BuildExchangeMTURsp               
0000f5e3  ATT_BuildExecuteWriteReq              
0000f35b  ATT_BuildFindByTypeValueReq           
0000f3b7  ATT_BuildFindByTypeValueRsp           
0000f2f5  ATT_BuildFindInfoReq                  
0000f301  ATT_BuildFindInfoRsp                  
0000f607  ATT_BuildHandleValueInd               
0000f569  ATT_BuildPrepareWriteReq              
0000f593  ATT_BuildPrepareWriteRsp              
0000f4b7  ATT_BuildReadBlobReq                  
0000f4f5  ATT_BuildReadBlobRsp                  
0000f52d  ATT_BuildReadByGrpTypeRsp             
0000f3d1  ATT_BuildReadByTypeReq                
0000f43d  ATT_BuildReadByTypeRsp                
0000f507  ATT_BuildReadMultiReq                 
0000f527  ATT_BuildReadMultiRsp                 
0000f45f  ATT_BuildReadReq                      
0000f47b  ATT_BuildReadRsp                      
0000f4ab  ATT_BuildWriteReq                     
0000f6d5  ATT_CompareUUID                       
0000f725  ATT_ConvertUUIDto128                  
0000f74d  ATT_ConvertUUIDto16                   
0000f053  ATT_ErrorRsp                          
0000f065  ATT_ExchangeMTURsp                    
0000f197  ATT_ExecuteWriteRsp                   
0000f0ad  ATT_FindByTypeValueRsp                
0000f07d  ATT_FindInfoRsp                       
0000f7b5  ATT_GetMTU                            
0000f7d5  ATT_GetParamValue                     
0000f1b9  ATT_HandleValueInd                    
0000f1a3  ATT_HandleValueNoti                   
0000f2a5  ATT_ParseErrorRsp                     
0000f2c5  ATT_ParseExchangeMTUReq               
0000f2df  ATT_ParseExchangeMTURsp               
0000f5eb  ATT_ParseExecuteWriteReq              
0000f5fd  ATT_ParseExecuteWriteRsp              
0000f375  ATT_ParseFindByTypeValueReq           
0000f3bf  ATT_ParseFindByTypeValueRsp           
0000f2f7  ATT_ParseFindInfoReq                  
0000f319  ATT_ParseFindInfoRsp                  
0000f647  ATT_ParseHandleValueCfm               
0000f61b  ATT_ParseHandleValueInd               
0000f239  ATT_ParsePacket                       
0000f56b  ATT_ParsePrepareWriteReq              
0000f5b1  ATT_ParsePrepareWriteRsp              
0000f4d1  ATT_ParseReadBlobReq                  
0000f4f9  ATT_ParseReadBlobRsp                  
0000f53f  ATT_ParseReadByGrpTypeRsp             
0000f401  ATT_ParseReadByTypeReq                
0000f43f  ATT_ParseReadByTypeRsp                
0000f50f  ATT_ParseReadMultiReq                 
0000f52b  ATT_ParseReadMultiRsp                 
0000f461  ATT_ParseReadReq                      
0000f47f  ATT_ParseReadRsp                      
0000f481  ATT_ParseWriteReq                     
0000f4ad  ATT_ParseWriteRsp                     
0000f17d  ATT_PrepareWriteRsp                   
0000f115  ATT_ReadBlobRsp                       
0000f14f  ATT_ReadByGrpTypeRsp                  
0000f0cd  ATT_ReadByTypeRsp                     
0000f131  ATT_ReadMultiRsp                      
0000f0f9  ATT_ReadRsp                           
0000f04d  ATT_RegisterServer                    
0000f7d3  ATT_SetParamValue                     
0000f78b  ATT_UpdateMTU                         
0000f171  ATT_WriteRsp                          
10016c29  AddRoundKeySubBytes_Sw                
10018a19  AesCcm_authEncrypt_Sw                 
10018a35  AesCcm_decryptAuth_Sw                 
10018b09  AesCcm_getNumBlocks_Sw                
10018ac5  Aes_decrypt_Sw                        
10018a99  Aes_encrypt_Sw                        
20004f2c  COMMON_RAM_BASE_ADDR                  
10014c01  COMMON_ROM_BASE_ADDR                  
10015a6d  COPY                                  
0001c995  CommonROM_Init                        
10017959  ECC_allocWorkzone                     
10017dbd  ECC_keyGen                            
10017961  ECC_setWin                            
10017ded  ECDH_commonKey                        
10017969  ECDSA_sign                            
10017b01  ECDSA_verif                           
10015a11  EXPORTOPERAND                         
20004f78  EXPW                                  
20004f6c  EXPX                                  
20004f70  EXPY                                  
20004f74  EXPZ                                  
10016f58  FFMult2                               
10017058  FFMult3                               
10016d05  FFMult_Sw                             
10018d6c  Fill1                                 
1000d9ec  Fill1_1                               
0001b53d  GAPBondMgr_CheckNVLen                 
0001b57b  GAPBondMgr_GetParameter               
0001b803  GAPBondMgr_Init                       
0001b42b  GAPBondMgr_LinkEst                    
0001b0c5  GAPBondMgr_LinkTerm                   
0001b4fb  GAPBondMgr_PasscodeRsp                
0001b2ed  GAPBondMgr_ProcessEvent               
0001b119  GAPBondMgr_ProcessGAPMsg              
0001b527  GAPBondMgr_Register                   
0001aa75  GAPBondMgr_ResolveAddr                
0001b649  GAPBondMgr_SetParameter               
0001abbf  GAPBondMgr_UpdateCharCfg              
0000fd0b  GAP_Authenticate                      
0000fe41  GAP_Bond                              
0000f87d  GAP_ConfigDeviceAddr                  
0001c871  GAP_DeviceInit                        
000105ef  GAP_EndDiscoverable                   
00010699  GAP_GetAdvToken                       
0000f877  GAP_GetIRK                            
0000f803  GAP_GetParamValue                     
00010c7f  GAP_Init                              
000104e9  GAP_MakeDiscoverable                  
00010d5b  GAP_NumActiveConnections              
0000f813  GAP_ParamsInit                        
0000fdf5  GAP_PasscodeUpdate                    
0000fdc3  GAP_PasskeyUpdate                     
00010ba3  GAP_PeriConnRegister                  
000106dd  GAP_PeriDevMgrInit                    
0000f855  GAP_PrivacyInit                       
00010c95  GAP_ProcessEvent                      
00010eeb  GAP_RegisterBondMgrCBs                
00010c79  GAP_RegisterForMsgs                   
000106b5  GAP_RemoveAdvToken                    
0000fb29  GAP_ResolvePrivateAddr                
0000f83b  GAP_SecParamsInit                     
00010b69  GAP_SendSlaveSecurityRequest          
0001063b  GAP_SetAdvToken                       
0000f7e9  GAP_SetParamValue                     
0000fcc3  GAP_Signable                          
0000fda5  GAP_TerminateAuth                     
0000fbd9  GAP_TerminateLinkReq                  
000106c9  GAP_UpdateAdvTokens                   
00010581  GAP_UpdateAdvertisingData             
0000fc53  GAP_UpdateLinkParamReq                
00012313  GATTServApp_AddService                
00012329  GATTServApp_DelService                
000121bd  GATTServApp_DeregisterService         
00013003  GATTServApp_GetParamValue             
0001225d  GATTServApp_GetParameter              
000120dd  GATTServApp_Init                      
0001ccb7  GATTServApp_InitCharCfg               
0001212b  GATTServApp_ProcessEvent              
00012d81  GATTServApp_ReadAttr                  
0001cca7  GATTServApp_ReadCharCfg               
000120d5  GATTServApp_RegisterForMsg            
00012169  GATTServApp_RegisterService           
00013079  GATTServApp_SendCCCUpdatedEvent       
00013001  GATTServApp_SetParamValue             
000121ff  GATTServApp_SetParameter              
200043ac  GATTServApp_TaskID                    
00013007  GATTServApp_UpdateCharCfg             
00012f79  GATTServApp_WriteAttr                 
00011cb7  GATT_AppCompletedMsg                  
0001133b  GATT_DeregisterService                
000114d7  GATT_FindHandle                       
0001147b  GATT_FindHandleUUID                   
0001151f  GATT_FindNextAttr                     
00011f95  GATT_FindUUIDRec                      
00011c11  GATT_GetNextHandle                    
00011673  GATT_Indication                       
00011cdf  GATT_Init                             
0001123d  GATT_InitServer                       
000116e1  GATT_Notification                     
00011e49  GATT_NotifyEvent                      
00011cfd  GATT_ProcessEvent                     
00011ca5  GATT_RegisterForMsgs                  
0001137b  GATT_RegisterForReq                   
000112a3  GATT_RegisterService                  
000115bf  GATT_SendRsp                          
00011409  GATT_ServiceChangedInd                
000115af  GATT_ServiceEncKeySize                
000115a3  GATT_ServiceNumAttrs                  
00011cab  GATT_SetHostToAppFlowCtrl             
00011c0f  GATT_SetNextHandle                    
00011e5d  GATT_UpdateMTU                        
00011383  GATT_VerifyReadPermissions            
000113b7  GATT_VerifyWritePermissions           
00011f09  GATT_bm_alloc                         
00011f81  GATT_bm_free                          
10015141  GETBIT                                
10015155  GETDIGIT                              
100151a5  GETDIGITL2R                           
00010fcd  GGS_AddService                        
00010fe5  GGS_DelService                        
00010fc9  GGS_GetParamValue                     
00010f91  GGS_GetParameter                      
00010ff9  GGS_RegisterAppCBs                    
00010fc7  GGS_SetParamValue                     
00010f11  GGS_SetParameter                      
10008add  HCI_CommandCompleteEvent              
10008ba1  HCI_CommandStatusEvent                
10008a2d  HCI_DataBufferOverflowEvent           
10009525  HCI_DisconnectCmd                     
1000a0f1  HCI_EXT_AdvEventNoticeCmd             
1000a109  HCI_EXT_BuildRevisionCmd              
10009d79  HCI_EXT_ClkDivOnHaltCmd               
0001634f  HCI_EXT_ConnEventNoticeCmd            
10009dad  HCI_EXT_DeclareNvUsageCmd             
10009dd1  HCI_EXT_DecryptCmd                    
0001632b  HCI_EXT_DelaySleepCmd                 
1000a011  HCI_EXT_DisconnectImmedCmd            
10009f69  HCI_EXT_EnablePTMCmd                  
10009eed  HCI_EXT_EndModemTestCmd               
1000a095  HCI_EXT_ExtendRfRangeCmd              
000161bf  HCI_EXT_GetConnInfoCmd                
1000a0d1  HCI_EXT_HaltDuringRfCmd               
10009ff1  HCI_EXT_MapPmIoPortCmd                
10009ead  HCI_EXT_ModemHopTestTxCmd             
10009ecd  HCI_EXT_ModemTestRxCmd                
10009e8d  HCI_EXT_ModemTestTxCmd                
1000a1b5  HCI_EXT_NumComplPktsLimitCmd          
10009d45  HCI_EXT_OnePktPerEvtCmd               
1000a195  HCI_EXT_OverlappedProcessingCmd       
1000a075  HCI_EXT_PERbyChanCmd                  
1000a031  HCI_EXT_PacketErrorRateCmd            
00016305  HCI_EXT_ResetSystemCmd                
10009fb1  HCI_EXT_SaveFreqTuneCmd               
10009f0d  HCI_EXT_SetBDADDRCmd                  
10009e4d  HCI_EXT_SetFastTxResponseTimeCmd      
10009f81  HCI_EXT_SetFreqTuneCmd                
10009e2d  HCI_EXT_SetLocalSupportedFeaturesCmd  
10009fd1  HCI_EXT_SetMaxDtmTxPowerCmd           
10009cd5  HCI_EXT_SetRxGainCmd                  
10009f49  HCI_EXT_SetSCACmd                     
10009e6d  HCI_EXT_SetSlaveLatencyOverrideCmd    
10009d09  HCI_EXT_SetTxPowerCmd                 
00019927  HCI_ExtTaskRegister                   
00019915  HCI_GAPTaskRegister                   
10008bf5  HCI_HardwareErrorEvent                
10009631  HCI_HostBufferSizeCmd                 
1000965d  HCI_HostNumCompletedPktCmd            
000198a1  HCI_Init                              
0001991b  HCI_L2CAPTaskRegister                 
10009a15  HCI_LE_AddWhiteListCmd                
100099f9  HCI_LE_ClearWhiteListCmd              
000162f5  HCI_LE_ConnUpdateCmd                  
1000999d  HCI_LE_CreateConnCancelCmd            
1000995d  HCI_LE_CreateConnCmd                  
10009af5  HCI_LE_EncryptCmd                     
10009be1  HCI_LE_LtkReqNegReplyCmd              
10009bc5  HCI_LE_LtkReqReplyCmd                 
10009b51  HCI_LE_RandCmd                        
100098f5  HCI_LE_ReadAdvChanTxPowerCmd          
0001624d  HCI_LE_ReadBufSizeCmd                 
10009aa1  HCI_LE_ReadChannelMapCmd              
10009829  HCI_LE_ReadLocalSupportedFeaturesCmd  
0001627f  HCI_LE_ReadRemoteUsedFeaturesCmd      
10009c15  HCI_LE_ReadSupportedStatesCmd         
100099c9  HCI_LE_ReadWhiteListSizeCmd           
000162bb  HCI_LE_ReceiverTestCmd                
0001627b  HCI_LE_RemoteConnParamReqReplyCmd     
10009a31  HCI_LE_RemoveWhiteListCmd             
100098a1  HCI_LE_SetAdvDataCmd                  
100098d9  HCI_LE_SetAdvEnableCmd                
1000986d  HCI_LE_SetAdvParamCmd                 
00016353  HCI_LE_SetEventMaskCmd                
10009a85  HCI_LE_SetHostChanClassificationCmd   
10009849  HCI_LE_SetRandomAddressCmd            
10009941  HCI_LE_SetScanEnableCmd               
10009915  HCI_LE_SetScanParamCmd                
100098bd  HCI_LE_SetScanRspDataCmd              
10009ba9  HCI_LE_StartEncyptCmd                 
10009c8d  HCI_LE_TestEndCmd                     
000162a9  HCI_LE_TransmitterTestCmd             
00015d63  HCI_NumOfCompletedPacketsEvent        
000198d3  HCI_ProcessEvent                      
10009765  HCI_ReadBDADDRCmd                     
000161ab  HCI_ReadLocalSupportedCommandsCmd     
1000973d  HCI_ReadLocalSupportedFeaturesCmd     
00016389  HCI_ReadLocalVersionInfoCmd           
10009541  HCI_ReadRemoteVersionInfoCmd          
000163e1  HCI_ReadRssiCmd                       
100095d1  HCI_ReadTransmitPowerLevelCmd         
00016189  HCI_ResetCmd                          
1000d7cd  HCI_ReverseBytes                      
00019921  HCI_SMPTaskRegister                   
10008c81  HCI_SendCommandCompleteEvent          
10008c59  HCI_SendCommandStatusEvent            
10008d31  HCI_SendControllerToHostEvent         
100094e9  HCI_SendDataPkt                       
100095f5  HCI_SetControllerToHostFlowCtrlCmd    
10009571  HCI_SetEventMaskCmd                   
000162cd  HCI_SetEventMaskPage2Cmd              
0001990f  HCI_TestAppTaskRegister               
0001614d  HCI_ValidConnTimeParams               
000160d1  HCI_VendorSpecifcCommandCompleteEvent 
100094a1  HCI_bm_alloc                          
0001b841  HalFlashGetAddress                    
0001b85b  HalFlashRead                          
0001b887  HalFlashWrite                         
00019f7d  HalTRNG_GetTRNG                       
00019f61  HalTRNG_InitTRNG                      
20004498  ICall_dispatcher                      
2000449c  ICall_enterCriticalSection            
200044a0  ICall_leaveCriticalSection            
10015a35  IMPORTDATA                            
100159a9  IMPORTLENGTH                          
100159ad  IMPORTMODULUS                         
100159d1  IMPORTOPERAND                         
1001568d  INVERT                                
10016da1  InvAddRoundKey_Sw                     
10016ed5  InvMixColumns_Sw                      
10016dc9  InvRoundKey_Sw                        
10017264  InvSbox                               
10016ea1  InvShiftRows_Sw                       
10016e8d  InvSubBytes_Sw                        
100154f5  JACADD                                
00013767  L2CAP_BuildCmdReject                  
0001387f  L2CAP_BuildInfoRsp                    
0001384b  L2CAP_BuildParamUpdateRsp             
00013149  L2CAP_CmdReject                       
0001316f  L2CAP_ConnParamUpdateReq              
000131a5  L2CAP_ConnParamUpdateRsp              
00013213  L2CAP_GetMTU                          
00013b6d  L2CAP_GetParamValue                   
000131f1  L2CAP_HostNumCompletedPkts            
00013157  L2CAP_InfoReq                         
0001323d  L2CAP_Init                            
00013867  L2CAP_ParseInfoReq                    
00013811  L2CAP_ParseParamUpdateReq             
0001329f  L2CAP_ProcessEvent                    
000130bd  L2CAP_RegisterApp                     
000133ab  L2CAP_RegisterFlowCtrlTask            
000130e7  L2CAP_SendData                        
00013207  L2CAP_SetBufSize                      
000131b7  L2CAP_SetControllerToHostFlowCtrl     
00013b6b  L2CAP_SetParamValue                   
00013239  L2CAP_SetUserConfig                   
00013b51  L2CAP_bm_alloc                        
20004fe8  LEN                                   
10005739  LL_AddWhiteListDevice                 
10008d81  LL_AdvReportCback                     
00015e43  LL_AuthPayloadTimeoutExpiredCback     
10005719  LL_ClearWhiteList                     
1000678d  LL_ConnActive                         
00015c65  LL_ConnParamUpdateCback               
10008ead  LL_ConnectionCompleteCback            
100058d5  LL_CtrlToHostFlowControl              
00018795  LL_DirectTestEnd                      
10009471  LL_DirectTestEndDoneCback             
00018695  LL_DirectTestRxTest                   
00018519  LL_DirectTestTxTest                   
10005a39  LL_Disconnect                         
10009005  LL_DisconnectCback                    
00019521  LL_DoorbellErrorCback                 
1000b639  LL_ENC_AES128_Decrypt                 
1000b5f5  LL_ENC_AES128_Encrypt                 
0001743b  LL_ENC_Decrypt                        
1000b851  LL_ENC_DecryptMsg                     
000173cd  LL_ENC_Encrypt                        
1000b721  LL_ENC_EncryptMsg                     
1000b555  LL_ENC_GenDeviceIV                    
1000b541  LL_ENC_GenDeviceSKD                   
1000b569  LL_ENC_GenerateNonce                  
1000b50d  LL_ENC_GeneratePseudoRandNum          
1000b51d  LL_ENC_GenerateTrueRandNum            
1000b4c9  LL_ENC_Init                           
1000b58d  LL_ENC_LoadKey                        
1000b4ed  LL_ENC_ReverseBytes                   
10007025  LL_EXT_AdvEventNotice                 
00018b09  LL_EXT_BuildRevision                  
10006b7d  LL_EXT_ClkDivOnHalt                   
00018ac5  LL_EXT_ConnEventNotice                
10006b81  LL_EXT_DeclareNvUsage                 
10006b85  LL_EXT_Decrypt                        
100070a1  LL_EXT_DelaySleep                     
00018b39  LL_EXT_DisconnectImmed                
000184f3  LL_EXT_EndModemTest                   
1000701d  LL_EXT_ExtendRfRange                  
1000a2ad  LL_EXT_ExtendRfRangeCback             
00018047  LL_EXT_GetConnInfo                    
10007021  LL_EXT_HaltDuringRf                   
10006f49  LL_EXT_MapPmIoPort                    
00018339  LL_EXT_ModemHopTestTx                 
0001845d  LL_EXT_ModemTestRx                    
000183d9  LL_EXT_ModemTestTx                    
00018ae3  LL_EXT_NumComplPktsLimit              
10006b59  LL_EXT_OnePacketPerEvent              
10007109  LL_EXT_OverlappedProcessing           
10006fed  LL_EXT_PERbyChan                      
10006f99  LL_EXT_PacketErrorRate                
1000a259  LL_EXT_PacketErrorRateCback           
100070d5  LL_EXT_ResetSystem                    
10006efd  LL_EXT_SaveFreqTune                   
10006e01  LL_EXT_SetBDADDR                      
10006bc5  LL_EXT_SetFastTxResponseTime          
10006ef9  LL_EXT_SetFreqTune                    
000181bd  LL_EXT_SetLocalSupportedFeatures      
00018231  LL_EXT_SetMaxDtmTxPower               
10006ad9  LL_EXT_SetRxGain                      
1000a201  LL_EXT_SetRxGainCback                 
10006e85  LL_EXT_SetSCA                         
10006bdd  LL_EXT_SetSlaveLatencyOverride        
[...]
1000a031  HCI_EXT_PacketErrorRateCmd            
1000a075  HCI_EXT_PERbyChanCmd                  
1000a095  HCI_EXT_ExtendRfRangeCmd              
1000a0d1  HCI_EXT_HaltDuringRfCmd               
1000a0f1  HCI_EXT_AdvEventNoticeCmd             
1000a109  HCI_EXT_BuildRevisionCmd              
1000a195  HCI_EXT_OverlappedProcessingCmd       
1000a1b5  HCI_EXT_NumComplPktsLimitCmd          
1000a1d5  LL_RandCback                          
1000a201  LL_EXT_SetRxGainCback                 
1000a211  LL_EXT_SetTxPowerCback                
1000a259  LL_EXT_PacketErrorRateCback           
1000a2ad  LL_EXT_ExtendRfRangeCback             
1000a335  llScheduler                           
1000a895  llFindStartType                       
1000a939  llFindNextSecTask                     
1000abed  llFreeTask                            
1000ac3d  llGetCurrentTask                      
1000aca9  llGetActiveTasks                      
1000ace1  llGetNumTasks                         
1000adb1  llPatchCM0                            
1000ae41  llRatChanCBack_B                      
1000ae45  llRatChanCBack_C                      
1000ae49  llRatChanCBack_D                      
1000ae4d  llSetupScanDataEntryQueue             
1000ae95  llSetupInitDataEntryQueue             
1000aeb1  llSetupAdvDataEntryQueue              
1000afa1  llMoveTempTxDataEntries               
1000b009  llGetNumTxDataEntries                 
1000b4c9  LL_ENC_Init                           
1000b4ed  LL_ENC_ReverseBytes                   
1000b50d  LL_ENC_GeneratePseudoRandNum          
1000b51d  LL_ENC_GenerateTrueRandNum            
1000b541  LL_ENC_GenDeviceSKD                   
1000b555  LL_ENC_GenDeviceIV                    
1000b569  LL_ENC_GenerateNonce                  
1000b58d  LL_ENC_LoadKey                        
1000b5f5  LL_ENC_AES128_Encrypt                 
1000b639  LL_ENC_AES128_Decrypt                 
1000b721  LL_ENC_EncryptMsg                     
1000b851  LL_ENC_DecryptMsg                     
1000c1b5  llCheckForLstoDuringSL                
1000cd51  llAdv_TaskAbort                       
1000d189  WL_Init                               
1000d1ad  WL_Clear                              
1000d1f5  WL_ClearEntry                         
1000d229  WL_GetSize                            
1000d23d  WL_GetNumFreeEntries                  
1000d26d  WL_FindEntry                          
1000d2d9  WL_AddEntry                           
1000d36d  WL_RemoveEntry                        
1000d3dd  WL_SetWlIgnore                        
1000d425  WL_ClearIgnoreList                    
1000d4ad  llGetAdvChanPDU                       
1000d695  llGenerateValidAccessAddr             
1000d6b1  llGtSixConsecZerosOrOnes              
1000d6e5  llEqSynchWord                         
1000d6f5  llOneBitSynchWordDiffer               
1000d709  llEqualBytes                          
1000d731  llGtTwentyFourTransitions             
1000d761  llLtTwoChangesInLastSixBits           
1000d795  llEqAlreadyValidAddr                  
1000d7cd  HCI_ReverseBytes                      
1000d8c9  llTimeCompare                         
1000d8f5  llTimeDelta                           
1000d94d  llCalcScaFactor                       
1000d964  SCA                                   
1000d9b0  advChan                               
1000d9b4  advEvt2Cmd                            
1000d9c0  advEvt2State                          
1000d9e1  llTaskError                           
1000d9ec  Fill1_1                               
1000dffc  A3_rw_1                               
1000dffc  romRev                                
1000dffd  __checksum_end                        
1000dffe  A2_rw_1                               
1000dffe  P1_ro_2_1                             
1000dffe  __checksum                            
10014c00  A1_rw                                 
10014c00  __checksum_begin_CommonROM            
10014c01  COMMON_ROM_BASE_ADDR                  
10014c04  P1_ro                                 
10014c05  SCALARMUL_init                        
10014ced  SCALARMUL_core                        
10015019  SCALARMUL_final                       
100150e5  SCALARMUL                             
10015101  SAVEPOINT                             
10015141  GETBIT                                
10015155  GETDIGIT                              
100151a5  GETDIGITL2R                           
10015215  SelectReg                             
10015229  ATOMICPATTERN                         
100154f5  JACADD                                
1001568d  INVERT                                
10015821  SQUAREMULTIPLYWORD                    
1001588c  LUTOPCODE                             
10015894  LUTOPSIGN                             
100158ac  LUTC                                  
100158c4  LUTSE                                 
100158dc  LUTINCI                               
100158f4  LUTJ                                  
1001596c  LUTSTATE                              
100159a9  IMPORTLENGTH                          
100159ad  IMPORTMODULUS                         
100159d1  IMPORTOPERAND                         
10015a11  EXPORTOPERAND                         
10015a35  IMPORTDATA                            
10015a51  SETOPERAND                            
10015a6d  COPY                                  
10015a85  ZERO                                  
10015a91  SETWORD                               
10015a9d  mSET                                  
10015bcd  zSET                                  
10015bd5  mINVK                                 
10015d19  zADD                                  
10015d5d  zSUB                                  
10015de9  zMACC32                               
10015e69  zSUB32                                
10015eb5  zADD32                                
10015f0d  zMULT32                               
10015f81  mMULT                                 
10016551  mADD                                  
1001664d  mSUB                                  
10016749  mOUT                                  
10016975  ssp_KeyInit_Sw                        
10016979  sspAesEncrypt_Sw                      
10016985  sspKeyExpansion_Sw                    
10016a99  sspAesEncryptKeyExp_Sw                
10016af5  sspAesEncryptBasic_Sw                 
10016b79  RoundKey_Sw                           
10016c29  AddRoundKeySubBytes_Sw                
10016c45  ShiftRows_Sw                          
10016c79  MixColumns_Sw                         
10016d05  FFMult_Sw                             
10016d29  sspAesDecrypt_Sw                      
10016da1  InvAddRoundKey_Sw                     
10016dc9  InvRoundKey_Sw                        
10016e8d  InvSubBytes_Sw                        
10016ea1  InvShiftRows_Sw                       
10016ed5  InvMixColumns_Sw                      
10016f58  FFMult2                               
10017058  FFMult3                               
10017158  RCon                                  
10017164  Sbox                                  
10017264  InvSbox                               
10017365  SSP_CCM_Auth_Sw                       
100174fd  SSP_CCM_Encrypt_Sw                    
100175ed  SSP_CTR_Encrypt_Sw                    
1001767d  SSP_CCM_Decrypt_Sw                    
10017771  SSP_CTR_Decrypt_Sw                    
10017839  SSP_CCM_InvAuth_Sw                    
10017895  SSP_CCM_Auth_Encrypt_Sw               
100178f5  SSP_CCM_InvAuth_Decrypt_Sw            
10017959  ECC_allocWorkzone                     
10017961  ECC_setWin                            
10017969  ECDSA_sign                            
10017b01  ECDSA_verif                           
10017dbd  ECC_keyGen                            
10017ded  ECDH_commonKey                        
10017e39  SHA256_updateW                        
10017e75  SHA256_round                          
10017ef1  SHA256_nextState                      
10017f49  SHA256_saveBuffer                     
10017ffd  SHA256_init                           
10018019  SHA256_process                        
10018089  SHA256_final                          
10018129  SHA256_full                           
10018315  RFHAL_AllocRatChan                    
1001833d  RFHAL_FreeRatChan                     
10018369  RFHAL_MapRatChansToInt                
10018391  RFHAL_RegisterRatChanCallback         
100183b9  RFHAL_InitDataQueue                   
100183c5  RFHAL_QueueRFDataEntries              
10018485  RFHAL_FreeNextTxDataEntry             
100184a9  RFHAL_AllocDataEntryQueue             
100184c5  RFHAL_FreeDataEntryQueue              
100184cd  RFHAL_GetNextDataEntry                
100184d1  RFHAL_GetTempDataEntry                
100184d5  RFHAL_NextDataEntryDone               
100184f9  RFHAL_AllocDataEntry                  
10018549  RFHAL_FreeDataEntry                   
10018551  RFHAL_BuildRingBuffer                 
100185e1  RFHAL_BuildDataEntryRingBuffer        
10018669  RFHAL_BuildLinkedBuffer               
10018a19  AesCcm_authEncrypt_Sw                 
10018a35  AesCcm_decryptAuth_Sw                 
10018a99  Aes_encrypt_Sw                        
10018ac5  Aes_decrypt_Sw                        
10018b09  AesCcm_getNumBlocks_Sw                
10018b0c  NIST256_p                             
10018b30  NIST256_r                             
10018b54  NIST256_a                             
10018b78  NIST256_b                             
10018b9c  NIST256_Gx                            
10018bc0  NIST256_Gy                            
10018ced  __exit                                
10018d6c  Fill1                                 
10019ffc  A3_rw                                 
10019ffd  __checksum_end_CommonROM              
10019ffe  A2_rw                                 
10019ffe  P1_ro_2                               
10019ffe  __checksum_CommonROM                  
2000436c  pGapDiscReq                           
20004370  pGapAdvertState                       
20004374  gapState                              
20004378  pfnPeripheralConnCBs                  
2000437c  pfnBondMgrCBs                         
20004384  serverInfoTbl                         
20004388  gattNumConns                          
20004389  gattTaskID                            
2000438b  smTaskID                              
200043ac  GATTServApp_TaskID                    
200043bc  l2capFixedChannels                    
200043ec  linkDBNumConns                        
20004424  pPairingParams                        
20004428  pfnResponderCBs                       
20004430  pBleEvtMask                           
20004438  pHciEvtMask2                          
20004440  rfEvent                               
2000444a  hciTaskID                             
2000444b  hciTestTaskID                         
2000444c  hciGapTaskID                          
2000444d  hciL2capTaskID                        
2000444e  hciSmpTaskID                          
2000444f  hciExtTaskID                          
20004454  bleDispatch_TaskID                    
20004455  rspBuf                                
20004490  timerHead                             
20004498  ICall_dispatcher                      
2000449c  ICall_enterCriticalSection            
200044a0  ICall_leaveCriticalSection            
200044a4  tasksEvents                           
200044c4  gapAppTaskID                          
200044c5  gapProfileRole                        
200044c6  gapDeviceAddrMode                     
200044c7  gapAutoAdvPrivateAddrChange           
200044c8  gapPrivateAddrChangeTimeout           
20004528  slaveUpdateReq                        
20004530  slaveConnHandle                       
20004534  pEstLink                              
20004538  pAuthLink                             
2000453c  pfnCentralConnCBs                     
20004560  gapTaskID                             
20004561  gapUnwantedTaskID                     
20004564  pfnPeripheralCBs                      
2000456f  reqTaskId                             
2000460c  gattAppTaskID                         
2000460d  appTaskID                             
2000460e  l2capMtuSize                          
20004620  l2capTaskID                           
20004621  l2capNumChannels                      
20004622  l2capNumDataPkts                      
20004624  l2capChannels                         
20004644  llUserConfig                          
20004660  maxPduSize                            
20004661  rfFeModeBias                          
20004662  maxNumTxDataBufs                      
20004664  advInfoExt                            
20004668  rfCmdHandle                           
2000466c  rfHandle                              
20004670  rfDrvTblPtr                           
20004674  llConnectionExt                       
20004678  SysBootMsg                            
2000467c  sclkSrc                               
20004680  rfMode                                
20004690  rfParams                              
2000469c  rfSetup                               
200046b8  rfObject                              
20004748  assertSubcause                        
20004749  legacyMode                            
2000474c  halAssertCback                        
20004751  osal_entity                           
20004758  osal_qHead                            
2000475c  osal_eventloop_hook                   
20004760  osal_semaphore                        
20004764  osal_last_timestamp                   
20004768  osal_tickperiod                       
2000476c  osal_max_msecs                        
2000477c  baseTaskID                            
20004780  cbTimers                              
200047fc  OSAL_timeSeconds                      
20004800  pwrmgr_initialized                    
20004802  pwrmgr_attribute                      
20004815  gapBond_removeLRUBond                 
2000483e  gapBond_lruBondList                   
200048e8  A4_rw_1                               
200048e8  RAM_BASE_ADDR                         
200048fc  P2_zi_1                               
200048fc  scanDataEntry                         
200049dc  scanDataQueue                         
200049ec  advInfo                               
20004a8c  wlTable                               
20004b10  wlTableScan                           
20004b94  initDataEntry                         
20004bcc  initDataQueue                         
20004bdc  advDataEntry                          
20004c14  advDataQueue                          
20004c24  advCmd                                
20004c6c  ownPublicAddr                         
20004c74  ownRandomAddr                         
20004c7c  ownSavedPublicAddr                    
20004c84  LL_TaskID                             
20004c85  maxTxPwrForDTM                        
20004c86  onePktPerEvt                          
20004c87  numComplPktsLimit                     
20004c88  numComplPktsFlush                     
20004c89  slOverride                            
20004c8a  rxFifoFlowCtrl                        
20004c8b  numTxDataBufs                         
20004c8c  verInfo                               
20004c94  rfCfgAdiVal                           
20004c96  sleepDelay                            
20004c98  buildInfo                             
20004c9c  peerInfo                              
20004ca8  chanMapUpdate                         
20004cb0  llConns                               
20004cb8  llState                               
20004cb9  curTxPowerVal                         
20004cba  numComplPkts                          
20004cbb  fastTxRespTime                        
20004cbc  maxNumConns                           
20004cbe  postRfOperations                      
20004cc0  rssiCorrection                        
20004cc4  taskEndAction                         
20004cf0  initParam                             
20004d14  scanParam                             
20004d38  slvParam                              
20004d58  advParam                              
20004d78  txModemTestCmd                        
20004d94  scanInfo                              
20004db0  initCmd                               
20004dc8  connReqData                           
20004de0  slvCmd                                
20004df8  scanCmd                               
20004e10  scanOutput                            
20004e28  trxTestCmd                            
20004e40  rxModemTestCmd                        
20004e58  initInfo                              
20004e70  connOutput                            
20004e84  rxTestParam                           
20004e98  advOutput                             
20004ea8  txTestParam                           
20004eb8  initOutput                            
20004ec4  rxTestOut                             
20004ed0  deviceFeatureSet                      
20004edc  dtmInfo                               
20004ee8  cachedTRNGdata                        
20004ef4  llTaskList                            
20004f00  pHciEvtMask                           
20004f08  bleEvtMask                            
20004f0a  taskEndStatus                         
20004f0c  rxDataQ                               
20004f10  rxRingBuf                             
20004f14  mstCmd                                
20004f18  mstParam                              
20004f1c  txDataQ                               
20004f20  txTestOut                             
20004f24  ctrlToHostEnable                      
20004f26  numHostBufs                           
20004f28  hciPTMenabled                         
20004f2c  A4_rw                                 
20004f2c  COMMON_RAM_BASE_ADDR                  
20004f40  P2_rw                                 
20004f40  P2_s0                                 
20004f40  win                                   
20004f44  workzone                              
20004f48  data_p                                
20004f4c  data_r                                
20004f50  data_a                                
20004f54  inScalar                              
20004f58  inPointX                              
20004f5c  inPointY                              
20004f60  outPointX                             
20004f64  outPointY                             
20004f68  SCAL                                  
20004f6c  EXPX                                  
20004f70  EXPY                                  
20004f74  EXPZ                                  
20004f78  EXPW                                  
20004f7c  ACCX                                  
20004f80  ACCY                                  
20004f84  ACCZ                                  
20004f88  TMP1                                  
20004f8c  TMP2                                  
20004f90  TMP3                                  
20004f94  TMP4                                  
20004f98  TMP5                                  
20004f9c  TMP6                                  
20004fa0  data_Gx                               
20004fa4  data_Gy                               
20004fa8  data_b                                
20004fac  P2_zi                                 
20004fac  ratChanInfo                           
20004fcc  fwInfoCmd                             
20004fd8  MSBMOD                                
20004fdc  aux64                                 
20004fe4  MOD                                   
20004fe8  LEN                                   
20004ffc  pSspAesEncrypt_Sw                     
ffffffff  __TI_pprof_out_hndl                   
ffffffff  __TI_prof_data_size                   
ffffffff  __TI_prof_data_start                  
ffffffff  __binit__                             
ffffffff  __c_args__                            
ffffffff  binit                                 
UNDEFED   SHT$$INIT_ARRAY$$Base                 
UNDEFED   SHT$$INIT_ARRAY$$Limit                

[1181 symbols]
